assembler /home/fsanches/compartilhado/toolchain-snapshot/llvm-mc.snap
  sha256 850b013e0e8f14d9a90b95ff1995a858ad8575b8c35a8749970b47ffc613f1a1
changed .s files: 220
changed lines: 11840   files not line-for-line: 0
trailing comments on changed lines: 1475 before, 1475 after, 0 text mismatches

old mnemonic verified
resda           867
cpda8           804
stl_da          792
setda           703
cpda16          666
incdi8          494
cpib_da         468
jp_24           463
cpw_da          442
incdi16         379
call_24         357
addda32_24      295
andda16         295
subda16         284
orda8           276
cpdm8           266
andda8          257
ordi16          255
cpda16_24       243
orddm8          233
incdi16_24      192
cpda8_24        171
addda16         167
bitda_24        154
addda32         147
decdi8          132
cpdm16          119
anddm8          100
adddm16          93
orddm16          92
setda_24         90
anddm16          85
subda8           82
decdi16          75
adddm32          70
incdi8_24        68
addda8           66
addda16_24       61
anddi8_24        61
cpdm16_24        52
adddi16          47
ordm16_24        46
subda16_24       42
decdi16_24       40
addl_da          40
adddm8           39
ordi8_24         39
anddi16          37
ordm8_24         35
andda8_24        34
xorda8           31
anddi16_24       30
cpdm8_24         29
resda_24         28
subda32          26
ordi16_24        24
cpda32           23
cpda32_24        21
subdm32_24       21
subdm8           21
adddm16_24       20
pushdi_24        20
cpdm32           20
anddm16_24       20
cpdm32_24        17
anddm8_24        15
subdm16          15
decdi8_24        14
andda16_24       11
subdi16          10
xordm8           10
adddi8            9
subdi16_24        8
adddi16_24        8
anddm32_24        8
andda32_24        7
addda8_24         6
xordm16_24        6
ordm32_24         6
orda32_24         5
subdm32           5
xorda8_24         5
orda16            4
orda8_24          4
sub32_24          3
subdm8_24         3
subda8_24         3
subdi8            3
xordi8            2
xorda16_24        2
xordi8_24         1
subdm16_24        1
TOTAL         11840

PASS: every changed line encodes identically under this assembler.
