### paramkey_probe loaded TYPEIDX=13 candidates=16 steps=239
### boot settle done
### editor  type=0x0B cnt=5
### LANDED  cnt=6  baseline snapshot 0x2000..0x9200
### PRESS 1  cnt=6    297A=1C  changed=28   2978:0E->0F 32F4:00->01 334B:41->F3 334C:49->4C 33D4:01->02 8D94:CA->C7
### PRESS 2  cnt=6    297A=1C  changed=29   2978:0F->10 334B:E8->BF 334C:4D->50 8D94:C7->03 8D96:20->00 8D9A:1A->0F
### PRESS 3  cnt=6    297A=1C  changed=19   2978:10->11 334B:48->C7 334C:51->53 8D9A:15->0A 8D9D:10->16 8D9F:10->16
### PRESS 4  cnt=6    297A=1C  changed=19   2978:11->12 334B:67->CB 334C:54->57 8D9A:10->05 8D9D:16->1C 8D9F:16->1C
### PRESS 5  cnt=6    297A=1C  changed=20   2978:12->13 32F4:01->00 334B:D8->75 334C:58->5B 8D9A:0B->00 8D9D:1C->22
### PRESS 6  cnt=6    297A=1C  changed=24   2978:13->14 334B:4C->47 334C:5B->5E 8D94:03->C7 8D96:00->20 8D9A:06->26
### PRESS 7  cnt=6    297A=1C  changed=22   2978:14->15 334B:A3->D1 334C:5F->62 8D94:03->C7 8D96:00->20 8D9A:01->21
### PRESS 8  cnt=6    297A=1C  changed=21   2978:15->16 334B:1D->E9 334C:62->65 8D9A:27->1C 8D9D:2C->32 8D9F:2C->32
### PRESS 9  cnt=6    297A=1C  changed=19   2978:16->17 334B:10->12 334C:66->69 8D9A:22->17 8D9D:32->38 8D9F:32->38
### PRESS 10 cnt=6    297A=1C  changed=29   2978:17->18 334B:20->91 334C:69->6C 8D94:C7->03 8D96:20->00 8D9A:1D->12
### PRESS 11 cnt=6    297A=1C  changed=19   2978:18->19 32F4:01->00 334B:5B->82 334C:6D->70 8D9A:18->0D 8D9D:3E->44
### PRESS 12 cnt=6    297A=1C  changed=19   2978:19->1A 334B:81->31 334C:71->74 8D9A:13->08 8D9D:44->4A 8D9F:44->4A
### PRESS 13 cnt=6    297A=1C  changed=16   2978:1A->1B 334B:46->30 334C:74->77 8D9A:0E->03 8D9D:4A->50 8D9F:4A->50
### PRESS 14 cnt=6    297A=1C  changed=24   2978:1B->1C 334B:C4->CC 334C:78->7B 8D94:03->C7 8D96:00->20 8D9A:09->29
### PRESS 15 cnt=6    297A=1C  changed=22   2978:1C->1D 334B:6A->3C 334C:7B->7E 8D94:03->C7 8D96:00->20 8D9A:04->23
### PRESS 16 cnt=6    297A=1C  changed=19   2978:1D->1E 334B:61->73 334C:7F->82 8D9A:2A->1E 8D9D:5A->04 8D9F:5A->04
### PRESS 17 cnt=6    297A=1C  changed=17   2978:1E->1F 334B:F3->A5 334C:82->85 8D9A:25->19 8D9D:04->0A 8D9F:04->0A
### PRESS 18 cnt=6    297A=1C  changed=14   2978:1F->20 334B:24->DE 334C:86->89 8D9A:20->14 8D9D:0A->10 8D9F:0A->10
### PRESS 19 cnt=6    297A=1C  changed=23   2978:20->21 334B:C7->25 334C:89->8C 8D94:C7->03 8D96:20->00 8D9A:1B->0F
### PRESS 20 cnt=6    297A=1C  changed=14   2978:21->22 334B:CB->38 334C:8D->90 8D9A:16->0A 8D9D:16->1C 8D9F:16->1C
### PRESS 21 cnt=6    297A=1C  changed=12   2978:22->23 334B:01->6B 334C:91->94 8D9A:11->05 8D9D:1C->22 8D9F:1C->22
### PRESS 22 cnt=6    297A=1C  changed=14   2978:23->24 334B:B5->6E 334C:94->97 8D9A:0C->00 8D9D:22->28 8D9F:22->28
### PRESS 23 cnt=6    297A=1C  changed=20   2978:24->25 334B:D1->55 334C:98->9B 8D94:03->C7 8D96:00->20 8D9A:07->26
### PRESS 24 cnt=6    297A=1C  changed=20   2978:25->26 334B:E9->A8 334C:9B->9E 8D94:03->C7 8D96:00->20 8D9A:02->21
### PRESS 25 cnt=6    297A=1C  changed=16   2978:26->27 334B:12->72 334C:9F->A2 8D9A:28->1C 8D9D:32->38 8D9F:32->38
### PRESS 26 cnt=6    297A=1C  changed=16   2978:27->28 334B:91->E3 334C:A2->A5 8D9A:23->17 8D9D:38->3E 8D9F:38->3E
### PRESS 27 cnt=6    297A=1C  changed=14   2978:28->29 334B:42->16 334C:A6->A9 8D9A:1E->12 8D9D:3E->44 8D9F:3E->44
### PRESS 28 cnt=6    297A=1C  changed=22   2978:29->2A 334B:31->BD 334C:AA->AC 8D94:C7->03 8D96:20->00 8D9A:19->0D
### PRESS 29 cnt=6    297A=1C  changed=12   2978:2A->2B 334B:30->5C 334C:AD->B0 8D9A:14->08 8D9D:4A->50 8D9F:4A->50
### PRESS 30 cnt=6    297A=1C  changed=12   2978:2B->2C 334B:0A->B1 334C:B1->B4 8D9A:0E->03 8D9D:50->56 8D9F:50->56
### done
