### paramkey_probe loaded TYPEIDX=15 candidates=16 steps=187
### boot settle done
### editor  type=0x0B cnt=5
### LANDED  cnt=17  baseline snapshot 0x2000..0x9200
### KEY UP 1    CPL_SEG10 0x20 -> cnt=6   changed=52   2976:27->30 2978:05->50 297A:0B->08 297C:18->5A 297E:08->00 2980:0B->54
### KEY DOWN 1  CPL_SEG10 0x10 -> cnt=17  changed=60   2976:30->27 2978:50->05 297A:08->0B 297C:5A->18 297E:00->08 2980:54->0B
### KEY UP 2    CPL_SEG10 0x80 -> cnt=6   changed=61   2976:27->30 2978:05->50 297A:0B->08 297C:18->5A 297E:08->00 2980:0B->54
### KEY DOWN 2  CPL_SEG10 0x40 -> cnt=17  changed=62   2976:30->27 2978:50->05 297A:08->0B 297C:5A->18 297E:00->08 2980:54->0B
### KEY UP 3    CPL_SEG9 0x20 -> cnt=17  changed=23   334B:7C->53 334C:59->5B 8D9A:13->07 8D9D:24->2A 8D9F:24->2A 8DC5:CA->C9
### KEY DOWN 3  CPL_SEG9 0x10 -> cnt=17  changed=20   334B:E4->A9 334C:5C->5F 8D9A:0E->02 8D9D:2A->30 8D9F:2A->30 8DCB:CA->C9
### KEY UP 4    CPL_SEG9 0x80 -> cnt=17  changed=27   32F4:01->00 32F7:02->06 334B:55->99 334C:60->63 8D94:03->C9 8D96:00->80
### KEY DOWN 4  CPL_SEG9 0x40 -> cnt=17  changed=24   334B:50->1E 334C:63->66 8D94:03->C9 8D96:00->40 8D9A:04->23 8D9D:36->3A
### KEY UP 5    CPL_SEG8 0x20 -> cnt=17  changed=33   334B:AC->F7 334C:67->6A 8D94:C9->C8 8D96:40->20 8D9A:2A->1E 8D9D:3A->40
### KEY DOWN 5  CPL_SEG8 0x10 -> cnt=17  changed=25   334B:A2->DC 334C:6A->6D 8D96:20->10 8D9A:25->19 8D9D:40->46 8D9F:40->46
### KEY UP 6    CPL_SEG8 0x80 -> cnt=17  changed=27   334B:69->33 334C:6E->71 33D4:02->01 8D96:10->80 8D9A:20->14 8D9D:46->4C
### KEY DOWN 6  CPL_SEG8 0x40 -> cnt=17  changed=30   334B:7B->EF 334C:71->74 8D94:C8->03 8D96:80->00 8D9A:1B->0F 8D9D:4C->52
### KEY UP 7    CPL_SEG7 0x20 -> cnt=17  changed=21   297A:0B->0C 334B:00->65 334C:75->78 8D9A:16->0A 8D9D:52->58 8D9F:52->58
### KEY DOWN 7  CPL_SEG7 0x10 -> cnt=17  changed=19   297A:0C->0B 32F4:00->01 334B:FD->EC 334C:79->7C 8D9A:11->05 8D9D:58->02
### KEY UP 8    CPL_SEG7 0x80 -> cnt=17  changed=22   297A:0B->0C 334B:78->4E 334C:7C->7F 8D9A:0C->00 8D9D:02->08 8D9F:02->08
### KEY DOWN 8  CPL_SEG7 0x40 -> cnt=17  changed=26   297A:0C->0B 334B:AB->9E 334C:80->83 8D94:03->C7 8D96:00->40 8D9A:07->26
### done
