### paramkey_probe loaded TYPEIDX=15 candidates=16 steps=243
### boot settle done
### editor  type=0x0B cnt=5
### LANDED  cnt=17  baseline snapshot 0x2000..0x9200
### PRESS 1  cnt=17   297A=0B  changed=25   2978:05->06 334B:36->14 334C:4A->4D 8D94:CA->C7 8D9A:29->1E 8D9D:0C->12
### PRESS 2  cnt=17   297A=0B  changed=20   2978:06->07 334B:05->9A 334C:4E->51 8D9A:24->19 8D9D:12->18 8D9F:12->18
### PRESS 3  cnt=17   297A=0B  changed=20   2978:07->08 334B:64->84 334C:51->54 8D9A:1F->14 8D9D:18->1E 8D9F:18->1E
### PRESS 4  cnt=17   297A=0B  changed=27   2978:08->09 334B:D0->FC 334C:55->58 8D94:C7->03 8D96:20->00 8D9A:1A->0F
### PRESS 5  cnt=17   297A=0B  changed=19   2978:09->0A 334B:7C->53 334C:59->5B 8D9A:15->09 8D9D:24->2A 8D9F:24->2A
### PRESS 6  cnt=17   297A=0B  changed=20   2978:0A->0B 334B:E4->C6 334C:5C->5F 8D9A:10->04 8D9D:2A->30 8D9F:2A->30
### PRESS 7  cnt=17   297A=0B  changed=22   2978:0B->0C 334B:55->99 334C:60->63 8D94:03->C7 8D96:00->20 8D9A:0B->2A
### PRESS 8  cnt=17   297A=0B  changed=23   2978:0C->0D 334B:50->1E 334C:63->66 8D94:03->C7 8D96:00->20 8D9A:06->25
### PRESS 9  cnt=17   297A=0B  changed=25   2978:0D->0E 334B:AC->F7 334C:67->6A 8D94:03->C7 8D96:00->20 8D9A:01->20
### PRESS 10 cnt=17   297A=0B  changed=17   2978:0E->0F 334B:A2->DC 334C:6A->6D 8D9A:27->1B 8D9D:40->46 8D9F:40->46
### PRESS 11 cnt=17   297A=0B  changed=18   2978:0F->10 334B:16->33 334C:6E->71 8D9A:22->16 8D9D:46->4C 8D9F:46->4C
### PRESS 12 cnt=17   297A=0B  changed=30   2978:10->11 32F4:00->01 334B:7B->EF 334C:71->74 8D94:C7->03 8D96:20->00
### PRESS 13 cnt=17   297A=0B  changed=16   2978:11->12 334B:00->65 334C:75->78 8D9A:18->0C 8D9D:52->58 8D9F:52->58
### PRESS 14 cnt=17   297A=0B  changed=16   2978:12->13 334B:FD->EC 334C:79->7C 8D9A:13->07 8D9D:58->02 8D9F:58->02
### PRESS 15 cnt=17   297A=0B  changed=19   2978:13->14 334B:27->4E 334C:7C->7F 8D9A:0E->02 8D9D:02->08 8D9F:02->08
### PRESS 16 cnt=17   297A=0B  changed=23   2978:14->15 334B:AB->9E 334C:80->83 8D94:03->C7 8D96:00->20 8D9A:09->28
### PRESS 17 cnt=17   297A=0B  changed=20   2978:15->16 334B:14->C5 334C:83->86 8D94:03->C7 8D96:00->20 8D9A:04->23
### PRESS 18 cnt=17   297A=0B  changed=12   2978:16->17 334B:02->4F 334C:87->8A 8D9A:2A->1E 8D9D:12->18 8D9F:12->18
### PRESS 19 cnt=17   297A=0B  changed=17   2978:17->18 334B:84->3B 334C:8A->8D 8D9A:25->19 8D9D:18->1E 8D9F:18->1E
### PRESS 20 cnt=17   297A=0B  changed=17   2978:18->19 334B:FC->54 334C:8E->91 8D9A:20->14 8D9D:1E->24 8D9F:1E->24
### PRESS 21 cnt=17   297A=0B  changed=22   2978:19->1A 334B:53->D7 334C:91->94 8D94:C7->03 8D96:20->00 8D9A:1A->0F
### PRESS 22 cnt=17   297A=0B  changed=15   32F4:00->01 334B:A9->40 334C:95->98 33D4:01->02 8D9A:15->0A 8D9D:2A->30
### PRESS 23 cnt=17   297A=0B  changed=14   32F4:01->00 334B:E5->AE 334C:99->9C 8D9A:10->05 8D9D:30->36 8D9F:30->36
### PRESS 24 cnt=17   297A=0B  changed=13   32F4:01->00 334B:1E->2A 334C:9C->9F 33D4:02->01 8D9A:0B->00 8D9D:36->3C
### PRESS 25 cnt=17   297A=0B  changed=19   334B:2B->7A 334C:A0->A3 8D94:03->C7 8D96:00->20 8D9A:06->26 8D9D:3C->40
### PRESS 26 cnt=17   297A=0B  changed=20   334B:DC->9D 334C:A3->A6 33D4:02->01 8D94:03->C7 8D96:00->20 8D9A:01->21
### PRESS 27 cnt=17   297A=0B  changed=15   334B:0E->C2 334C:A7->AA 8D9A:27->1C 8D9D:46->4C 8D9F:46->4C 8DE7:C7->03
### PRESS 28 cnt=17   297A=0B  changed=13   334B:32->06 334C:AA->AD 8D9A:22->17 8D9D:4C->52 8D9F:4C->52 8DEF:C7->03
### PRESS 29 cnt=17   297A=0B  changed=23   334B:65->3F 334C:AE->B1 8D94:C7->03 8D96:20->00 8D9A:1D->12 8D9D:52->58
### PRESS 30 cnt=17   297A=0B  changed=13   334B:EC->AD 334C:B2->B4 8D9A:18->0D 8D9D:58->02 8D9F:58->02 8DFD:2C->2E
### done
