    - notes/asm_source.py                                        reads   0  bad   0  rc 0
      notes/audit_wave5_checks.py                                reads   1  bad   0  rc 0
      notes/gen_prom_a_cover_round1.py --untouched               reads   1  bad   0  rc 1
      notes/gen_prom_a_cover_round2.py --untouched               reads   1  bad   0  rc 1
      notes/gen_prom_b_cover_round2.py --closure                 reads   1  bad   0  rc 0
    - notes/git_path_audit.py                                    reads   0  bad   0  rc 1
      notes/kernel_join_probe.py                                 reads   2  bad   0  rc 0
      notes/maincpu_join_probe.py --selftest                     reads   2  bad   0  rc 1
      notes/probe_health.py                                      reads 224  bad   0  rc None
      notes/prom_a_f85ff9_layout.py --null --rev HEAD            reads   7  bad   0  rc 0
      notes/prom_a_fa5aeb_layout.py --null --rev HEAD            reads   7  bad   0  rc 0
      notes/prom_a_fad800_layout.py --null --rev HEAD            reads  14  bad   0  rc 0
      notes/prom_a_frontier_delta.py --rev HEAD                  reads   1  bad   0  rc 0
      notes/prom_a_naming_wave8_apply.py --verify                reads   1  bad   0  rc 0
      notes/prom_a_preservation_check.py                         reads   7  bad   0  rc 0
      notes/prom_b_evidence_audit.py --since                     reads   1  bad   0  rc 0
      notes/prom_b_f65000_layout.py --null --rev HEAD            reads   4  bad   0  rc 0
      notes/prom_b_naming_preservation.py                        reads   4  bad   0  rc 0
      notes/prom_b_probe_answer_diff.py --base HEAD --only prom_b_string_refs reads   3  bad   0  rc 0
      notes/prom_c_probe_health.py                               reads  63  bad   0  rc 0
      notes/prom_c_round3_frontier_delta.py                      reads  31  bad   0  rc 0
      notes/prom_c_split.py                                      reads   1  bad   0  rc 0
      notes/promb_macro_preservation.py                          reads   4  bad   0  rc 0
      notes/promb_macro_rewrite.py --baseline                    reads   1  bad   0  rc 0
      notes/verify_a1_independent_check.py                       reads  17  bad   0  rc 1
      notes/wave7-verify-probes/wave7_r3_citation_check.py       reads   1  bad   0  rc 0
      notes/wave7-verify-probes/wave7_r3_promc_refute.py         reads   1  bad   0  rc 0
      notes/wave7-verify-probes/wave7_r9_promc_citation_check.py reads   1  bad   0  rc 0
      notes/wave7_round4_review_wd3_prom_d.py                    reads   9  bad   0  rc 1
      notes/wave7_round5_review_wd3_prom_d.py                    reads   4  bad   0  rc 1  TRACEBACK
      notes/wave7_round6_review_wb_prom_b.py                     reads  10  bad   0  rc 0
      notes/wave7_round8_review_wd3_prom_d.py                    reads  17  bad   0  rc 1
      notes/wave7_round9_review_wb_prom_b.py                     reads  28  bad   0  rc 0

33 script(s) traced; 0 issued a git read that FAILED or came back EMPTY; 0 total bad reads
