MidiCC_Handler_CC3_TableLookup=MidiRx_ControlChange
MidiCC_Handler_CC3_TableLookup_Return=MidiRx_ControlChange_Return
MidiCC_Handler_CC3_TableLookup_Skip=MidiRx_ControlChange_Skip
MidiCC_Handler_CC4_VoiceParam=MidiRx_ProgramChange
MidiCC_Handler_CC4_VoiceParam_Return=MidiRx_ProgramChange_Return
MidiCC_Handler_CC5_VoiceParam=MidiRx_ChannelPressure
MidiCC_Handler_CC5_VoiceParam_Return=MidiRx_ChannelPressure_Return
MidiCC_Handler_CC6_VoiceParam=MidiRx_PitchBend
MidiCC_Handler_CC6_VoiceParam_Return=MidiRx_PitchBend_Return
MidiCC_VoiceParam_0=MidiCC_RxCC64_Sustain
MidiCC_VoiceParam_0_Return=MidiCC_RxCC64_Sustain_Return
MidiCC_VoiceParam_1=MidiCC_RxFunc08
MidiCC_VoiceParam_10=MidiCC_RxFunc12
MidiCC_VoiceParam_10_Return=MidiCC_RxFunc12_Return
MidiCC_VoiceParam_11=MidiCC_RxFunc13
MidiCC_VoiceParam_11_MidEntry=MidiCC_RxFunc13_MidEntry
MidiCC_VoiceParam_11_Return=MidiCC_RxFunc13_Return
MidiCC_VoiceParam_12=MidiCC_RxFunc14
MidiCC_VoiceParam_12_Return=MidiCC_RxFunc14_Return
MidiCC_VoiceParam_13=MidiCC_RxFunc15
MidiCC_VoiceParam_13_Return=MidiCC_RxFunc15_Return
MidiCC_VoiceParam_1_Return=MidiCC_RxFunc08_Return
MidiCC_VoiceParam_2=MidiCC_RxFunc09
MidiCC_VoiceParam_2_Return=MidiCC_RxFunc09_Return
MidiCC_VoiceParam_3=MidiCC_RxCC1_Modulation
MidiCC_VoiceParam_3_Return=MidiCC_RxCC1_Modulation_Return
MidiCC_VoiceParam_4=MidiCC_RxCC7_Volume
MidiCC_VoiceParam_4_Return=MidiCC_RxCC7_Volume_Return
MidiCC_VoiceParam_5=MidiCC_RxCC11_Expression
MidiCC_VoiceParam_5_Return=MidiCC_RxCC11_Expression_Return
MidiCC_VoiceParam_6=MidiCC_RxCC10_Pan
MidiCC_VoiceParam_6_Return=MidiCC_RxCC10_Pan_Return
MidiCC_VoiceParam_7=MidiCC_RxCC93_Chorus
MidiCC_VoiceParam_7_Return=MidiCC_RxCC93_Chorus_Return
MidiCC_VoiceParam_8=MidiCC_RxCC94_Celeste
MidiCC_VoiceParam_8_Return=MidiCC_RxCC94_Celeste_Return
MidiCC_VoiceParam_9=MidiCC_RxCC91_Reverb
MidiCC_VoiceParam_9_Return=MidiCC_RxCC91_Reverb_Return
MidiCC_VoiceParam_9_Skip=MidiCC_RxCC91_Reverb_Skip
MidiSerial_ParseStatus_Data=MidiRx_SystemMsgDispatch
