LABEL_020B38=FIFO_Engine512_Get_Marked_Skip
LABEL_020B53=FIFO_Engine512_Get_From_Mark_Skip
LABEL_027D31=Voice_DSP_OutputConfig_Loop
LABEL_027D4A=Voice_DSP_OutputConfig_Join
LABEL_027D61=Voice_DSP_OutputConfig_Skip
LABEL_027D9F=Voice_DSP_OutputConfig_Loop2
LABEL_027DB8=Voice_DSP_OutputConfig_Join2
LABEL_027DCD=Voice_DSP_OutputConfig_Epilogue
LABEL_027E1E=Voice_DSP_OutputConfig2_Loop
LABEL_027E37=Voice_DSP_OutputConfig2_Join
LABEL_027E4E=Voice_DSP_OutputConfig2_Skip
LABEL_027E8C=Voice_DSP_OutputConfig2_Loop2
LABEL_027EA5=Voice_DSP_OutputConfig2_Join2
LABEL_027EBA=Voice_DSP_OutputConfig2_Epilogue
LABEL_027EE8=Voice_DSP_SimpleCopy_Loop
LABEL_027F01=Voice_DSP_SimpleCopy_Join
LABEL_027F43=Voice_DSP_SimpleCopy2_Loop
LABEL_027F5C=Voice_DSP_SimpleCopy2_Join
LABEL_02811B=__jrt_nop_02811B
LABEL_028147=__jrt_nop_028147
LABEL_028169=__jrt_nop_028169
LABEL_028197=__jrt_nop_028197
LABEL_0281B9=__jrt_nop_0281B9
LABEL_0281DD=__jrt_nop_0281DD
LABEL_0281FF=__jrt_nop_0281FF
LABEL_028221=__jrt_nop_028221
LABEL_028243=__jrt_nop_028243
LABEL_028265=__jrt_nop_028265
LABEL_028287=__jrt_nop_028287
LABEL_0282A9=__jrt_nop_0282A9
LABEL_0282D1=__jrt_nop_0282D1
LABEL_0282D6=ToneGen_WriteVoice_Reg07_Or_Reg18_Skip
LABEL_0282F0=__jrt_nop_0282F0
LABEL_0282F3=ToneGen_WriteVoice_Reg07_Or_Reg18_Epilogue
LABEL_028318=__jrt_nop_028318
LABEL_02831D=ToneGen_WriteVoice_Reg15_Or_Reg16_Skip
LABEL_028337=__jrt_nop_028337
LABEL_02833A=ToneGen_WriteVoice_Reg15_Or_Reg16_Epilogue
LABEL_028347=AudioMod_Apply_BusRouting_Loop
LABEL_02839A=AudioMod_Apply_BusRouting_Skip
LABEL_0283EE=AudioMod_Apply_BusRouting_Skip2
LABEL_02841B=AudioMod_Apply_BusRouting_Join
LABEL_028422=AudioMod_Apply_BusRouting_Epilogue
LABEL_0284C1=AudioMod_Apply_Porta_Curve_Skip2
LABEL_0284C8=AudioMod_Apply_Porta_Curve_Join
LABEL_028527=AudioMod_Apply_Porta_Curve_Join2
LABEL_02853F=AudioMod_Apply_Porta_Curve_Skip3
LABEL_02854A=AudioMod_Apply_Porta_Curve_Join3
LABEL_02857D=AudioMod_Scale_To_Part_1F_Skip
LABEL_02858E=AudioMod_Scale_To_Part_1F_Join
LABEL_0285CA=AudioMod_Scale_To_Part_20_Skip
LABEL_0285DB=AudioMod_Scale_To_Part_20_Join
LABEL_028612=AudioMod_Apply_Slot_Field2A_Skip
LABEL_028614=AudioMod_Apply_Slot_Field2A_Join
LABEL_028691=AudioMod_Apply_Slot_Field2A_Skip2
LABEL_0286BF=AudioMod_Apply_Slot_Field2A_Join2
LABEL_0286DD=AudioMod_Apply_Slot_Field2A_Skip3
LABEL_02872B=AudioMod_Apply_Slot_Field29_Skip
LABEL_02872D=AudioMod_Apply_Slot_Field29_Join
LABEL_0287AA=AudioMod_Apply_Slot_Field29_Skip2
LABEL_0287D8=AudioMod_Apply_Slot_Field29_Join2
LABEL_0287F6=AudioMod_Apply_Slot_Field29_Skip3
LABEL_028830=Audio_Clamp_To_Range_Skip
LABEL_028836=Audio_Clamp_To_Range_Join
LABEL_028F89=VoiceCC_DataTable_028F75_Loop
LABEL_028FB7=VoiceCC_DataTable_028F75_Skip
LABEL_028FCB=VoiceCC_DataTable_028F75_Skip2
LABEL_028FDD=VoiceCC_DataTable_028F75_Join
LABEL_028FE4=VoiceCC_DataTable_028F75_Epilogue
LABEL_028FFC=AudioChannel_AllVoices_Update_PanShift_Loop
LABEL_02902A=AudioChannel_AllVoices_Update_PanShift_Skip
LABEL_029045=AudioChannel_AllVoices_Update_PanShift_Skip2
LABEL_029052=AudioChannel_AllVoices_Update_PanShift_Skip3
LABEL_029066=AudioChannel_AllVoices_Update_PanShift_Join
LABEL_02906D=AudioChannel_AllVoices_Update_PanShift_Epilogue
LABEL_029086=AudioChannel_AllVoices_Update_Variant3_Loop
LABEL_0290B6=AudioChannel_AllVoices_Update_Variant3_Skip
LABEL_0290D6=AudioChannel_AllVoices_Update_Variant3_Join
LABEL_0290E3=AudioChannel_AllVoices_Update_Variant3_Epilogue
LABEL_0290FD=AudioChannel_Handler_Cmd01_Skip
LABEL_029100=AudioChannel_Handler_Cmd01_Join
LABEL_0291D8=AudioChannel_Handler_Cmd02_Skip
LABEL_0291E4=AudioChannel_Handler_Cmd02_Join
LABEL_02925E=AudioChannel_Handler_Cmd04_07_Loop
LABEL_02927A=AudioChannel_Handler_Cmd04_07_Skip
LABEL_0292AB=AudioChannel_Handler_Cmd04_07_Loop2
LABEL_0292D7=AudioChannel_Handler_Cmd04_07_Skip2
LABEL_029311=AudioChannel_Handler_Cmd04_07_Loop3
LABEL_02932D=AudioChannel_Handler_Cmd04_07_Skip3
LABEL_029351=AudioChannel_Handler_Cmd04_07_Loop4
LABEL_0293B4=AudioChannel_Handler_Cmd04_07_Skip4
LABEL_0293C2=AudioChannel_Handler_Cmd04_07_Join
LABEL_0293D2=AudioChannel_Handler_Cmd04_07_Join2
LABEL_0293E9=AudioChannel_Handler_Cmd04_07_Epilogue
LABEL_029460=AudioChannel_Handler_Cmd10_13_Loop
LABEL_02947C=AudioChannel_Handler_Cmd10_13_Skip
LABEL_0294AD=AudioChannel_Handler_Cmd10_13_Loop2
LABEL_0294D9=AudioChannel_Handler_Cmd10_13_Skip2
LABEL_029513=AudioChannel_Handler_Cmd10_13_Loop3
LABEL_02952F=AudioChannel_Handler_Cmd10_13_Skip3
LABEL_029553=AudioChannel_Handler_Cmd10_13_Loop4
LABEL_0295C3=AudioChannel_Handler_Cmd10_13_Skip4
LABEL_0295DE=AudioChannel_Handler_Cmd10_13_Join
LABEL_0295E1=AudioChannel_Handler_Cmd10_13_Join2
LABEL_0295F8=AudioChannel_Handler_Cmd10_13_Epilogue
LABEL_02966F=AudioChannel_Handler_Cmd08_0B_Loop
LABEL_02968B=AudioChannel_Handler_Cmd08_0B_Skip
LABEL_0296BC=AudioChannel_Handler_Cmd08_0B_Loop2
LABEL_0296E8=AudioChannel_Handler_Cmd08_0B_Skip2
LABEL_029722=AudioChannel_Handler_Cmd08_0B_Loop3
LABEL_02973E=AudioChannel_Handler_Cmd08_0B_Skip3
LABEL_029765=AudioChannel_Handler_Cmd08_0B_Loop4
LABEL_0297C8=AudioChannel_Handler_Cmd08_0B_Skip4
LABEL_0297D6=AudioChannel_Handler_Cmd08_0B_Join
LABEL_0297E6=AudioChannel_Handler_Cmd08_0B_Join2
LABEL_0297FD=AudioChannel_Handler_Cmd08_0B_Epilogue
LABEL_029874=AudioChannel_Handler_Cmd14_17_Loop
LABEL_029890=AudioChannel_Handler_Cmd14_17_Skip
LABEL_0298C1=AudioChannel_Handler_Cmd14_17_Loop2
LABEL_0298ED=AudioChannel_Handler_Cmd14_17_Skip2
LABEL_029927=AudioChannel_Handler_Cmd14_17_Loop3
LABEL_029943=AudioChannel_Handler_Cmd14_17_Skip3
LABEL_02996A=AudioChannel_Handler_Cmd14_17_Loop4
LABEL_0299DA=AudioChannel_Handler_Cmd14_17_Skip4
LABEL_0299F5=AudioChannel_Handler_Cmd14_17_Join
LABEL_0299F8=AudioChannel_Handler_Cmd14_17_Join2
LABEL_029A0F=AudioChannel_Handler_Cmd14_17_Epilogue
LABEL_029A86=AudioChannel_Handler_Cmd0C_0F_Loop
LABEL_029AA2=AudioChannel_Handler_Cmd0C_0F_Skip
LABEL_029AD3=AudioChannel_Handler_Cmd0C_0F_Loop2
LABEL_029AFF=AudioChannel_Handler_Cmd0C_0F_Skip2
LABEL_029B39=AudioChannel_Handler_Cmd0C_0F_Loop3
LABEL_029B55=AudioChannel_Handler_Cmd0C_0F_Skip3
LABEL_029B7C=AudioChannel_Handler_Cmd0C_0F_Loop4
LABEL_029BE6=AudioChannel_Handler_Cmd0C_0F_Skip4
LABEL_029BEF=AudioChannel_Handler_Cmd0C_0F_Join
LABEL_029BFF=AudioChannel_Handler_Cmd0C_0F_Join2
LABEL_029C16=AudioChannel_Handler_Cmd0C_0F_Epilogue
LABEL_029C8D=AudioChannel_Handler_Cmd18_1B_Loop
LABEL_029CA9=AudioChannel_Handler_Cmd18_1B_Skip
LABEL_029CDA=AudioChannel_Handler_Cmd18_1B_Loop2
LABEL_029D06=AudioChannel_Handler_Cmd18_1B_Skip2
LABEL_029D40=AudioChannel_Handler_Cmd18_1B_Loop3
LABEL_029D5C=AudioChannel_Handler_Cmd18_1B_Skip3
LABEL_029D83=AudioChannel_Handler_Cmd18_1B_Loop4
LABEL_029DFA=AudioChannel_Handler_Cmd18_1B_Skip4
LABEL_029E10=AudioChannel_Handler_Cmd18_1B_Join
LABEL_029E13=AudioChannel_Handler_Cmd18_1B_Join2
LABEL_029E2A=AudioChannel_Handler_Cmd18_1B_Epilogue
LABEL_02D0FC=__jrt_nop_02D0FC
LABEL_02D965=__jrt_nop_02D965
LABEL_02D987=__jrt_nop_02D987
LABEL_02D9AB=__jrt_nop_02D9AB
LABEL_02D9CD=__jrt_nop_02D9CD
LABEL_02D9EF=__jrt_nop_02D9EF
LABEL_02DA11=__jrt_nop_02DA11
LABEL_02DBD0=__jrt_nop_02DBD0
LABEL_02DC07=__jrt_nop_02DC07
LABEL_02DC0A=ToneGen_Write_ExtParam_05C0_Strobe_Skip
LABEL_02DC2C=__jrt_nop_02DC2C
LABEL_02DC4C=__jrt_nop_02DC4C
LABEL_02DDA5=__jrt_nop_02DDA5
LABEL_02DDA8=ToneGen_WriteExtParams_15_Banked_Skip
LABEL_02DDC7=__jrt_nop_02DDC7
LABEL_02DDEC=__jrt_nop_02DDEC
LABEL_02DDF1=ToneGen_WriteExtParams_15_Banked_Skip2
LABEL_02DE1B=__jrt_nop_02DE1B
LABEL_02DE1E=ToneGen_WriteExtParams_15_Banked_Skip3
LABEL_02DE3D=__jrt_nop_02DE3D
LABEL_02DE62=__jrt_nop_02DE62
LABEL_02DE65=ToneGen_WriteExtParams_15_Banked_Epilogue
LABEL_02E0D1=__jrt_nop_02E0D1
LABEL_02E0EB=__jrt_nop_02E0EB
LABEL_02E109=ToneGen_SelfTest_ProbeVoice0_Loop
LABEL_02E12C=__jrt_nop_02E12C
LABEL_02E146=__jrt_nop_02E146
LABEL_02E14B=ToneGen_SelfTest_ProbeVoice0_Skip
LABEL_02E155=ToneGen_SelfTest_ProbeVoice0_Join
LABEL_02E16C=__jrt_nop_02E16C
LABEL_02E186=__jrt_nop_02E186
LABEL_03124A=DSP_SetCoeff_CopyDirect_Loop
LABEL_031272=DSP_SetCoeff_CopyDirect_Epilogue
LABEL_0313E7=DSP_SetCoeff_CopyDirect2_Loop
LABEL_03140F=DSP_SetCoeff_CopyDirect2_Epilogue
LABEL_031480=DSP_SetCoeff_RouteWithCallback_Skip
LABEL_03148B=DSP_SetCoeff_RouteWithCallback_Skip2
LABEL_0314C0=DSP_SetCoeff_RouteWithCallback_Loop
LABEL_0314E8=DSP_SetCoeff_RouteWithCallback_Skip3
LABEL_03178E=DSP_SetCoeff_WriteParams_Skip
LABEL_031794=DSP_SetCoeff_WriteParams_Return
LABEL_034517=Voice_Part_ResetSlotRouting_Loop
LABEL_034576=Voice_Part_ResetSlotRouting_Skip
LABEL_034590=Voice_Part_ResetSlotRouting_Skip2
LABEL_034596=Voice_Part_ResetSlotRouting_Loop2
LABEL_0345C9=Voice_Part_ResetSlotRouting_Skip3
LABEL_0345E1=Voice_Part_ResetSlotRouting_Join
LABEL_0345E7=Voice_Part_ResetSlotRouting_Loop3
LABEL_034602=Voice_Part_ResetSlotRouting_Epilogue
