# make gate on the lane-seui tree with ONE rendered number changed
# (v10 sound_editor_ui.s: sd_quad 0x09, 5, 30, 43, 47 -> 48); tail of the log.

==== subcpu boot ====
Similarity: 100.00%

==== hdae5000 ====
Similarity: 100.00%

==== table data ====
Similarity: 100.00%

==== custom data ====
Similarity: 100.00%


python3 scripts/analysis/assert_images_assemble.py
  v10/maincpu/kn5000_v10_program.s           clean
  v9/maincpu/kn5000_v9_program.s             clean
  v7/maincpu/kn5000_v7_program.s             clean
  v142/subcpu/kn5000_subprogram_v142.s       clean
  subcpu/boot/kn5000_subcpu_boot.s           clean
  hdae5000/hd-ae5000_v2_06i.s                clean
  table_data/kn5000_table_data.s             clean
  custom_data/kn5000_custom_data.s           clean

PASS: every KN5000 image assembles with the pinned toolchain.
python3 scripts/analysis/assert_byte_identical.py
  building (make all) ...
  kn5000_v7_program                      IDENTICAL
  kn5000_v9_program                      IDENTICAL
  kn5000_v10_program                     1 BYTES DIFFER
  kn5000_subprogram_v142                 IDENTICAL
  kn5000_subprogram_v142_compressed      IDENTICAL
  kn5000_table_data                      IDENTICAL
  kn5000_subcpu_boot                     IDENTICAL
  kn5000_custom_data                     IDENTICAL
  hd-ae5000_v2_06i                       IDENTICAL

FAIL: 1 target(s) differ.
make: *** [Makefile:89: gate] Error 1
EXIT=2
