0xF5455C-0xF5459F: 20 old lines (16 dirty) -> 15 new instrs replaced, 0 .byte fallbacks, dropped labels -
    0xF5456C  ld (0x355c:16), xhl                      || unidasm: ld (0x355c),XHL
    0xF54570  ld xwa, 4096                             || unidasm: ld XWA,0x00001000
    0xF54575  push xwa                                 || unidasm: push XWA
    0xF54576  call Malloc                              || unidasm: call 0xff0e80
    0xF5457A  add xsp, 4                               || unidasm: add XSP,0x00000004
    0xF54580  ld xwa, xhl                              || unidasm: ld XWA,XHL
    0xF54582  ld xwa, xwa                              || unidasm: ld XWA,XWA
    0xF54584  push xwa                                 || unidasm: push XWA
    0xF54585  call Free                                || unidasm: call 0xff0af2
    0xF54589  add xsp, 4                               || unidasm: add XSP,0x00000004
    0xF5458F  ld xwa, (0x355c:16)                      || unidasm: ld XWA,(0x355c)
    0xF54593  push xwa                                 || unidasm: push XWA
    0xF54594  call Free                                || unidasm: call 0xff0af2
    0xF54598  add xsp, 4                               || unidasm: add XSP,0x00000004
    0xF5459E  ret                                      || unidasm: ret
0xF544BD-0xF5452F: 15 old lines (15 dirty) -> 34 new instrs replaced, 0 .byte fallbacks, dropped labels -
    0xF544BD  calr 13                                  || unidasm: calr 0xf544cd
    0xF544C0  calr 21                                  || unidasm: calr 0xf544d8
    0xF544C3  calr 29                                  || unidasm: calr 0xf544e3
    0xF544C6  calr 37                                  || unidasm: calr 0xf544ee
    0xF544C9  calr 45                                  || unidasm: calr 0xf544f9
    0xF544CC  ret                                      || unidasm: ret
    0xF544CD  ld (0x3246:16), 6                        || unidasm: ld (0x3246),0x06
    0xF544D2  ld (0x3247:16), 0                        || unidasm: ld (0x3247),0x00
    0xF544D7  ret                                      || unidasm: ret
    0xF544D8  ld (0x324d:16), 0                        || unidasm: ld (0x324d),0x00
    0xF544DD  ld (0x324e:16), 0                        || unidasm: ld (0x324e),0x00
    0xF544E2  ret                                      || unidasm: ret
    0xF544E3  ld (0x3254:16), 0                        || unidasm: ld (0x3254),0x00
    0xF544E8  ld (0x3255:16), 0                        || unidasm: ld (0x3255),0x00
    0xF544ED  ret                                      || unidasm: ret
    0xF544EE  ld (0x325b:16), 0                        || unidasm: ld (0x325b),0x00
    0xF544F3  ld (0x325c:16), 0                        || unidasm: ld (0x325c),0x00
    0xF544F8  ret                                      || unidasm: ret
    0xF544F9  ld (0x3262:16), 0                        || unidasm: ld (0x3262),0x00
    0xF544FE  ld (0x3263:16), 0                        || unidasm: ld (0x3263),0x00
    0xF54503  ret                                      || unidasm: ret
    0xF54504  ld (0x32f5:16), 15                       || unidasm: ld (0x32f5),0x0f
    0xF54509  and (0x32f7:16), 0xf8                    || unidasm: and (0x32f7),0xf8
    0xF5450E  or (0x32f7:16), 0x00                     || unidasm: or (0x32f7),0x00
    0xF54513  ret                                      || unidasm: ret
    0xF54514  ret                                      || unidasm: ret
    0xF54515  call Rhythm_DispatchNote_Helper          || unidasm: call 0xf55be9
    0xF54519  ld (0x332b:16), e                        || unidasm: ld (0x332b),E
    0xF5451D  ret                                      || unidasm: ret
    0xF5451E  ld a, (0xfc5a:16)                        || unidasm: ld A,(0xfc5a)
    0xF54522  ld d, (0xfc5b:16)                        || unidasm: ld D,(0xfc5b)
    0xF54526  call Rhythm_DispatchNote                 || unidasm: call 0xf55bb3
    0xF5452A  ld (0x332b:16), a                        || unidasm: ld (0x332b),A
    0xF5452E  ret                                      || unidasm: ret
0xF538EC-0xF5392A: 8 old lines (8 dirty) -> 20 new instrs replaced, 0 .byte fallbacks, dropped labels -
    0xF538EC  ld a, (0x32f5:16)                        || unidasm: ld A,(0x32f5)
    0xF538F0  cp a, (0x32f6:16)                        || unidasm: cp A,(0x32f6)
    0xF538F4  jr nz, 29                                || unidasm: jr NZ,0xf53913
    0xF538F6  cp a, 128                                || unidasm: cp A,0x80
    0xF538F9  jr nc, 46                                || unidasm: jr NC,0xf53929
    0xF538FB  ld a, (0x32f7:16)                        || unidasm: ld A,(0x32f7)
    0xF538FF  and a, 127                               || unidasm: and A,0x7f
    0xF53902  and a, 7                                 || unidasm: and A,0x07
    0xF53905  ld w, (0x32f8:16)                        || unidasm: ld W,(0x32f8)
    0xF53909  and w, 127                               || unidasm: and W,0x7f
    0xF5390C  and w, 7                                 || unidasm: and W,0x07
    0xF5390F  cp a, w                                  || unidasm: cp A,W
    0xF53911  jr z, 22                                 || unidasm: jr Z,0xf53929
    0xF53913  ld a, (0x32f5:16)                        || unidasm: ld A,(0x32f5)
    0xF53917  ld (0x32e7:16), a                        || unidasm: ld (0x32e7),A
    0xF5391B  ld a, (0x32f7:16)                        || unidasm: ld A,(0x32f7)
    0xF5391F  and w, 127                               || unidasm: and W,0x7f
    0xF53922  and w, 7                                 || unidasm: and W,0x07
    0xF53925  ld (0x32e8:16), a                        || unidasm: ld (0x32e8),A
    0xF53929  ret                                      || unidasm: ret
0xF537A9-0xF537CA: 5 old lines (4 dirty) -> 11 new instrs replaced, 0 .byte fallbacks, dropped labels -
    0xF537A9  pushw wa                                 || unidasm: push WA
    0xF537AA  push xiy                                 || unidasm: push XIY
    0xF537AB  and (0x3363:16), 0xfe                    || unidasm: and (0x3363),0xfe
    0xF537B0  ld xiy, 0x00094800                       || unidasm: ld XIY,0x00094800
    0xF537B5  add xiy, 16                              || unidasm: add XIY,0x00000010
    0xF537BB  ld a, (xiy)                              || unidasm: ld A,(XIY)
    0xF537BD  bit 0, a                                 || unidasm: bit 0x00,A
    0xF537C0  jr z, 5                                  || unidasm: jr Z,0xf537c7
    0xF537C2  or (0x3363:16), 0x01                     || unidasm: or (0x3363),0x01
    0xF537C7  pop xiy                                  || unidasm: pop XIY
    0xF537C8  popw wa                                  || unidasm: pop WA
VERIFIED: v10 byte-identical after 4 span(s)
