0xF299BB-0xF299F8: 8 old lines (8 dirty) -> 21 new instrs replaced, 0 .byte fallbacks, dropped labels -
    0xF299BB  ld a, (0x112a:16)                        || unidasm: ld A,(0x112a)
    0xF299BF  cp a, 2:i3                               || unidasm: cp A,2
    0xF299C1  jr z, 4                                  || unidasm: jr Z,0xf299c7
    0xF299C3  cp a, 3:i3                               || unidasm: cp A,3
    0xF299C5  jr nz, 48                                || unidasm: jr NZ,0xf299f7
    0xF299C7  cp (0x2873:16), 15                       || unidasm: cp (0x2873),0x0f
    0xF299CC  jr nz, 41                                || unidasm: jr NZ,0xf299f7
    0xF299CE  cp (xiy+2), 20                           || unidasm: cp (XIY+0x02),0x14
    0xF299D2  jr nz, 35                                || unidasm: jr NZ,0xf299f7
    0xF299D4  cp (xiy+3), 4                            || unidasm: cp (XIY+0x03),0x04
    0xF299D8  jr nz, 29                                || unidasm: jr NZ,0xf299f7
    0xF299DA  ld a, (xiy+2)                            || unidasm: ld A,(XIY+0x02)
    0xF299DD  calr 63060                               || unidasm: calr 0xf29034
    0xF299E0  bit 7, a                                 || unidasm: bit 0x07,A
    0xF299E3  jr z, 6                                  || unidasm: jr Z,0xf299eb
    0xF299E5  and a, 127                               || unidasm: and A,0x7f
    0xF299E8  ormi8 (xiy), 4                           || unidasm: or (XIY),0x04
    0xF299EB  ld (xiy+2), a                            || unidasm: ld (XIY+0x02),A
    0xF299EE  ld (xiy+3), 2                            || unidasm: ld (XIY+0x03),0x02
    0xF299F2  or (0x113b:16), 0x01                     || unidasm: or (0x113b),0x01
    0xF299F7  ret                                      || unidasm: ret
VERIFIED: v7 byte-identical after 1 span(s)
REFUSED 0xF29CCE: absurd decode 'normal' at 0xF29CE2
0xF29469-0xF2947F: 8 old lines (2 dirty) -> 1 new instrs replaced, 0 .byte fallbacks, dropped labels -; dropped 2 comment(s) matching --drop-comment
    0xF2947D  bitm 7, (xhl)                            || unidasm: bit 7,(XHL)
REFUSED 0xF28AA4: absurd decode 'normal' at 0xF28AB3
REFUSED 0xF281FF: unidasm cannot decode 0xF28215
VERIFIED: v7 byte-identical after 1 span(s)
