VoiceFloat_IterationLoop_LargeStep_NegPath=FP_pow_IntPower_LargeStep_NegPath
VoiceFloat_CompareAndConvert_AfterRange=FP_pow_AfterRange
VoiceFloat_IterationLoop_LargeStep_Copy=FP_pow_IntPower_LargeStep_Copy
VoiceFloat_ConvergenceLoop_StoreResult=FP_pow_ExpLog_StoreResult
VoiceFloat_IterationLoop_CheckContinue=FP_pow_IntPower_CheckContinue
VoiceFloat_IterationLoop_DifferentPath=FP_pow_IntPower_DifferentPath
VoiceFloat_IterationLoop_SmallStep_Add=FP_pow_IntPower_SmallStep_Add
VoiceFloat_CompareAndConvert_AltPath2=FP_pow_AltPath2
VoiceFloat_ConvergenceLoop_RangeCheck=FP_pow_ExpLog_RangeCheck
VoiceFloat_CompareAndConvert_AltPath=FP_pow_AltPath
VoiceFloat_CompareAndConvert_Invalid=FP_pow_Invalid
VoiceFloat_ConvergenceLoop_CrossZero=FP_pow_ExpLog_CrossZero
VoiceFloat_ConvergenceLoop_NegResult=FP_pow_ExpLog_NegResult
VoiceFloat_IterationLoop_GreaterPath=FP_pow_IntPower_GreaterPath
VoiceFreq_EnvelopeStep_IncClamp_Copy=FP_ldexp_IncClamp_Copy
VoiceFloat_BlendAndMerge_FinalCheck=FP_SinCos_Kernel_FinalCheck
VoiceFloat_CompareAndConvert_Epilog=FP_pow_Epilog
VoiceFloat_ConvergenceLoop_SumCheck=FP_pow_ExpLog_SumCheck
VoiceFloat_IterationLoop_CopyResult=FP_pow_IntPower_CopyResult
VoiceFreq_EnvelopeStep_NibbleAdjust=FP_ldexp_NibbleAdjust
VoiceFloat_BlendAndMerge_FinalCopy=FP_SinCos_Kernel_FinalCopy
VoiceFloat_IterationLoop_LargeStep=FP_pow_IntPower_LargeStep
VoiceFloat_IterationLoop_SmallStep=FP_pow_IntPower_SmallStep
VoiceFreq_EnvelopeStep_StoreResult=FP_ldexp_StoreResult
VoiceFloat_IterationLoop_LessPath=FP_pow_IntPower_LessPath
VoiceFloat_MulAddDispatch_InRange=FP_tan_InRange
VoiceFloat_MulAddVariant2_AltPath=FP_sin_AltPath
VoiceFreq_EnvelopeStep_SetHighBit=FP_ldexp_SetHighBit
VoiceAmp_ConvergeEngine_IterLoop=FP_log_IterLoop
VoiceFloat_BlendAndMerge_InRange=FP_SinCos_Kernel_InRange
VoiceFloat_ConvergenceLoop_Clamp=FP_pow_ExpLog_Clamp
VoiceFloat_MulAddDispatch_Epilog=FP_tan_Epilog
VoiceFloat_MulAddVariant2_Epilog=FP_sin_Epilog
VoiceFreq_EnvelopeStep_ClampHigh=FP_ldexp_ClampHigh
VoicePitch_SlideEngine_StartIter=FP_exp_StartIter
DSP_VoiceRegUpdate_BackScanLoop=FP_trunc_BackScanLoop
FP_DP_NormalizeMantissa_StoreHL=FP_dtof_StoreHL
VoiceAmp_ConvergeEngine_InRange=FP_log_InRange
VoiceFloat_BlendAndMerge_Epilog=FP_SinCos_Kernel_Epilog
VoiceFloat_BlendAndMerge_Phase2=FP_SinCos_Kernel_Phase2
VoiceFloat_BlendAndMerge_Phase3=FP_SinCos_Kernel_Phase3
VoiceFloat_BlendAndMerge_Phase4=FP_SinCos_Kernel_Phase4
VoiceFloat_ConvergenceLoop_Body=FP_pow_ExpLog_Body
VoiceFloat_SignedDelta_Positive=FP_pow_IntPower_Seed
VoiceFreq_EnvelopeStep_ClampLow=FP_ldexp_ClampLow
VoiceFreq_EnvelopeStep_DecCheck=FP_ldexp_DecCheck
VoicePitch_SlideEngine_IterLoop=FP_exp_IterLoop
VoicePitch_SlideEngine_LessPath=FP_exp_LessPath
DSP_VoiceRegUpdate_ForwardScan=FP_trunc_ForwardScan
DSP_VoiceRegUpdate_LargeOffset=FP_trunc_LargeOffset
FP_DP_NormalizeMantissa_Encode=FP_dtof_Encode
VoiceAmp_ConvergeEngine_Epilog=FP_log_Epilog
VoiceFreq_EnvelopeStep_DecLoop=FP_ldexp_DecLoop
VoiceFreq_EnvelopeStep_DecStep=FP_ldexp_DecStep
VoiceFreq_EnvelopeStep_InRange=FP_ldexp_InRange
VoiceFreq_EnvelopeStep_IncLoop=FP_ldexp_IncLoop
VoiceFreq_EnvelopeStep_IncStep=FP_ldexp_IncStep
VoicePitch_SlideEngine_NonZero=FP_exp_NonZero
VoiceFreq_EnvelopeStep_Epilog=FP_ldexp_Epilog
VoicePitch_SlideEngine_Epilog=FP_exp_Epilog
DSP_VoiceRegUpdate_BackScan2=FP_trunc_BackScan2
DSP_VoiceRegUpdate_BlendLoop=FP_trunc_BlendLoop
DSP_VoiceRegUpdate_NegOffset=FP_trunc_NegOffset
DSP_VoiceRegUpdate_ZeroOrMax=FP_trunc_ZeroOrMax
FP_DP_FreqAdjust_StoreResult=FP_frexp_StoreResult
VoiceFloat_CompareAndConvert=FP_pow
DSP_VoiceRegUpdate_BackScan=FP_trunc_BackScan
FP_DP_FreqAdjust_NonZeroExp=FP_frexp_NonZeroExp
VoicePitch_SlideEngine_Done=FP_exp_Done
DSP_VoiceRegUpdate_FillPad=FP_trunc_FillPad
DSP_VoiceRegUpdate_InRange=FP_trunc_InRange
DSP_VoiceRegUpdate_MaskLow=FP_trunc_MaskLow
DSP_VoiceRegUpdate_ZeroLow=FP_trunc_ZeroLow
VoiceFloat_ConvergenceLoop=FP_pow_ExpLog
DSP_VoiceRegUpdate_Return=FP_trunc_Return
FP_DP_FreqAdjust_DecCheck=FP_frexp_DecCheck
FP_DP_FreqAdjust_IncCheck=FP_frexp_IncCheck
FP_DP_NegMantissaLS_Store=FP_ftod_Store
FP_SP_Decode_ReadSign_Pad=FP_ftoi_Pad
VoiceFloat_DispatchMulAdd=FP_cos
VoiceFloat_MulAddDispatch=FP_tan
VoiceFloat_MulAddVariant2=FP_sin
FP_DP_FreqAdjust_Combine=FP_frexp_Combine
FP_DP_FreqAdjust_DecLoop=FP_frexp_DecLoop
FP_DP_FreqAdjust_IncLoop=FP_frexp_IncLoop
VoiceFloat_BlendAndMerge=FP_SinCos_Kernel
VoiceFloat_IterationLoop=FP_pow_IntPower
FP_DP_CmpAndCopy_Negate=FP_fabs_Negate
FP_DP_FreqAdjust_Return=FP_frexp_Return
FP_DP_NormalizeMantissa=FP_dtof
VoiceAmp_ConvergeEngine=FP_log
VoiceFreq_EnvelopeStep=FP_ldexp
VoicePitch_SlideEngine=FP_exp
FP_SP_Decode_ReadSign=FP_ftoi
FP_DP_CmpAndCopy_Pad=FP_fabs_Pad
FP_DP_Add_Outer_Pad=FP_dmul_Pad
FP_DP_NegMantissaLS=FP_ftod
FP_SP_Mul_Outer_Pad=FP_SP_DivCore_Pad
DSP_VoiceRegUpdate=FP_trunc
FP_DP_Mul_DiffSign=FP_dadd_DiffSign
FP_DP_Mul_SameSign=FP_dadd_SameSign
FP_SP_Mul_DiffSign=FP_fadd_DiffSign
FP_SP_Mul_SameSign=FP_fadd_SameSign
FP_DP_CmpAndCopy=FP_fabs
FP_DP_FreqAdjust=FP_frexp
FP_DP_Mul_Encode=FP_dadd_Encode
FP_SP_Mul_Encode=FP_fadd_Encode
VoiceFloat_SubDP=FP_ddiv
VoiceFloat_SubSP=FP_fdiv
FP_DP_Add_Outer=FP_dmul
FP_DP_Mul_Outer=FP_DP_DivCore
FP_SP_Add_Outer=FP_fmul
FP_SP_Mul_Outer=FP_SP_DivCore
DSP_VoiceBlend=FP_modf
FP_SP_Mul_Pad=FP_fadd_Pad
FP_DP_Mul=FP_dadd
FP_SP_Mul=FP_fadd
