This is pdfTeX, Version 3.141592653-2.6-1.40.26 (TeX Live 2025/dev/Debian) (preloaded format=pdflatex 2026.9.17)  20 SEP 2026 21:30
entering extended mode
 restricted \write18 enabled.
 %&-line parsing enabled.
**manual.tex
(./manual.tex
LaTeX2e <2024-11-01> patch level 2
L3 programming layer <2025-01-18>
(./preamble.tex (/usr/share/texlive/texmf-dist/tex/latex/base/report.cls
Document Class: report 2024/06/29 v1.4n Standard LaTeX document class
(/usr/share/texlive/texmf-dist/tex/latex/base/size11.clo
File: size11.clo 2024/06/29 v1.4n Standard LaTeX file (size option)
)
\c@part=\count196
\c@chapter=\count197
\c@section=\count198
\c@subsection=\count199
\c@subsubsection=\count266
\c@paragraph=\count267
\c@subparagraph=\count268
\c@figure=\count269
\c@table=\count270
\abovecaptionskip=\skip49
\belowcaptionskip=\skip50
\bibindent=\dimen141
)
(/usr/share/texlive/texmf-dist/tex/latex/base/fontenc.sty
Package: fontenc 2021/04/29 v2.0v Standard LaTeX package
)
(/usr/share/texlive/texmf-dist/tex/latex/base/inputenc.sty
Package: inputenc 2024/02/08 v1.3d Input encoding file
\inpenc@prehook=\toks17
\inpenc@posthook=\toks18
)
(/usr/share/texlive/texmf-dist/tex/latex/geometry/geometry.sty
Package: geometry 2020/01/02 v5.9 Page Geometry

(/usr/share/texlive/texmf-dist/tex/latex/graphics/keyval.sty
Package: keyval 2022/05/29 v1.15 key=value parser (DPC)
\KV@toks@=\toks19
)
(/usr/share/texlive/texmf-dist/tex/generic/iftex/ifvtex.sty
Package: ifvtex 2019/10/25 v1.7 ifvtex legacy package. Use iftex instead.

(/usr/share/texlive/texmf-dist/tex/generic/iftex/iftex.sty
Package: iftex 2024/12/12 v1.0g TeX engine tests
))
\Gm@cnth=\count271
\Gm@cntv=\count272
\c@Gm@tempcnt=\count273
\Gm@bindingoffset=\dimen142
\Gm@wd@mp=\dimen143
\Gm@odd@mp=\dimen144
\Gm@even@mp=\dimen145
\Gm@layoutwidth=\dimen146
\Gm@layoutheight=\dimen147
\Gm@layouthoffset=\dimen148
\Gm@layoutvoffset=\dimen149
\Gm@dimlist=\toks20
)
(/usr/share/texlive/texmf-dist/tex/latex/booktabs/booktabs.sty
Package: booktabs 2020/01/12 v1.61803398 Publication quality tables
\heavyrulewidth=\dimen150
\lightrulewidth=\dimen151
\cmidrulewidth=\dimen152
\belowrulesep=\dimen153
\belowbottomsep=\dimen154
\aboverulesep=\dimen155
\abovetopsep=\dimen156
\cmidrulesep=\dimen157
\cmidrulekern=\dimen158
\defaultaddspace=\dimen159
\@cmidla=\count274
\@cmidlb=\count275
\@aboverulesep=\dimen160
\@belowrulesep=\dimen161
\@thisruleclass=\count276
\@lastruleclass=\count277
\@thisrulewidth=\dimen162
)
(/usr/share/texlive/texmf-dist/tex/latex/tools/longtable.sty
Package: longtable 2024-10-27 v4.22 Multi-page Table package (DPC)
\LTleft=\skip51
\LTright=\skip52
\LTpre=\skip53
\LTpost=\skip54
\LTchunksize=\count278
\LTcapwidth=\dimen163
\LT@head=\box52
\LT@firsthead=\box53
\LT@foot=\box54
\LT@lastfoot=\box55
\LT@gbox=\box56
\LT@cols=\count279
\LT@rows=\count280
\c@LT@tables=\count281
\c@LT@chunks=\count282
\LT@p@ftn=\toks21
)
(/usr/share/texlive/texmf-dist/tex/latex/tools/array.sty
Package: array 2024/10/17 v2.6g Tabular extension package (FMi)
\col@sep=\dimen164
\ar@mcellbox=\box57
\extrarowheight=\dimen165
\NC@list=\toks22
\extratabsurround=\skip55
\backup@length=\skip56
\ar@cellbox=\box58
)
(/usr/share/texlive/texmf-dist/tex/latex/fancyhdr/fancyhdr.sty
Package: fancyhdr 2025/02/07 v5.2 Extensive control of page headers and footers

\f@nch@headwidth=\skip57
\f@nch@offset@elh=\skip58
\f@nch@offset@erh=\skip59
\f@nch@offset@olh=\skip60
\f@nch@offset@orh=\skip61
\f@nch@offset@elf=\skip62
\f@nch@offset@erf=\skip63
\f@nch@offset@olf=\skip64
\f@nch@offset@orf=\skip65
\f@nch@height=\skip66
\f@nch@footalignment=\skip67
\f@nch@widthL=\skip68
\f@nch@widthC=\skip69
\f@nch@widthR=\skip70
\@temptokenb=\toks23
)
(/usr/share/texlive/texmf-dist/tex/latex/titlesec/titlesec.sty
Package: titlesec 2025/01/04 v2.17 Sectioning titles
\ttl@box=\box59
\beforetitleunit=\skip71
\aftertitleunit=\skip72
\ttl@plus=\dimen166
\ttl@minus=\dimen167
\ttl@toksa=\toks24
\titlewidth=\dimen168
\titlewidthlast=\dimen169
\titlewidthfirst=\dimen170
)
(/usr/share/texlive/texmf-dist/tex/latex/hyperref/hyperref.sty
Package: hyperref 2024-11-05 v7.01l Hypertext links for LaTeX

(/usr/share/texlive/texmf-dist/tex/latex/kvsetkeys/kvsetkeys.sty
Package: kvsetkeys 2022-10-05 v1.19 Key value parser (HO)
)
(/usr/share/texlive/texmf-dist/tex/generic/kvdefinekeys/kvdefinekeys.sty
Package: kvdefinekeys 2019-12-19 v1.6 Define keys (HO)
)
(/usr/share/texlive/texmf-dist/tex/generic/pdfescape/pdfescape.sty
Package: pdfescape 2019/12/09 v1.15 Implements pdfTeX's escape features (HO)

(/usr/share/texlive/texmf-dist/tex/generic/ltxcmds/ltxcmds.sty
Package: ltxcmds 2023-12-04 v1.26 LaTeX kernel commands for general use (HO)
)
(/usr/share/texlive/texmf-dist/tex/generic/pdftexcmds/pdftexcmds.sty
Package: pdftexcmds 2020-06-27 v0.33 Utility functions of pdfTeX for LuaTeX (HO
)

(/usr/share/texlive/texmf-dist/tex/generic/infwarerr/infwarerr.sty
Package: infwarerr 2019/12/03 v1.5 Providing info/warning/error messages (HO)
)
Package pdftexcmds Info: \pdf@primitive is available.
Package pdftexcmds Info: \pdf@ifprimitive is available.
Package pdftexcmds Info: \pdfdraftmode found.
))
(/usr/share/texlive/texmf-dist/tex/latex/hycolor/hycolor.sty
Package: hycolor 2020-01-27 v1.10 Color options for hyperref/bookmark (HO)
)
(/usr/share/texlive/texmf-dist/tex/latex/hyperref/nameref.sty
Package: nameref 2023-11-26 v2.56 Cross-referencing by name of section

(/usr/share/texlive/texmf-dist/tex/latex/refcount/refcount.sty
Package: refcount 2019/12/15 v3.6 Data extraction from label references (HO)
)
(/usr/share/texlive/texmf-dist/tex/generic/gettitlestring/gettitlestring.sty
Package: gettitlestring 2019/12/15 v1.6 Cleanup title references (HO)

(/usr/share/texlive/texmf-dist/tex/latex/kvoptions/kvoptions.sty
Package: kvoptions 2022-06-15 v3.15 Key value format for package options (HO)
))
\c@section@level=\count283
)
(/usr/share/texlive/texmf-dist/tex/latex/etoolbox/etoolbox.sty
Package: etoolbox 2025/02/11 v2.5l e-TeX tools for LaTeX (JAW)
\etb@tempcnta=\count284
)
(/usr/share/texlive/texmf-dist/tex/generic/stringenc/stringenc.sty
Package: stringenc 2019/11/29 v1.12 Convert strings between diff. encodings (HO
)
)
\@linkdim=\dimen171
\Hy@linkcounter=\count285
\Hy@pagecounter=\count286

(/usr/share/texlive/texmf-dist/tex/latex/hyperref/pd1enc.def
File: pd1enc.def 2024-11-05 v7.01l Hyperref: PDFDocEncoding definition (HO)
Now handling font encoding PD1 ...
... no UTF-8 mapping file for font encoding PD1
)
(/usr/share/texlive/texmf-dist/tex/generic/intcalc/intcalc.sty
Package: intcalc 2019/12/15 v1.3 Expandable calculations with integers (HO)
)
\Hy@SavedSpaceFactor=\count287

(/usr/share/texlive/texmf-dist/tex/latex/hyperref/puenc.def
File: puenc.def 2024-11-05 v7.01l Hyperref: PDF Unicode definition (HO)
Now handling font encoding PU ...
... no UTF-8 mapping file for font encoding PU
)
Package hyperref Info: Hyper figures OFF on input line 4157.
Package hyperref Info: Link nesting OFF on input line 4162.
Package hyperref Info: Hyper index ON on input line 4165.
Package hyperref Info: Plain pages OFF on input line 4172.
Package hyperref Info: Backreferencing OFF on input line 4177.
Package hyperref Info: Implicit mode ON; LaTeX internals redefined.
Package hyperref Info: Bookmarks ON on input line 4424.
\c@Hy@tempcnt=\count288

(/usr/share/texlive/texmf-dist/tex/latex/url/url.sty
\Urlmuskip=\muskip17
Package: url 2013/09/16  ver 3.4  Verb mode for urls, etc.
)
LaTeX Info: Redefining \url on input line 4763.
\XeTeXLinkMargin=\dimen172

(/usr/share/texlive/texmf-dist/tex/generic/bitset/bitset.sty
Package: bitset 2019/12/09 v1.3 Handle bit-vector datatype (HO)

(/usr/share/texlive/texmf-dist/tex/generic/bigintcalc/bigintcalc.sty
Package: bigintcalc 2019/12/15 v1.5 Expandable calculations on big integers (HO
)
))
\Fld@menulength=\count289
\Field@Width=\dimen173
\Fld@charsize=\dimen174
Package hyperref Info: Hyper figures OFF on input line 6042.
Package hyperref Info: Link nesting OFF on input line 6047.
Package hyperref Info: Hyper index ON on input line 6050.
Package hyperref Info: backreferencing OFF on input line 6057.
Package hyperref Info: Link coloring OFF on input line 6062.
Package hyperref Info: Link coloring with OCG OFF on input line 6067.
Package hyperref Info: PDF/A mode OFF on input line 6072.

(/usr/share/texlive/texmf-dist/tex/latex/base/atbegshi-ltx.sty
Package: atbegshi-ltx 2021/01/10 v1.0c Emulation of the original atbegshi
package with kernel methods
)
\Hy@abspage=\count290
\c@Item=\count291
\c@Hfootnote=\count292
)
Package hyperref Info: Driver (autodetected): hpdftex.

(/usr/share/texlive/texmf-dist/tex/latex/hyperref/hpdftex.def
File: hpdftex.def 2024-11-05 v7.01l Hyperref driver for pdfTeX

(/usr/share/texlive/texmf-dist/tex/latex/base/atveryend-ltx.sty
Package: atveryend-ltx 2020/08/19 v1.0a Emulation of the original atveryend pac
kage
with kernel methods
)
\Fld@listcount=\count293
\c@bookmark@seq@number=\count294

(/usr/share/texlive/texmf-dist/tex/latex/rerunfilecheck/rerunfilecheck.sty
Package: rerunfilecheck 2022-07-10 v1.10 Rerun checks for auxiliary files (HO)

(/usr/share/texlive/texmf-dist/tex/generic/uniquecounter/uniquecounter.sty
Package: uniquecounter 2019/12/15 v1.4 Provide unlimited unique counter (HO)
)
Package uniquecounter Info: New unique counter `rerunfilecheck' on input line 2
85.
)
\Hy@SectionHShift=\skip73
)
(/usr/share/texlive/texmf-dist/tex/latex/xcolor/xcolor.sty
Package: xcolor 2024/09/29 v3.02 LaTeX color extensions (UK)

(/usr/share/texlive/texmf-dist/tex/latex/graphics-cfg/color.cfg
File: color.cfg 2016/01/02 v1.6 sample color configuration
)
Package xcolor Info: Driver file: pdftex.def on input line 274.

(/usr/share/texlive/texmf-dist/tex/latex/graphics-def/pdftex.def
File: pdftex.def 2024/04/13 v1.2c Graphics/color driver for pdftex
)
(/usr/share/texlive/texmf-dist/tex/latex/graphics/mathcolor.ltx)
Package xcolor Info: Model `cmy' substituted by `cmy0' on input line 1349.
Package xcolor Info: Model `hsb' substituted by `rgb' on input line 1353.
Package xcolor Info: Model `RGB' extended on input line 1365.
Package xcolor Info: Model `HTML' substituted by `rgb' on input line 1367.
Package xcolor Info: Model `Hsb' substituted by `hsb' on input line 1368.
Package xcolor Info: Model `tHsb' substituted by `hsb' on input line 1369.
Package xcolor Info: Model `HSB' substituted by `hsb' on input line 1370.
Package xcolor Info: Model `Gray' substituted by `gray' on input line 1371.
Package xcolor Info: Model `wave' substituted by `hsb' on input line 1372.
)
(/usr/share/texlive/texmf-dist/tex/latex/tcolorbox/tcolorbox.sty
Package: tcolorbox 2024/10/22 version 6.4.1 text color boxes

(/usr/share/texlive/texmf-dist/tex/latex/pgf/frontendlayer/tikz.sty
(/usr/share/texlive/texmf-dist/tex/latex/pgf/basiclayer/pgf.sty
(/usr/share/texlive/texmf-dist/tex/latex/pgf/utilities/pgfrcs.sty
(/usr/share/texlive/texmf-dist/tex/generic/pgf/utilities/pgfutil-common.tex
\pgfutil@everybye=\toks25
\pgfutil@tempdima=\dimen175
\pgfutil@tempdimb=\dimen176
)
(/usr/share/texlive/texmf-dist/tex/generic/pgf/utilities/pgfutil-latex.def
\pgfutil@abb=\box60
)
(/usr/share/texlive/texmf-dist/tex/generic/pgf/utilities/pgfrcs.code.tex
(/usr/share/texlive/texmf-dist/tex/generic/pgf/pgf.revision.tex)
Package: pgfrcs 2023-01-15 v3.1.10 (3.1.10)
))
Package: pgf 2023-01-15 v3.1.10 (3.1.10)

(/usr/share/texlive/texmf-dist/tex/latex/pgf/basiclayer/pgfcore.sty
(/usr/share/texlive/texmf-dist/tex/latex/graphics/graphicx.sty
Package: graphicx 2021/09/16 v1.2d Enhanced LaTeX Graphics (DPC,SPQR)

(/usr/share/texlive/texmf-dist/tex/latex/graphics/graphics.sty
Package: graphics 2024/08/06 v1.4g Standard LaTeX Graphics (DPC,SPQR)

(/usr/share/texlive/texmf-dist/tex/latex/graphics/trig.sty
Package: trig 2023/12/02 v1.11 sin cos tan (DPC)
)
(/usr/share/texlive/texmf-dist/tex/latex/graphics-cfg/graphics.cfg
File: graphics.cfg 2016/06/04 v1.11 sample graphics configuration
)
Package graphics Info: Driver file: pdftex.def on input line 106.
)
\Gin@req@height=\dimen177
\Gin@req@width=\dimen178
)
(/usr/share/texlive/texmf-dist/tex/latex/pgf/systemlayer/pgfsys.sty
(/usr/share/texlive/texmf-dist/tex/generic/pgf/systemlayer/pgfsys.code.tex
Package: pgfsys 2023-01-15 v3.1.10 (3.1.10)

(/usr/share/texlive/texmf-dist/tex/generic/pgf/utilities/pgfkeys.code.tex
\pgfkeys@pathtoks=\toks26
\pgfkeys@temptoks=\toks27

(/usr/share/texlive/texmf-dist/tex/generic/pgf/utilities/pgfkeyslibraryfiltered
.code.tex
\pgfkeys@tmptoks=\toks28
))
\pgf@x=\dimen179
\pgf@y=\dimen180
\pgf@xa=\dimen181
\pgf@ya=\dimen182
\pgf@xb=\dimen183
\pgf@yb=\dimen184
\pgf@xc=\dimen185
\pgf@yc=\dimen186
\pgf@xd=\dimen187
\pgf@yd=\dimen188
\w@pgf@writea=\write3
\r@pgf@reada=\read2
\c@pgf@counta=\count295
\c@pgf@countb=\count296
\c@pgf@countc=\count297
\c@pgf@countd=\count298
\t@pgf@toka=\toks29
\t@pgf@tokb=\toks30
\t@pgf@tokc=\toks31
\pgf@sys@id@count=\count299
 (/usr/share/texlive/texmf-dist/tex/generic/pgf/systemlayer/pgf.cfg
File: pgf.cfg 2023-01-15 v3.1.10 (3.1.10)
)
Driver file for pgf: pgfsys-pdftex.def
(/usr/share/texlive/texmf-dist/tex/generic/pgf/systemlayer/pgfsys-pdftex.def
File: pgfsys-pdftex.def 2023-01-15 v3.1.10 (3.1.10)

(/usr/share/texlive/texmf-dist/tex/generic/pgf/systemlayer/pgfsys-common-pdf.de
f
File: pgfsys-common-pdf.def 2023-01-15 v3.1.10 (3.1.10)
)))
(/usr/share/texlive/texmf-dist/tex/generic/pgf/systemlayer/pgfsyssoftpath.code.
tex
File: pgfsyssoftpath.code.tex 2023-01-15 v3.1.10 (3.1.10)
\pgfsyssoftpath@smallbuffer@items=\count300
\pgfsyssoftpath@bigbuffer@items=\count301
)
(/usr/share/texlive/texmf-dist/tex/generic/pgf/systemlayer/pgfsysprotocol.code.
tex
File: pgfsysprotocol.code.tex 2023-01-15 v3.1.10 (3.1.10)
))
(/usr/share/texlive/texmf-dist/tex/generic/pgf/basiclayer/pgfcore.code.tex
Package: pgfcore 2023-01-15 v3.1.10 (3.1.10)

(/usr/share/texlive/texmf-dist/tex/generic/pgf/math/pgfmath.code.tex
(/usr/share/texlive/texmf-dist/tex/generic/pgf/math/pgfmathutil.code.tex)
(/usr/share/texlive/texmf-dist/tex/generic/pgf/math/pgfmathparser.code.tex
\pgfmath@dimen=\dimen189
\pgfmath@count=\count302
\pgfmath@box=\box61
\pgfmath@toks=\toks32
\pgfmath@stack@operand=\toks33
\pgfmath@stack@operation=\toks34
)
(/usr/share/texlive/texmf-dist/tex/generic/pgf/math/pgfmathfunctions.code.tex)
(/usr/share/texlive/texmf-dist/tex/generic/pgf/math/pgfmathfunctions.basic.code
.tex)
(/usr/share/texlive/texmf-dist/tex/generic/pgf/math/pgfmathfunctions.trigonomet
ric.code.tex)
(/usr/share/texlive/texmf-dist/tex/generic/pgf/math/pgfmathfunctions.random.cod
e.tex)
(/usr/share/texlive/texmf-dist/tex/generic/pgf/math/pgfmathfunctions.comparison
.code.tex)
(/usr/share/texlive/texmf-dist/tex/generic/pgf/math/pgfmathfunctions.base.code.
tex)
(/usr/share/texlive/texmf-dist/tex/generic/pgf/math/pgfmathfunctions.round.code
.tex)
(/usr/share/texlive/texmf-dist/tex/generic/pgf/math/pgfmathfunctions.misc.code.
tex)
(/usr/share/texlive/texmf-dist/tex/generic/pgf/math/pgfmathfunctions.integerari
thmetics.code.tex)
(/usr/share/texlive/texmf-dist/tex/generic/pgf/math/pgfmathcalc.code.tex)
(/usr/share/texlive/texmf-dist/tex/generic/pgf/math/pgfmathfloat.code.tex
\c@pgfmathroundto@lastzeros=\count303
))
(/usr/share/texlive/texmf-dist/tex/generic/pgf/math/pgfint.code.tex)
(/usr/share/texlive/texmf-dist/tex/generic/pgf/basiclayer/pgfcorepoints.code.te
x
File: pgfcorepoints.code.tex 2023-01-15 v3.1.10 (3.1.10)
\pgf@picminx=\dimen190
\pgf@picmaxx=\dimen191
\pgf@picminy=\dimen192
\pgf@picmaxy=\dimen193
\pgf@pathminx=\dimen194
\pgf@pathmaxx=\dimen195
\pgf@pathminy=\dimen196
\pgf@pathmaxy=\dimen197
\pgf@xx=\dimen198
\pgf@xy=\dimen199
\pgf@yx=\dimen256
\pgf@yy=\dimen257
\pgf@zx=\dimen258
\pgf@zy=\dimen259
)
(/usr/share/texlive/texmf-dist/tex/generic/pgf/basiclayer/pgfcorepathconstruct.
code.tex
File: pgfcorepathconstruct.code.tex 2023-01-15 v3.1.10 (3.1.10)
\pgf@path@lastx=\dimen260
\pgf@path@lasty=\dimen261
)
(/usr/share/texlive/texmf-dist/tex/generic/pgf/basiclayer/pgfcorepathusage.code
.tex
File: pgfcorepathusage.code.tex 2023-01-15 v3.1.10 (3.1.10)
\pgf@shorten@end@additional=\dimen262
\pgf@shorten@start@additional=\dimen263
)
(/usr/share/texlive/texmf-dist/tex/generic/pgf/basiclayer/pgfcorescopes.code.te
x
File: pgfcorescopes.code.tex 2023-01-15 v3.1.10 (3.1.10)
\pgfpic=\box62
\pgf@hbox=\box63
\pgf@layerbox@main=\box64
\pgf@picture@serial@count=\count304
)
(/usr/share/texlive/texmf-dist/tex/generic/pgf/basiclayer/pgfcoregraphicstate.c
ode.tex
File: pgfcoregraphicstate.code.tex 2023-01-15 v3.1.10 (3.1.10)
\pgflinewidth=\dimen264
)
(/usr/share/texlive/texmf-dist/tex/generic/pgf/basiclayer/pgfcoretransformation
s.code.tex
File: pgfcoretransformations.code.tex 2023-01-15 v3.1.10 (3.1.10)
\pgf@pt@x=\dimen265
\pgf@pt@y=\dimen266
\pgf@pt@temp=\dimen267
)
(/usr/share/texlive/texmf-dist/tex/generic/pgf/basiclayer/pgfcorequick.code.tex
File: pgfcorequick.code.tex 2023-01-15 v3.1.10 (3.1.10)
)
(/usr/share/texlive/texmf-dist/tex/generic/pgf/basiclayer/pgfcoreobjects.code.t
ex
File: pgfcoreobjects.code.tex 2023-01-15 v3.1.10 (3.1.10)
)
(/usr/share/texlive/texmf-dist/tex/generic/pgf/basiclayer/pgfcorepathprocessing
.code.tex
File: pgfcorepathprocessing.code.tex 2023-01-15 v3.1.10 (3.1.10)
)
(/usr/share/texlive/texmf-dist/tex/generic/pgf/basiclayer/pgfcorearrows.code.te
x
File: pgfcorearrows.code.tex 2023-01-15 v3.1.10 (3.1.10)
\pgfarrowsep=\dimen268
)
(/usr/share/texlive/texmf-dist/tex/generic/pgf/basiclayer/pgfcoreshade.code.tex
File: pgfcoreshade.code.tex 2023-01-15 v3.1.10 (3.1.10)
\pgf@max=\dimen269
\pgf@sys@shading@range@num=\count305
\pgf@shadingcount=\count306
)
(/usr/share/texlive/texmf-dist/tex/generic/pgf/basiclayer/pgfcoreimage.code.tex
File: pgfcoreimage.code.tex 2023-01-15 v3.1.10 (3.1.10)
)
(/usr/share/texlive/texmf-dist/tex/generic/pgf/basiclayer/pgfcoreexternal.code.
tex
File: pgfcoreexternal.code.tex 2023-01-15 v3.1.10 (3.1.10)
\pgfexternal@startupbox=\box65
)
(/usr/share/texlive/texmf-dist/tex/generic/pgf/basiclayer/pgfcorelayers.code.te
x
File: pgfcorelayers.code.tex 2023-01-15 v3.1.10 (3.1.10)
)
(/usr/share/texlive/texmf-dist/tex/generic/pgf/basiclayer/pgfcoretransparency.c
ode.tex
File: pgfcoretransparency.code.tex 2023-01-15 v3.1.10 (3.1.10)
)
(/usr/share/texlive/texmf-dist/tex/generic/pgf/basiclayer/pgfcorepatterns.code.
tex
File: pgfcorepatterns.code.tex 2023-01-15 v3.1.10 (3.1.10)
)
(/usr/share/texlive/texmf-dist/tex/generic/pgf/basiclayer/pgfcorerdf.code.tex
File: pgfcorerdf.code.tex 2023-01-15 v3.1.10 (3.1.10)
)))
(/usr/share/texlive/texmf-dist/tex/generic/pgf/modules/pgfmoduleshapes.code.tex
File: pgfmoduleshapes.code.tex 2023-01-15 v3.1.10 (3.1.10)
\pgfnodeparttextbox=\box66
) (/usr/share/texlive/texmf-dist/tex/generic/pgf/modules/pgfmoduleplot.code.tex
File: pgfmoduleplot.code.tex 2023-01-15 v3.1.10 (3.1.10)
)
(/usr/share/texlive/texmf-dist/tex/latex/pgf/compatibility/pgfcomp-version-0-65
.sty
Package: pgfcomp-version-0-65 2023-01-15 v3.1.10 (3.1.10)
\pgf@nodesepstart=\dimen270
\pgf@nodesepend=\dimen271
)
(/usr/share/texlive/texmf-dist/tex/latex/pgf/compatibility/pgfcomp-version-1-18
.sty
Package: pgfcomp-version-1-18 2023-01-15 v3.1.10 (3.1.10)
)) (/usr/share/texlive/texmf-dist/tex/latex/pgf/utilities/pgffor.sty
(/usr/share/texlive/texmf-dist/tex/latex/pgf/utilities/pgfkeys.sty
(/usr/share/texlive/texmf-dist/tex/generic/pgf/utilities/pgfkeys.code.tex))
(/usr/share/texlive/texmf-dist/tex/latex/pgf/math/pgfmath.sty
(/usr/share/texlive/texmf-dist/tex/generic/pgf/math/pgfmath.code.tex))
(/usr/share/texlive/texmf-dist/tex/generic/pgf/utilities/pgffor.code.tex
Package: pgffor 2023-01-15 v3.1.10 (3.1.10)
\pgffor@iter=\dimen272
\pgffor@skip=\dimen273
\pgffor@stack=\toks35
\pgffor@toks=\toks36
))
(/usr/share/texlive/texmf-dist/tex/generic/pgf/frontendlayer/tikz/tikz.code.tex
Package: tikz 2023-01-15 v3.1.10 (3.1.10)

(/usr/share/texlive/texmf-dist/tex/generic/pgf/libraries/pgflibraryplothandlers
.code.tex
File: pgflibraryplothandlers.code.tex 2023-01-15 v3.1.10 (3.1.10)
\pgf@plot@mark@count=\count307
\pgfplotmarksize=\dimen274
)
\tikz@lastx=\dimen275
\tikz@lasty=\dimen276
\tikz@lastxsaved=\dimen277
\tikz@lastysaved=\dimen278
\tikz@lastmovetox=\dimen279
\tikz@lastmovetoy=\dimen280
\tikzleveldistance=\dimen281
\tikzsiblingdistance=\dimen282
\tikz@figbox=\box67
\tikz@figbox@bg=\box68
\tikz@tempbox=\box69
\tikz@tempbox@bg=\box70
\tikztreelevel=\count308
\tikznumberofchildren=\count309
\tikznumberofcurrentchild=\count310
\tikz@fig@count=\count311

(/usr/share/texlive/texmf-dist/tex/generic/pgf/modules/pgfmodulematrix.code.tex
File: pgfmodulematrix.code.tex 2023-01-15 v3.1.10 (3.1.10)
\pgfmatrixcurrentrow=\count312
\pgfmatrixcurrentcolumn=\count313
\pgf@matrix@numberofcolumns=\count314
)
\tikz@expandcount=\count315

(/usr/share/texlive/texmf-dist/tex/generic/pgf/frontendlayer/tikz/libraries/tik
zlibrarytopaths.code.tex
File: tikzlibrarytopaths.code.tex 2023-01-15 v3.1.10 (3.1.10)
)))
(/usr/share/texlive/texmf-dist/tex/latex/tools/verbatim.sty
Package: verbatim 2024-01-22 v1.5x LaTeX2e package for verbatim enhancements
\every@verbatim=\toks37
\verbatim@line=\toks38
\verbatim@in@stream=\read3
)
(/usr/share/texlive/texmf-dist/tex/latex/environ/environ.sty
Package: environ 2014/05/04 v0.3 A new way to define environments

(/usr/share/texlive/texmf-dist/tex/latex/trimspaces/trimspaces.sty
Package: trimspaces 2009/09/17 v1.1 Trim spaces around a token list
)
\@envbody=\toks39
)
\tcb@titlebox=\box71
\tcb@upperbox=\box72
\tcb@lowerbox=\box73
\tcb@phantombox=\box74
\c@tcbbreakpart=\count316
\c@tcblayer=\count317
\c@tcolorbox@number=\count318
\l__tcobox_tmpa_box=\box75
\l__tcobox_tmpa_dim=\dimen283
\tcb@temp=\box76
\tcb@temp=\box77
\tcb@temp=\box78
\tcb@temp=\box79
))
(/usr/share/texlive/texmf-dist/tex/latex/l3backend/l3backend-pdftex.def
File: l3backend-pdftex.def 2024-05-08 L3 backend support: PDF output (pdfTeX)
\l__color_backend_stack_int=\count319
\l__pdf_internal_box=\box80
)
(./manual.aux)
\openout1 = `manual.aux'.

LaTeX Font Info:    Checking defaults for OML/cmm/m/it on input line 2.
LaTeX Font Info:    ... okay on input line 2.
LaTeX Font Info:    Checking defaults for OMS/cmsy/m/n on input line 2.
LaTeX Font Info:    ... okay on input line 2.
LaTeX Font Info:    Checking defaults for OT1/cmr/m/n on input line 2.
LaTeX Font Info:    ... okay on input line 2.
LaTeX Font Info:    Checking defaults for T1/cmr/m/n on input line 2.
LaTeX Font Info:    ... okay on input line 2.
LaTeX Font Info:    Checking defaults for TS1/cmr/m/n on input line 2.
LaTeX Font Info:    ... okay on input line 2.
LaTeX Font Info:    Checking defaults for OMX/cmex/m/n on input line 2.
LaTeX Font Info:    ... okay on input line 2.
LaTeX Font Info:    Checking defaults for U/cmr/m/n on input line 2.
LaTeX Font Info:    ... okay on input line 2.
LaTeX Font Info:    Checking defaults for PD1/pdf/m/n on input line 2.
LaTeX Font Info:    ... okay on input line 2.
LaTeX Font Info:    Checking defaults for PU/pdf/m/n on input line 2.
LaTeX Font Info:    ... okay on input line 2.

*geometry* driver: auto-detecting
*geometry* detected driver: pdftex
*geometry* verbose mode - [ preamble ] result:
* driver: pdftex
* paper: a4paper
* layout: <same size as paper>
* layoutoffset:(h,v)=(0.0pt,0.0pt)
* modes: 
* h-part:(L,W,R)=(79.66771pt, 438.17245pt, 79.66771pt)
* v-part:(T,H,B)=(79.66771pt, 685.71143pt, 79.66771pt)
* \paperwidth=597.50787pt
* \paperheight=845.04684pt
* \textwidth=438.17245pt
* \textheight=685.71143pt
* \oddsidemargin=7.39772pt
* \evensidemargin=7.39772pt
* \topmargin=-29.60228pt
* \headheight=12.0pt
* \headsep=25.0pt
* \topskip=11.0pt
* \footskip=30.0pt
* \marginparwidth=50.0pt
* \marginparsep=10.0pt
* \columnsep=10.0pt
* \skip\footins=10.0pt plus 4.0pt minus 2.0pt
* \hoffset=0.0pt
* \voffset=0.0pt
* \mag=1000
* \@twocolumnfalse
* \@twosidefalse
* \@mparswitchfalse
* \@reversemarginfalse
* (1in=72.27pt=25.4mm, 1cm=28.453pt)

Package hyperref Info: Link coloring OFF on input line 2.
(./manual.out) (./manual.out)
\@outlinefile=\write4
\openout4 = `manual.out'.


(/usr/share/texlive/texmf-dist/tex/context/base/mkii/supp-pdf.mkii
[Loading MPS to PDF converter (version 2006.09.02).]
\scratchcounter=\count320
\scratchdimen=\dimen284
\scratchbox=\box81
\nofMPsegments=\count321
\nofMParguments=\count322
\everyMPshowfont=\toks40
\MPscratchCnt=\count323
\MPscratchDim=\dimen285
\MPnumerator=\count324
\makeMPintoPDFobject=\count325
\everyMPtoPDFconversion=\toks41
) (/usr/share/texlive/texmf-dist/tex/latex/epstopdf-pkg/epstopdf-base.sty
Package: epstopdf-base 2020-01-24 v2.11 Base part for package epstopdf
Package epstopdf-base Info: Redefining graphics rule for `.eps' on input line 4
85.

(/usr/share/texlive/texmf-dist/tex/latex/latexconfig/epstopdf-sys.cfg
File: epstopdf-sys.cfg 2010/07/13 v1.3 Configuration of (r)epstopdf for TeX Liv
e
))

[1

{/var/lib/texmf/fonts/map/pdftex/updmap/pdftex.map}] (./manual.toc
LaTeX Font Info:    External font `cmex10' loaded for size
(Font)              <10.95> on input line 2.
LaTeX Font Info:    External font `cmex10' loaded for size
(Font)              <8> on input line 2.
LaTeX Font Info:    External font `cmex10' loaded for size
(Font)              <6> on input line 2.



pdfTeX warning (ext4): destination with the same identifier (name{page.1}) has 
been already used, duplicate ignored
<to be read again> 
                   \relax 
l.36 ...berline {A}Evidence index}{15}{appendix.A}
                                                  % [1

])
\tf@toc=\write5
\openout5 = `manual.toc'.

 (./ch1-scope.tex

[2]
Chapter 1.
LaTeX Font Info:    Font shape `T1/cmtt/bx/n' in size <10.95> not available
(Font)              Font shape `T1/cmtt/m/n' tried instead on input line 44.
) (./ch2-framing.tex

[3

]

[4]
Chapter 2.

Underfull \hbox (badness 10000) in paragraph at lines 47--52
[]\T1/cmr/m/n/10.95 Both the block header above \T1/cmtt/m/n/10.95 MIDI_RX_SysE
xStart \T1/cmr/m/n/10.95 and the project's
 []



[5

]) (./ch3-messageset.tex

[6]
Chapter 3.


[7

]) (./ch4-bulkdump.tex

[8]
Chapter 4.


[9

]

[10]) (./ch5-universal.tex

[11]
Chapter 5.
) (./ch6-errors.tex

[12

]
Chapter 6.


[13

]) (./appendix-evidence.tex

[14]
Appendix A.

Underfull \hbox (badness 4013) in paragraph at lines 7--7
\T1/cmr/m/n/10 ver-sal Sy-sEx mes-sages are
 []


Overfull \hbox (2.63991pt too wide) in paragraph at lines 7--7
[]|[]\T1/cmr/bx/n/10 established[]| 
 []


Underfull \hbox (badness 3058) in paragraph at lines 7--8
\T1/cmr/m/n/10 (records 767-781), PtrTable_F4F888 en-tries
 []


Overfull \hbox (2.63991pt too wide) in paragraph at lines 9--9
[]|[]\T1/cmr/bx/n/10 established[]| 
 []


Underfull \hbox (badness 10000) in paragraph at lines 9--10
[]|\T1/cmr/m/n/10 handler 0xFB51E7 (PtrTable_F4F800[32]
 []


Underfull \hbox (badness 10000) in paragraph at lines 9--10
\T1/cmr/m/n/10 = PtrTable_F4F888[32] = 0x00FB51E7);
 []


Underfull \hbox (badness 3009) in paragraph at lines 9--10
\T1/cmr/m/n/10 poster 0xF41B18 -> prom_a sub_F8BC08
 []


Underfull \hbox (badness 5460) in paragraph at lines 9--10
\T1/cmr/m/n/10 0xF8BC08 -> sub_F8BF07 0xF8BF07 ->
 []


Overfull \hbox (2.63991pt too wide) in paragraph at lines 11--11
[]|[]\T1/cmr/bx/n/10 established[]| 
 []


Underfull \hbox (badness 10000) in paragraph at lines 11--12
[]|\T1/cmr/m/n/10 handler 0xFB520C (PtrTable_F4F800[33]
 []


Underfull \hbox (badness 10000) in paragraph at lines 11--12
\T1/cmr/m/n/10 = PtrTable_F4F888[33] = 0x00FB520C);
 []


Underfull \hbox (badness 1460) in paragraph at lines 13--13
[]|\T1/cmr/m/n/10 Bit 2 of RAM 0x7F4D IS
 []


Overfull \hbox (2.63991pt too wide) in paragraph at lines 13--13
[]|[]\T1/cmr/bx/n/10 established[]| 
 []


Underfull \hbox (badness 10000) in paragraph at lines 13--14
[]|\T1/cmr/m/n/10 Paint_GeneralMidiMode 0xF99D0C,
 []


Underfull \hbox (badness 10000) in paragraph at lines 13--14
\T1/cmr/m/n/10 Paint_GeneralMidiMode_Entry 0xF99844,
 []


Underfull \hbox (badness 10000) in paragraph at lines 13--14
\T1/cmr/m/n/10 Screen-But-ton_GeneralMidiMode_Entry
 []


Underfull \hbox (badness 10000) in paragraph at lines 13--14
\T1/cmr/m/n/10 0xF9984C; prom_b sub_F45119
 []


Overfull \hbox (2.63991pt too wide) in paragraph at lines 15--15
[]|[]\T1/cmr/bx/n/10 established[]| 
 []


Underfull \hbox (badness 3260) in paragraph at lines 15--16
\T1/cmr/m/n/10 ter) 0xFB62D3, Link-Table_F4FF61 records
 []


Overfull \hbox (2.63991pt too wide) in paragraph at lines 17--17
[]|[]\T1/cmr/bx/n/10 established[]| 
 []


Underfull \hbox (badness 10000) in paragraph at lines 17--18
[]|\T1/cmr/m/n/10 sub_FB63D1 level-1 com-pare at
 []


Underfull \hbox (badness 10000) in paragraph at lines 17--18
\T1/cmr/m/n/10 0xFB6415; level-2 com-pare with wild-
 []


Underfull \hbox (badness 10000) in paragraph at lines 17--18
\T1/cmr/m/n/10 card at 0xFB64C5/0xFB64C9; root list
 []


Overfull \hbox (2.63991pt too wide) in paragraph at lines 19--19
[]|[]\T1/cmr/bx/n/10 established[]| 
 []


Underfull \hbox (badness 3792) in paragraph at lines 19--20
[]|\T1/cmr/m/n/10 MIDI_RX_SysExStart 0xFA584D (in-ter-rupt
 []


Underfull \hbox (badness 5050) in paragraph at lines 19--20
\T1/cmr/m/n/10 side), MIDI_Fg_SystemCommon 0xFA5B15
 []


Underfull \hbox (badness 10000) in paragraph at lines 19--20
\T1/cmr/m/n/10 (fore-ground side), MIDI_SysEx_Ignore
 []


Underfull \hbox (badness 1389) in paragraph at lines 19--20
\T1/cmr/m/n/10 0xFA586D, level-2 list at 0xF4FFCD, level-
 []


Overfull \hbox (2.63991pt too wide) in paragraph at lines 21--21
[]|[]\T1/cmr/bx/n/10 established[]| 
 []


Underfull \hbox (badness 10000) in paragraph at lines 21--22
[]|\T1/cmr/m/n/10 sub_FB6B87 0xFB6B87, class ta-ble
 []


Underfull \hbox (badness 1960) in paragraph at lines 21--22
\T1/cmr/m/n/10 0xF4FE82 (34 bytes, 0xF4FE82..0xF4FEA3;
 []


Underfull \hbox (badness 10000) in paragraph at lines 21--22
\T1/cmr/m/n/10 0xFB6BF4, sub_FB6CFC 0xFB6CFC,
 []


Overfull \hbox (2.63991pt too wide) in paragraph at lines 23--23
[]|[]\T1/cmr/bx/n/10 established[]| 
 []


Underfull \hbox (badness 10000) in paragraph at lines 23--24
[]|\T1/cmr/m/n/10 sub_FB20CE 0xFB20CE (drains ring
 []


Underfull \hbox (badness 10000) in paragraph at lines 23--24
\T1/cmr/m/n/10 0x601646, dis-patch through sub_FB2160
 []


Underfull \hbox (badness 10000) in paragraph at lines 23--24
\T1/cmr/m/n/10 + PtrTable_F4F800) and sub_FB21CB
 []


Underfull \hbox (badness 1783) in paragraph at lines 23--24
\T1/cmr/m/n/10 0xFB21CB (drains ring 0x601C6E, dis-patch
 []


Overfull \hbox (2.63991pt too wide) in paragraph at lines 25--25
[]|[]\T1/cmr/bx/n/10 established[]| 
 []


Underfull \hbox (badness 10000) in paragraph at lines 25--26
[]|\T1/cmr/m/n/10 main loop 0xF82077 (`call 0xf408e8` ->
 []


Underfull \hbox (badness 5417) in paragraph at lines 25--26
\T1/cmr/m/n/10 T_F408E8 -> 0xFB20CE) and 0xF820D3
 []


Overfull \hbox (2.63991pt too wide) in paragraph at lines 27--27
[]|[]\T1/cmr/bx/n/10 established[]| 
 []


Underfull \hbox (badness 3838) in paragraph at lines 27--28
[]|\T1/cmr/m/n/10 template pair at 0xF4FEE6 / 0xF4FEEC
 []


Underfull \hbox (badness 3679) in paragraph at lines 27--28
\T1/cmr/m/n/10 trans-mit chain sub_FB6F24 0xFB6F24 ->
 []


Underfull \hbox (badness 1184) in paragraph at lines 29--29
\T1/cmr/m/n/10 Files, se-lected by the GM-
 []


Overfull \hbox (2.63991pt too wide) in paragraph at lines 29--29
[]|[]\T1/cmr/bx/n/10 established[]| 
 []


Underfull \hbox (badness 10000) in paragraph at lines 29--30
[]|\T1/cmr/m/n/10 GmSystemSysEx_F76E64 (0xF76E64 /
 []


Underfull \hbox (badness 10000) in paragraph at lines 29--30
\T1/cmr/m/n/10 0xF76E6C), cho-sen at 0xF76F4A `ld
 []


Underfull \hbox (badness 5189) in paragraph at lines 33--34
[]|\T1/cmr/m/n/10 sub_FB63D1 0xFB63D1 (the +2 skip at
 []


Underfull \hbox (badness 5231) in paragraph at lines 33--34
\T1/cmr/m/n/10 0xFB63E1), root list 0xF5115B, front-end
 []


Underfull \hbox (badness 1748) in paragraph at lines 33--34
\T1/cmr/m/n/10 fil-ters MIDI_RX_SysExStart 0xFA5850 and
 []


Overfull \hbox (2.63991pt too wide) in paragraph at lines 35--35
[]|[]\T1/cmr/bx/n/10 established[]| 
 []


Underfull \hbox (badness 10000) in paragraph at lines 35--36
[]|\T1/cmr/m/n/10 sub_FB20CE 0xFB20D1, sub_FB21CB
 []


Overfull \hbox (2.63991pt too wide) in paragraph at lines 37--37
[]|[]\T1/cmr/bx/n/10 established[]| 
 []


Underfull \hbox (badness 3930) in paragraph at lines 37--38
[]|\T1/cmr/m/n/10 template block 0xF4FEA8-0xF4FF60 (read-
 []


Underfull \hbox (badness 6047) in paragraph at lines 37--38
\T1/cmr/m/n/10 ers at 0xFB28D9, 0xFB28F1, 0xFB279C,
 []


Overfull \hbox (2.63991pt too wide) in paragraph at lines 39--39
[]|[]\T1/cmr/bx/n/10 established[]| 
 []


Underfull \hbox (badness 10000) in paragraph at lines 39--40
[]|\T1/cmr/m/n/10 GmSystemSysEx_F76E64
 []


Underfull \hbox (badness 10000) in paragraph at lines 39--40
\T1/cmr/m/n/10 (prom_b/wsa1_prom_b.s:167308),
 []


Underfull \hbox (badness 10000) in paragraph at lines 39--40
\T1/cmr/m/n/10 Paint_GeneralMidiMode_Entry
 []


Underfull \hbox (badness 10000) in paragraph at lines 39--40
\T1/cmr/m/n/10 (prom_a/wsa1_prom_a.s:42886),
 []

[15

] [16]
Overfull \hbox (7.69865pt too wide) in paragraph at lines 42--42
|[]\T1/cmr/bx/n/14.4 SX-WSA1R MIDI trans-port on CPU 1 (prom_a/prom_b):
 []


Underfull \hbox (badness 1454) in paragraph at lines 45--45
[]|\T1/cmr/m/n/10 There are two MIDI in-put
 []


Overfull \hbox (2.63991pt too wide) in paragraph at lines 45--45
[]|[]\T1/cmr/bx/n/10 established[]| 
 []


Underfull \hbox (badness 10000) in paragraph at lines 45--46
[]|\T1/cmr/m/n/10 MidiIn_PumpPortA 0xFA6018,
 []


Underfull \hbox (badness 10000) in paragraph at lines 45--46
\T1/cmr/m/n/10 MidiIn_PumpPortB 0xFA60C2,
 []


Underfull \hbox (badness 10000) in paragraph at lines 45--46
\T1/cmr/m/n/10 MidiIn_FetchMessage_PortA 0xFA609A,
 []


Overfull \hbox (2.63991pt too wide) in paragraph at lines 47--47
[]|[]\T1/cmr/bx/n/10 established[]| 
 []


Underfull \hbox (badness 1210) in paragraph at lines 47--48
\T1/cmr/m/n/10 ond pair 0x18A0/0x18C0, cur-sor/count cells
 []


Overfull \hbox (2.63991pt too wide) in paragraph at lines 49--49
[]|[]\T1/cmr/bx/n/10 established[]| 
 []


Underfull \hbox (badness 10000) in paragraph at lines 49--50
[]|\T1/cmr/m/n/10 MIDI_RX_Byte 0xFA5496,
 []


Underfull \hbox (badness 10000) in paragraph at lines 49--50
\T1/cmr/m/n/10 MIDI_RX_DeliverTwo 0xFA57AF,
 []


Underfull \hbox (badness 10000) in paragraph at lines 49--50
\T1/cmr/m/n/10 MIDI_RX_DeliverThree 0xFA5803,
 []


Underfull \hbox (badness 10000) in paragraph at lines 49--50
\T1/cmr/m/n/10 MIDI_DrainQueue 0xFA5942,
 []


Underfull \hbox (badness 10000) in paragraph at lines 49--50
\T1/cmr/m/n/10 MIDI_Fg_Deliver2 0xFA5A8B,
 []


Underfull \hbox (badness 10000) in paragraph at lines 51--52
[]|\T1/cmr/m/n/10 prom_c IN-TRX0_HANDLER 0xF991FF,
 []


Underfull \hbox (badness 10000) in paragraph at lines 51--52
\T1/cmr/m/n/10 INTTX0_HANDLER 0xF99265,
 []


Underfull \hbox (badness 6978) in paragraph at lines 51--52
\T1/cmr/m/n/10 Link_Ch2_ForwardBytes (per-byte sink of
 []


Overfull \hbox (2.63991pt too wide) in paragraph at lines 53--53
[]|[]\T1/cmr/bx/n/10 established[]| 
 []


Underfull \hbox (badness 10000) in paragraph at lines 53--54
[]|\T1/cmr/m/n/10 MIDI_RX_SysExStart 0xFA584D,
 []


Underfull \hbox (badness 10000) in paragraph at lines 53--54
\T1/cmr/m/n/10 MIDI_RX_SysExData 0xFA586E,
 []


Underfull \hbox (badness 10000) in paragraph at lines 53--54
\T1/cmr/m/n/10 MIDI_Fg_SystemCommon 0xFA5AEB,
 []


Underfull \hbox (badness 10000) in paragraph at lines 53--54
\T1/cmr/m/n/10 MIDI_Fg_SysExData 0xFA5B3D,
 []


Underfull \hbox (badness 10000) in paragraph at lines 53--54
\T1/cmr/m/n/10 MidiIn_SystemMessage 0xFA614B,
 []


Overfull \hbox (2.63991pt too wide) in paragraph at lines 55--55
[]|[]\T1/cmr/bx/n/10 established[]| 
 []


Underfull \hbox (badness 10000) in paragraph at lines 55--56
[]|\T1/cmr/m/n/10 MIDI_RX_SysExStart 0xFA584D
 []


Underfull \hbox (badness 10000) in paragraph at lines 55--56
\T1/cmr/m/n/10 (`cp E,0x50` FA5850, `cp E,0x7E`
 []


Underfull \hbox (badness 10000) in paragraph at lines 55--56
\T1/cmr/m/n/10 FA5855), MIDI_Fg_SystemCommon
 []


Underfull \hbox (badness 10000) in paragraph at lines 55--56
\T1/cmr/m/n/10 0xFA5B15/0xFA5B1A, Sy-sEx as-
 []


Underfull \hbox (badness 10000) in paragraph at lines 55--56
\T1/cmr/m/n/10 sem-blers 0xFB210E/0xFB2113 and
 []


Underfull \hbox (badness 10000) in paragraph at lines 57--57
\T1/cmr/m/n/10 side, (0x0964) foreground-
 []


Overfull \hbox (2.63991pt too wide) in paragraph at lines 57--57
[]|[]\T1/cmr/bx/n/10 established[]| 
 []


Overfull \hbox (2.63991pt too wide) in paragraph at lines 59--59
[]|[]\T1/cmr/bx/n/10 established[]| 
 []


Underfull \hbox (badness 2922) in paragraph at lines 59--60
[]|\T1/cmr/m/n/10 sub_FB20CE (MIDI 1, ring 0x601646 via
 []


Underfull \hbox (badness 10000) in paragraph at lines 59--60
\T1/cmr/m/n/10 0xF41E38), sub_FB21CB (MIDI 2, ring
 []


Overfull \hbox (2.63991pt too wide) in paragraph at lines 61--61
[]|[]\T1/cmr/bx/n/10 established[]| 
 []


Underfull \hbox (badness 10000) in paragraph at lines 61--62
[]|\T1/cmr/m/n/10 sub_FB7165 (MIDI 1 only) 0xFB7165,
 []


Underfull \hbox (badness 1325) in paragraph at lines 61--62
\T1/cmr/m/n/10 sub_FB71BB (both ports) 0xFB71BB, bulk
 []


Underfull \hbox (badness 10000) in paragraph at lines 61--62
\T1/cmr/m/n/10 send drivers sub_FB6F6B 0xFB6F6B /
 []


Underfull \hbox (badness 3312) in paragraph at lines 63--63
[]|\T1/cmr/m/n/10 Ring 0x601432 is MIDI 1
 []


Overfull \hbox (2.63991pt too wide) in paragraph at lines 63--63
[]|[]\T1/cmr/bx/n/10 established[]| 
 []


Underfull \hbox (badness 10000) in paragraph at lines 63--64
\T1/cmr/m/n/10 0xF41DF0, Mid-i-Out_PutByteA 0xFA7D95,
 []


Underfull \hbox (badness 10000) in paragraph at lines 63--64
\T1/cmr/m/n/10 Mid-i-Out_PostStagedMessage (the
 []


Underfull \hbox (badness 10000) in paragraph at lines 63--64
\T1/cmr/m/n/10 0xFA7D26 site), (0x194B) port se-lect,
 []


Overfull \hbox (2.63991pt too wide) in paragraph at lines 65--65
[]|[]\T1/cmr/bx/n/10 established[]| 
 []


Underfull \hbox (badness 2512) in paragraph at lines 65--66
\T1/cmr/m/n/10 163 bytes each), free-count field at ring-2
 []


Overfull \hbox (2.63991pt too wide) in paragraph at lines 67--67
[]|[]\T1/cmr/bx/n/10 established[]| 
 []


Underfull \hbox (badness 10000) in paragraph at lines 67--68
[]|\T1/cmr/m/n/10 MIDI_RX_ErrorReset 0xFA5418,
 []


Underfull \hbox (badness 10000) in paragraph at lines 67--68
\T1/cmr/m/n/10 MIDI_RX_QueueFull2 0xFA57D0,
 []


Underfull \hbox (badness 10000) in paragraph at lines 67--68
\T1/cmr/m/n/10 MIDI_RX_QueueFull3 0xFA5828,
 []


Underfull \hbox (badness 10000) in paragraph at lines 67--68
\T1/cmr/m/n/10 MIDI_RX_SecondDataByte 0xFA57DE,
 []


Overfull \hbox (2.63991pt too wide) in paragraph at lines 69--69
[]|[]\T1/cmr/bx/n/10 established[]| 
 []


Underfull \hbox (badness 10000) in paragraph at lines 69--70
[]|\T1/cmr/m/n/10 MidiOut_PostStagedMessage (0xFA7CEB-
 []


Underfull \hbox (badness 1199) in paragraph at lines 71--71
[]|\T1/cmr/m/n/10 SysEx ac-cu-mu-la-tion has its
 []


Overfull \hbox (2.63991pt too wide) in paragraph at lines 71--71
[]|[]\T1/cmr/bx/n/10 established[]| 
 []


Underfull \hbox (badness 10000) in paragraph at lines 71--72
[]|\T1/cmr/m/n/10 sub_FB6165 0xFB6165, de-scrip-tor
 []


Underfull \hbox (badness 10000) in paragraph at lines 71--72
\T1/cmr/m/n/10 pointer (0x60FC80), count at +0x00,
 []


Underfull \hbox (badness 10000) in paragraph at lines 71--72
\T1/cmr/m/n/10 write cur-sor at +0x0A, abort sites
 []


Overfull \hbox (2.63991pt too wide) in paragraph at lines 73--73
[]|[]\T1/cmr/bx/n/10 established[]| 
 []


Underfull \hbox (badness 10000) in paragraph at lines 73--74
[]|\T1/cmr/m/n/10 sub_FB6E7F 0xFB6E7F (header),
 []


Underfull \hbox (badness 10000) in paragraph at lines 73--74
\T1/cmr/m/n/10 sub_FB6F24 0xFB6F24 (raw ap-pend),
 []


Underfull \hbox (badness 10000) in paragraph at lines 73--74
\T1/cmr/m/n/10 sub_FB7040 0xFB7040 (nib-b-liser),
 []


Underfull \hbox (badness 10000) in paragraph at lines 73--74
\T1/cmr/m/n/10 sub_FB70AE 0xFB70AE / sub_FB70E6
 []


Overfull \hbox (2.63991pt too wide) in paragraph at lines 75--75
[]|[]\T1/cmr/bx/n/10 established[]| 
 []


Underfull \hbox (badness 10000) in paragraph at lines 75--76
[]|\T1/cmr/m/n/10 templates prom_b 0xF4FEF8, 0xF4FF04,
 []


Underfull \hbox (badness 10000) in paragraph at lines 75--76
\T1/cmr/m/n/10 0xF4FF40, 0xF4FF49, 0xF4FF55; set-ters
 []


Underfull \hbox (badness 3601) in paragraph at lines 75--76
\T1/cmr/m/n/10 sub_FB75BA 0xFB75BA and sub_FB75E4
 []


Overfull \hbox (2.63991pt too wide) in paragraph at lines 77--77
[]|[]\T1/cmr/bx/n/10 established[]| 
 []


Underfull \hbox (badness 10000) in paragraph at lines 79--80
[]|\T1/cmr/m/n/10 sub_FB2160 0xFB2160, sub_FB62D3
 []


Underfull \hbox (badness 10000) in paragraph at lines 79--80
\T1/cmr/m/n/10 0xFB62D3 (get-ter, JumpT-able_FB62F6),
 []


Underfull \hbox (badness 10000) in paragraph at lines 79--80
\T1/cmr/m/n/10 sub_FB6219 0xFB6219 (set-ter, JumpT-
 []


Underfull \hbox (badness 10000) in paragraph at lines 79--80
\T1/cmr/m/n/10 able_FB6240), com-mand ta-ble prom_b
 []


Underfull \hbox (badness 10000) in paragraph at lines 81--82
[]|\T1/cmr/m/n/10 filter read-ers sub_F9ABEF 0xF9ABEF,
 []


Underfull \hbox (badness 10000) in paragraph at lines 81--82
\T1/cmr/m/n/10 sub_F9AC15, sub_F9AC3B, sub_F9AC61,
 []


Underfull \hbox (badness 2744) in paragraph at lines 81--82
\T1/cmr/m/n/10 sub_F9AC87, sub_F9ACAA, sub_F9ACD0,
 []


Underfull \hbox (badness 10000) in paragraph at lines 81--82
\T1/cmr/m/n/10 sub_F9ACF6 0xF9ACF6; ed-i-tors
 []


Overfull \hbox (2.63991pt too wide) in paragraph at lines 83--83
[]|[]\T1/cmr/bx/n/10 established[]| 
 []


Underfull \hbox (badness 10000) in paragraph at lines 83--84
[]|\T1/cmr/m/n/10 MidiIn_SongPosition 0xFA61A4,
 []


Underfull \hbox (badness 10000) in paragraph at lines 83--84
\T1/cmr/m/n/10 MidiIn_SongSelect 0xFA61B8,
 []


Underfull \hbox (badness 10000) in paragraph at lines 83--84
\T1/cmr/m/n/10 MidiIn_ProgramChange 0xFA6D58,
 []


Underfull \hbox (badness 10000) in paragraph at lines 83--84
\T1/cmr/m/n/10 MidiIn_PitchBend 0xFA6DE3,
 []


Underfull \hbox (badness 10000) in paragraph at lines 83--84
\T1/cmr/m/n/10 MidiIn_ChannelPressure 0xFA6E6A,
 []

[17] [18]
Underfull \hbox (badness 1127) in paragraph at lines 89--89
[]|\T1/cmr/m/n/10 How F0 reaches the Sy-sEx
 []


Overfull \hbox (2.63991pt too wide) in paragraph at lines 89--89
[]|[]\T1/cmr/bx/n/10 established[]| 
 []


Underfull \hbox (badness 10000) in paragraph at lines 89--90
[]|\T1/cmr/m/n/10 MIDI_RX_Byte 0xFA5496;
 []


Underfull \hbox (badness 10000) in paragraph at lines 89--90
\T1/cmr/m/n/10 MIDI_RX_DataByte 0xFA5763;
 []


Underfull \hbox (badness 10000) in paragraph at lines 89--90
\T1/cmr/m/n/10 MIDI_StatusDispatch_Table 0xFA578E;
 []


Underfull \hbox (badness 10000) in paragraph at lines 89--90
\T1/cmr/m/n/10 MIDI_RX_SystemCommon 0xFA5830;
 []


Overfull \hbox (2.63991pt too wide) in paragraph at lines 91--91
[]|[]\T1/cmr/bx/n/10 established[]| 
 []


Underfull \hbox (badness 10000) in paragraph at lines 91--92
[]|\T1/cmr/m/n/10 MIDI_RX_SysExStart 0xFA584D;
 []


Overfull \hbox (2.63991pt too wide) in paragraph at lines 93--93
[]|[]\T1/cmr/bx/n/10 established[]| 
 []


Underfull \hbox (badness 10000) in paragraph at lines 93--94
[]|\T1/cmr/m/n/10 MIDI_SysEx_Ignore 0xFA586D;
 []


Overfull \hbox (2.63991pt too wide) in paragraph at lines 95--95
[]|[]\T1/cmr/bx/n/10 established[]| 
 []


Underfull \hbox (badness 10000) in paragraph at lines 95--96
[]|\T1/cmr/m/n/10 MIDI_SysEx_Accept 0xFA585A;
 []


Underfull \hbox (badness 10000) in paragraph at lines 95--96
\T1/cmr/m/n/10 T_Ring601646_Put 0xF41E3C;
 []


Underfull \hbox (badness 2096) in paragraph at lines 97--97
[]|\T1/cmr/m/n/10 Body-byte gate: for-warded
 []


Overfull \hbox (2.63991pt too wide) in paragraph at lines 97--97
[]|[]\T1/cmr/bx/n/10 established[]| 
 []


Underfull \hbox (badness 10000) in paragraph at lines 97--98
[]|\T1/cmr/m/n/10 MIDI_RX_SysExData 0xFA586E;
 []


Underfull \hbox (badness 2285) in paragraph at lines 99--99
[]|\T1/cmr/m/n/10 Termination and the abort
 []


Overfull \hbox (2.63991pt too wide) in paragraph at lines 99--99
[]|[]\T1/cmr/bx/n/10 established[]| 
 []


Underfull \hbox (badness 10000) in paragraph at lines 99--100
[]|\T1/cmr/m/n/10 MIDI_RX_Byte .LFA54C0 0xFA54C0 /
 []


Overfull \hbox (2.63991pt too wide) in paragraph at lines 101--101
[]|[]\T1/cmr/bx/n/10 established[]| 
 []


Underfull \hbox (badness 10000) in paragraph at lines 101--102
[]|\T1/cmr/m/n/10 MIDI_RX_ErrorReset 0xFA5426;
 []


Underfull \hbox (badness 3158) in paragraph at lines 101--102
\T1/cmr/m/n/10 sub_FB6098 0xFB6098 (set at 0xFB6151);
 []


Underfull \hbox (badness 2393) in paragraph at lines 103--103
[]|\T1/cmr/m/n/10 System Real Time is sup-
 []


Overfull \hbox (2.63991pt too wide) in paragraph at lines 103--103
[]|[]\T1/cmr/bx/n/10 established[]| 
 []


Overfull \hbox (2.63991pt too wide) in paragraph at lines 105--105
[]|[]\T1/cmr/bx/n/10 established[]| 
 []


Underfull \hbox (badness 10000) in paragraph at lines 105--106
[]|\T1/cmr/m/n/10 MIDI_SysExHeader 0xFA5CB8;
 []


Underfull \hbox (badness 10000) in paragraph at lines 105--106
\T1/cmr/m/n/10 MIDI_Fg_SystemCommon 0xFA5AEB;
 []


Overfull \hbox (2.63991pt too wide) in paragraph at lines 107--107
[]|[]\T1/cmr/bx/n/10 established[]| 
 []


Underfull \hbox (badness 10000) in paragraph at lines 107--108
[]|\T1/cmr/m/n/10 MIDI_DrainQueue 0xFA5942;
 []


Underfull \hbox (badness 10000) in paragraph at lines 107--108
\T1/cmr/m/n/10 MIDI_Fg_SystemCommon 0xFA5AEB;
 []


Underfull \hbox (badness 10000) in paragraph at lines 107--108
\T1/cmr/m/n/10 MIDI_Fg_SysExData 0xFA5B3D;
 []


Underfull \hbox (badness 10000) in paragraph at lines 109--109
[]|\T1/cmr/m/n/10 Where re-ceived data is
 []


Underfull \hbox (badness 1917) in paragraph at lines 109--109
\T1/cmr/m/n/10 buffered, and ex-actly what
 []


Overfull \hbox (2.63991pt too wide) in paragraph at lines 109--109
[]|[]\T1/cmr/bx/n/10 established[]| 
 []


Underfull \hbox (badness 10000) in paragraph at lines 109--110
[]|\T1/cmr/m/n/10 sub_FB20CE 0xFB20CE; sub_FB21CB
 []


Underfull \hbox (badness 10000) in paragraph at lines 111--112
[]|\T1/cmr/m/n/10 sub_FB7F42 0xFB7F42; sub_FB7FEB
 []


Underfull \hbox (badness 10000) in paragraph at lines 111--112
\T1/cmr/m/n/10 0xFB7FEB; sub_FB8028 0xFB8028;
 []


Underfull \hbox (badness 10000) in paragraph at lines 111--112
\T1/cmr/m/n/10 sub_FB80F3 0xFB80F3 (re-set the ac-tive
 []


Overfull \hbox (2.63991pt too wide) in paragraph at lines 113--113
[]|[]\T1/cmr/bx/n/10 established[]| 
 []


Underfull \hbox (badness 10000) in paragraph at lines 113--114
[]|\T1/cmr/m/n/10 sub_FB63D1 0xFB63D1; sub_FB61B1
 []


Overfull \hbox (2.63991pt too wide) in paragraph at lines 115--115
[]|[]\T1/cmr/bx/n/10 established[]| 
 []


Underfull \hbox (badness 10000) in paragraph at lines 115--116
[]|\T1/cmr/m/n/10 root ta-ble 0xF5115B (prom_b Link-
 []


Underfull \hbox (badness 10000) in paragraph at lines 115--116
\T1/cmr/m/n/10 Table_F4FF61 record 767); sub_FB63D1
 []


Underfull \hbox (badness 10000) in paragraph at lines 115--116
\T1/cmr/m/n/10 0xFB63D1; probe wsa1/notes/sysex-
 []


Overfull \hbox (2.63991pt too wide) in paragraph at lines 117--117
[]|[]\T1/cmr/bx/n/10 established[]| 
 []


Underfull \hbox (badness 10000) in paragraph at lines 117--118
\T1/cmr/m/n/10 lit-eral tem-plates 0xF4FEB4-
 []


Underfull \hbox (badness 10000) in paragraph at lines 117--118
\T1/cmr/m/n/10 0xF4FF60; probe wsa1/notes/sysex-
 []


Overfull \hbox (2.63991pt too wide) in paragraph at lines 119--119
[]|[]\T1/cmr/bx/n/10 established[]| 
 []


Underfull \hbox (badness 10000) in paragraph at lines 119--120
[]|\T1/cmr/m/n/10 nodes 0xF4FF85/0xF4FF73/0xF4FF67 (for
 []


Underfull \hbox (badness 6332) in paragraph at lines 119--120
\T1/cmr/m/n/10 0x21) and 0xF4FFAF/0xF4FF9D/0xF4FF91
 []


Underfull \hbox (badness 10000) in paragraph at lines 119--120
\T1/cmr/m/n/10 (for 0x22); sub_FB2323 0xFB2323;
 []


Overfull \hbox (2.63991pt too wide) in paragraph at lines 121--121
[]|[]\T1/cmr/bx/n/10 established[]| 
 []


Underfull \hbox (badness 10000) in paragraph at lines 121--122
[]|\T1/cmr/m/n/10 sub_FB62D3 0xFB62D3 (field get-ter);
 []


Underfull \hbox (badness 10000) in paragraph at lines 121--122
\T1/cmr/m/n/10 sub_FB6219 0xFB6219 (field set-ter);
 []


Underfull \hbox (badness 10000) in paragraph at lines 121--122
\T1/cmr/m/n/10 sub_FB2160 0xFB2160; sub_FB225D
 []


Overfull \hbox (2.63991pt too wide) in paragraph at lines 123--123
[]|[]\T1/cmr/bx/n/10 established[]| 
 []


Underfull \hbox (badness 10000) in paragraph at lines 125--126
[]|\T1/cmr/m/n/10 header at 0xFA5919-0xFA5938
 []


Underfull \hbox (badness 10000) in paragraph at lines 125--126
\T1/cmr/m/n/10 (MIDI_RX_SysExStart); header at
 []


Underfull \hbox (badness 10000) in paragraph at lines 125--126
\T1/cmr/m/n/10 ~0xFA5AEB (MIDI_Fg_SystemCommon);
 []


Underfull \hbox (badness 10000) in paragraph at lines 125--126
\T1/cmr/m/n/10 notes/gen_prom_a_fa5aeb_module.py line
 []

[19]
LaTeX Font Info:    External font `cmex10' loaded for size
(Font)              <7> on input line 131.
LaTeX Font Info:    External font `cmex10' loaded for size
(Font)              <5> on input line 131.

Overfull \hbox (2.63991pt too wide) in paragraph at lines 131--131
[]|[]\T1/cmr/bx/n/10 established[]| 
 []


Underfull \hbox (badness 10000) in paragraph at lines 131--132
[]|\T1/cmr/m/n/10 sub_FB7DFE 0xFB7DFE, sub_FB7E29
 []


Underfull \hbox (badness 10000) in paragraph at lines 131--132
\T1/cmr/m/n/10 0xFB7E29, sub_FB7E38 0xFB7E38,
 []


Underfull \hbox (badness 7099) in paragraph at lines 131--132
\T1/cmr/m/n/10 sub_FB7E43 0xFB7E43, Asci-iRun_F511C7
 []


Underfull \hbox (badness 10000) in paragraph at lines 131--132
\T1/cmr/m/n/10 0xF511C7 (prom_b), PtrTable_F99121
 []


Overfull \hbox (2.63991pt too wide) in paragraph at lines 133--133
[]|[]\T1/cmr/bx/n/10 established[]| 
 []


Overfull \hbox (2.63991pt too wide) in paragraph at lines 135--135
[]|[]\T1/cmr/bx/n/10 established[]| 
 []


Underfull \hbox (badness 10000) in paragraph at lines 135--136
\T1/cmr/m/n/10 `call 0xf4123c`, raise at 0xFB6FFB and
 []


Underfull \hbox (badness 2334) in paragraph at lines 135--136
\T1/cmr/m/n/10 0xFB700A; Link_WaitBlockDone 0xF8E66D;
 []


Underfull \hbox (badness 10000) in paragraph at lines 135--136
\T1/cmr/m/n/10 thunk T_Link_WaitBlockDone 0xF4123C;
 []


Overfull \hbox (2.63991pt too wide) in paragraph at lines 137--137
[]|[]\T1/cmr/bx/n/10 established[]| 
 []


Underfull \hbox (badness 10000) in paragraph at lines 137--138
[]|\T1/cmr/m/n/10 0xFB60E9(01) 0xFB60F7(02) 0xFB6142(03)
 []


Underfull \hbox (badness 4084) in paragraph at lines 137--138
\T1/cmr/m/n/10 0xFB776D(04) 0xFB77A1(05) 0xFB611B(06)
 []


Underfull \hbox (badness 1314) in paragraph at lines 137--138
\T1/cmr/m/n/10 0xFB640C(07) 0xFB6708(0B) 0xFB67CB(0C)
 []


Underfull \hbox (badness 10000) in paragraph at lines 137--138
\T1/cmr/m/n/10 0xFB688E(0D) 0xFB6951/0xFB6CE5(0E)
 []


Overfull \hbox (2.63991pt too wide) in paragraph at lines 139--139
[]|[]\T1/cmr/bx/n/10 established[]| 
 []


Underfull \hbox (badness 10000) in paragraph at lines 139--140
[]|\T1/cmr/m/n/10 sub_FB6CFC 0xFB6CFC, sub_FB6DBD
 []


Underfull \hbox (badness 10000) in paragraph at lines 139--140
\T1/cmr/m/n/10 0xFB6DBD; product-id gate 0xFB6DE8-
 []


Underfull \hbox (badness 4205) in paragraph at lines 139--140
\T1/cmr/m/n/10 0xFB6DFA; flag test 0xFB6E09-0xFB6E0F;
 []


Underfull \hbox (badness 5711) in paragraph at lines 139--140
\T1/cmr/m/n/10 sum loop 0xFB6E3A-0xFB6E47; check-sum
 []


Underfull \hbox (badness 2564) in paragraph at lines 141--141
[]|\T1/cmr/m/n/10 Body en-cod-ing: two 7-bit
 []


Overfull \hbox (2.63991pt too wide) in paragraph at lines 141--141
[]|[]\T1/cmr/bx/n/10 established[]| 
 []


Overfull \hbox (2.63991pt too wide) in paragraph at lines 143--143
[]|[]\T1/cmr/bx/n/10 established[]| 
 []


Overfull \hbox (2.63991pt too wide) in paragraph at lines 145--145
[]|[]\T1/cmr/bx/n/10 established[]| 
 []


Underfull \hbox (badness 10000) in paragraph at lines 145--146
[]|\T1/cmr/m/n/10 AsciiRun_F511C7 0xF511C7, header at
 []


Underfull \hbox (badness 10000) in paragraph at lines 147--148
[]|\T1/cmr/m/n/10 sub_FB7DFE callers 0xFB20BF and
 []


Underfull \hbox (badness 10000) in paragraph at lines 147--148
\T1/cmr/m/n/10 0xFB286F; en-gine en-try sub_FB2049
 []


Underfull \hbox (badness 7256) in paragraph at lines 147--148
\T1/cmr/m/n/10 0xFB2049; JumpT-able_FB2081 (6 modes,
 []


Overfull \hbox (2.63991pt too wide) in paragraph at lines 149--149
[]|[]\T1/cmr/bx/n/10 established[]| 
 []


Underfull \hbox (badness 10000) in paragraph at lines 149--150
[]|\T1/cmr/m/n/10 root 0xF5115B; tem-plates 0xF4FEB4-
 []


Underfull \hbox (badness 10000) in paragraph at lines 149--150
\T1/cmr/m/n/10 0xF4FF60; han-dler ta-bles 0xF4F800 /
 []


Overfull \hbox (2.63991pt too wide) in paragraph at lines 151--151
[]|[]\T1/cmr/bx/n/10 established[]| 
 []


Underfull \hbox (badness 10000) in paragraph at lines 151--152
[]|\T1/cmr/m/n/10 sub_FB6072 0xFB6072, sub_FB6098
 []


Underfull \hbox (badness 7116) in paragraph at lines 151--152
\T1/cmr/m/n/10 0xFB6098; sub_FB20CE 0xFB20CE (ring
 []


Underfull \hbox (badness 5036) in paragraph at lines 151--152
\T1/cmr/m/n/10 0xF41E38), sub_FB21CB 0xFB21CB (ring
 []


Overfull \hbox (2.63991pt too wide) in paragraph at lines 153--153
[]|[]\T1/cmr/bx/n/10 established[]| 
 []


Overfull \hbox (2.63991pt too wide) in paragraph at lines 155--155
[]|[]\T1/cmr/bx/n/10 established[]| 
 []


Underfull \hbox (badness 5189) in paragraph at lines 155--156
[]|\T1/cmr/m/n/10 PtrTable_F99121 0xF99121 (+ base ta-ble
 []


Overfull \hbox (2.63991pt too wide) in paragraph at lines 157--157
[]|[]\T1/cmr/bx/n/10 established[]| 
 []


Underfull \hbox (badness 10000) in paragraph at lines 157--158
[]|\T1/cmr/m/n/10 DL_Error40TheIdentificationIdCodeOfThe
 []


Overfull \hbox (47.03293pt too wide) in paragraph at lines 157--158
\T1/cmr/m/n/10 0xF2E46A, DL_Error41AnErrorHasOccuredDuringSystem
 []


Overfull \hbox (46.56082pt too wide) in paragraph at lines 157--158
\T1/cmr/m/n/10 0xF2E4E4, DL_Error42AnErrorHasOccuredDuringSystem
 []



[20] [21]
LaTeX Font Info:    External font `cmex10' loaded for size
(Font)              <14.4> on input line 160.


Package hyperref Warning: Token not allowed in a PDF string (Unicode):
(hyperref)                removing `math shift' on input line 160.


Package hyperref Warning: Token not allowed in a PDF string (Unicode):
(hyperref)                removing `\rightarrow' on input line 160.


Package hyperref Warning: Token not allowed in a PDF string (Unicode):
(hyperref)                removing `math shift' on input line 160.


Underfull \hbox (badness 1354) in paragraph at lines 163--163
[]|\T1/cmr/m/n/10 Entry point: screen 0x79's
 []


Overfull \hbox (2.63991pt too wide) in paragraph at lines 163--163
[]|[]\T1/cmr/bx/n/10 established[]| 
 []


Underfull \hbox (badness 5175) in paragraph at lines 163--164
\T1/cmr/m/n/10 ton_SysexBulkDump_Entry 0xF99835, Dis-
 []


Underfull \hbox (badness 2111) in paragraph at lines 163--164
\T1/cmr/m/n/10 playListP-trs_F99870, 0xF99A8F, 0xF99AE3,
 []


Underfull \hbox (badness 10000) in paragraph at lines 163--164
\T1/cmr/m/n/10 0xF408E4 (T_F408E4), sub_FB2049
 []


Overfull \hbox (2.63991pt too wide) in paragraph at lines 165--165
[]|[]\T1/cmr/bx/n/10 established[]| 
 []


Underfull \hbox (badness 10000) in paragraph at lines 165--166
[]|\T1/cmr/m/n/10 0xF99AE3, sub_FB22CD 0xFB22CD,
 []


Underfull \hbox (badness 10000) in paragraph at lines 165--166
\T1/cmr/m/n/10 sub_FB22E6 0xFB22E6, sub_FB22E7
 []


Underfull \hbox (badness 10000) in paragraph at lines 165--166
\T1/cmr/m/n/10 0xFB22E7, sub_FB22F6 0xFB22F6,
 []


Underfull \hbox (badness 10000) in paragraph at lines 165--166
\T1/cmr/m/n/10 sub_FB2305 0xFB2305, sub_FB2314
 []


Underfull \hbox (badness 10000) in paragraph at lines 165--166
\T1/cmr/m/n/10 0xFB2314, sub_FB23E2 0xFB23E2,
 []


Overfull \hbox (2.63991pt too wide) in paragraph at lines 167--167
[]|[]\T1/cmr/bx/n/10 established[]| 
 []


Underfull \hbox (badness 10000) in paragraph at lines 167--168
[]|\T1/cmr/m/n/10 templates prom_b 0xF4FEF8, 0xF4FF04,
 []


Underfull \hbox (badness 1033) in paragraph at lines 167--168
\T1/cmr/m/n/10 0xFB6E7F (ap-pend+autoflush), sub_FB6F24
 []


Overfull \hbox (2.63991pt too wide) in paragraph at lines 169--169
[]|[]\T1/cmr/bx/n/10 established[]| 
 []


Underfull \hbox (badness 10000) in paragraph at lines 169--170
[]|\T1/cmr/m/n/10 sub_FB75BA, sub_FB75E4, sub_FB751A,
 []


Underfull \hbox (badness 10000) in paragraph at lines 169--170
\T1/cmr/m/n/10 sub_FB7649, sub_FB766F, sub_FB7692,
 []


Underfull \hbox (badness 10000) in paragraph at lines 169--170
\T1/cmr/m/n/10 sub_FB76B5, sub_FB76F2, sub_FB7722,
 []


Overfull \hbox (2.63991pt too wide) in paragraph at lines 171--171
[]|[]\T1/cmr/bx/n/10 established[]| 
 []


Overfull \hbox (2.63991pt too wide) in paragraph at lines 173--173
[]|[]\T1/cmr/bx/n/10 established[]| 
 []


Underfull \hbox (badness 10000) in paragraph at lines 173--174
[]|\T1/cmr/m/n/10 sub_FB7111 0xFB7111, lit-eral prom_b
 []


Underfull \hbox (badness 2150) in paragraph at lines 175--175
[]|\T1/cmr/m/n/10 Block size: 0xFC mes-sage
 []


Overfull \hbox (2.63991pt too wide) in paragraph at lines 175--175
[]|[]\T1/cmr/bx/n/10 established[]| 
 []


Underfull \hbox (badness 10000) in paragraph at lines 175--176
[]|\T1/cmr/m/n/10 sub_FB7040 0xFB70A3 `cp WA,0x00FC`,
 []


Underfull \hbox (badness 10000) in paragraph at lines 175--176
\T1/cmr/m/n/10 sub_FB7165 0xFB71A0 `cp HL,0x0020`,
 []


Underfull \hbox (badness 10000) in paragraph at lines 175--176
\T1/cmr/m/n/10 Ring601432_PutBlock 0xF8481C,
 []


Overfull \hbox (2.63991pt too wide) in paragraph at lines 177--177
[]|[]\T1/cmr/bx/n/10 established[]| 
 []


Underfull \hbox (badness 7433) in paragraph at lines 177--178
[]|\T1/cmr/m/n/10 sub_FB7025 0xFB7025, tem-plate prom_b
 []


Underfull \hbox (badness 10000) in paragraph at lines 177--178
\T1/cmr/m/n/10 0xF4FED2 = F0 50 7E, sub_FB70AE
 []


Underfull \hbox (badness 10000) in paragraph at lines 177--178
\T1/cmr/m/n/10 0xFB70AE, sub_FB70E6 0xFB70E6,
 []


Underfull \hbox (badness 1009) in paragraph at lines 179--179
[]|\T1/cmr/m/n/10 Continuation flag se-man-tics,
 []


Overfull \hbox (2.63991pt too wide) in paragraph at lines 179--179
[]|[]\T1/cmr/bx/n/10 established[]| 
 []


Underfull \hbox (badness 10000) in paragraph at lines 179--180
[]|\T1/cmr/m/n/10 sub_FB6F6B 0xFB6F6B, sub_FB6FB2
 []


Underfull \hbox (badness 10000) in paragraph at lines 179--180
\T1/cmr/m/n/10 0xFB6FB2, sub_FB70AE 0xFB70AE,
 []


Underfull \hbox (badness 10000) in paragraph at lines 179--180
\T1/cmr/m/n/10 sub_FB70E6 0xFB70E6, Re-
 []


Underfull \hbox (badness 10000) in paragraph at lines 179--180
\T1/cmr/m/n/10 mote_E80000_Read32Blocks 0xFB24EC,
 []


Overfull \hbox (2.63991pt too wide) in paragraph at lines 181--181
[]|[]\T1/cmr/bx/n/10 established[]| 
 []


Underfull \hbox (badness 10000) in paragraph at lines 181--182
\T1/cmr/m/n/10 and 0xF4FEDC, sub_FB6072 0xFB6072,
 []


Underfull \hbox (badness 5374) in paragraph at lines 183--183
[]|\T1/cmr/m/n/10 Per-frame ac-knowl-edge-ment,
 []


Underfull \hbox (badness 1728) in paragraph at lines 183--183
\T1/cmr/m/n/10 re-trans-mis-sion and the two
 []


Overfull \hbox (2.63991pt too wide) in paragraph at lines 183--183
[]|[]\T1/cmr/bx/n/10 established[]| 
 []


Underfull \hbox (badness 10000) in paragraph at lines 183--184
[]|\T1/cmr/m/n/10 sub_FB6026 0xFB6026, sub_FB6072
 []


Underfull \hbox (badness 10000) in paragraph at lines 183--184
\T1/cmr/m/n/10 0xFB6072, sub_FB7785 0xFB7785,
 []


Underfull \hbox (badness 10000) in paragraph at lines 183--184
\T1/cmr/m/n/10 sub_FB77C7 0xFB77C7,
 []


Underfull \hbox (badness 10000) in paragraph at lines 183--184
\T1/cmr/m/n/10 Ring601432_SpinUntilEmpty 0xFB6084,
 []


Overfull \hbox (2.63991pt too wide) in paragraph at lines 185--185
[]|[]\T1/cmr/bx/n/10 established[]| 
 []


Underfull \hbox (badness 10000) in paragraph at lines 185--186
[]|\T1/cmr/m/n/10 sub_FB277E 0xFB277E, sub_FB27AD
 []


Overfull \hbox (2.63991pt too wide) in paragraph at lines 187--187
[]|[]\T1/cmr/bx/n/10 established[]| 
 []


Underfull \hbox (badness 10000) in paragraph at lines 187--188
[]|\T1/cmr/m/n/10 sub_FB28BE 0xFB28BE, 0xFB28FF,
 []


Overfull \hbox (2.63991pt too wide) in paragraph at lines 189--189
[]|[]\T1/cmr/bx/n/10 established[]| 
 []


Underfull \hbox (badness 10000) in paragraph at lines 189--190
[]|\T1/cmr/m/n/10 trie root prom_b 0xF5115B,
 []


Underfull \hbox (badness 10000) in paragraph at lines 189--190
\T1/cmr/m/n/10 sub_FB63D1 0xFB63D1, sub_FB61B1
 []


Underfull \hbox (badness 10000) in paragraph at lines 189--190
\T1/cmr/m/n/10 0xFB61B1, wsa1/notes/sysex-
 []


Overfull \hbox (2.63991pt too wide) in paragraph at lines 191--191
[]|[]\T1/cmr/bx/n/10 established[]| 
 []


Underfull \hbox (badness 10000) in paragraph at lines 191--192
[]|\T1/cmr/m/n/10 sub_FB6098 0xFB6098, sub_FB6165
 []


Overfull \hbox (2.63991pt too wide) in paragraph at lines 193--193
[]|[]\T1/cmr/bx/n/10 established[]| 
 []


Underfull \hbox (badness 10000) in paragraph at lines 193--194
[]|\T1/cmr/m/n/10 sub_FB7165 0xFB7165, sub_FB71BB
 []


Underfull \hbox (badness 10000) in paragraph at lines 193--194
\T1/cmr/m/n/10 0xFB71BB, T_Ring601432_PutBlock
 []


Underfull \hbox (badness 1584) in paragraph at lines 195--195
[]|\T1/cmr/m/n/10 Per-category trans-fer break-
 []


Overfull \hbox (2.63991pt too wide) in paragraph at lines 195--195
[]|[]\T1/cmr/bx/n/10 established[]| 
 []


Underfull \hbox (badness 10000) in paragraph at lines 195--196
[]|\T1/cmr/m/n/10 sub_FB23EF/sub_FB23F9/sub_FB243E,
 []


Underfull \hbox (badness 10000) in paragraph at lines 195--196
\T1/cmr/m/n/10 Re-mote_E80000_Read32Blocks 0xFB24EC,
 []


Underfull \hbox (badness 10000) in paragraph at lines 195--196
\T1/cmr/m/n/10 sub_FB2675/sub_FB267F/sub_FB26E7,
 []


Overfull \hbox (39.70139pt too wide) in paragraph at lines 195--196
\T1/cmr/m/n/10 sub_FB2587/sub_FB25A2/sub_FB25E7/sub_FB262C,
 []


Underfull \hbox (badness 2245) in paragraph at lines 197--197
[]|\T1/cmr/m/n/10 The buffers and the parse
 []


Overfull \hbox (2.63991pt too wide) in paragraph at lines 197--197
[]|[]\T1/cmr/bx/n/10 established[]| 
 []


Underfull \hbox (badness 10000) in paragraph at lines 197--198
[]|\T1/cmr/m/n/10 sub_FB7F42 0xFB7F42 (the al-lo-ca-tor),
 []


Underfull \hbox (badness 10000) in paragraph at lines 197--198
\T1/cmr/m/n/10 0xFB6219 (field set-ter), sub_FB62D3
 []


Overfull \hbox (2.63991pt too wide) in paragraph at lines 199--199
[]|[]\T1/cmr/bx/n/10 established[]| 
 []


Underfull \hbox (badness 10000) in paragraph at lines 199--200
[]|\T1/cmr/m/n/10 Paint_Sending 0xF99B82,
 []


Underfull \hbox (badness 10000) in paragraph at lines 199--200
\T1/cmr/m/n/10 Paint_SysPartMidiSoundCombination
 []


Underfull \hbox (badness 10000) in paragraph at lines 199--200
\T1/cmr/m/n/10 0xF99C5C, sub_FB7B0B 0xFB7B0B,
 []


Underfull \hbox (badness 1715) in paragraph at lines 201--201
\T1/cmr/m/n/10 single-parameter traf-fic, not
 []


Underfull \hbox (badness 1337) in paragraph at lines 201--202
[]|\T1/cmr/m/n/10 template prom_b 0xF4FEF2, trans-mit sites
 []


Underfull \hbox (badness 10000) in paragraph at lines 203--204
\T1/cmr/m/n/10 sub_FB5154 0xFB5154, dis-patch ta-bles
 []

[22] [23]) (./appendix-open.tex

[24]
Appendix B.


[25

]
Overfull \hbox (34.48276pt too wide) in paragraph at lines 25--26
\T1/cmr/m/n/10 Com-mands 0x22-0x27 there-fore parse suc-cess-fully and are then
 dropped by sub_FB2160/sub_FB225D.
 []



[26]
Overfull \hbox (29.1763pt too wide) in paragraph at lines 35--36
\T1/cmr/m/n/10 TION, SYS-TEM/PART & MIDI, TO-TAL KEY-BOARD, per the menu text i
n Paint_SysexBulkDump
 []


Overfull \hbox (6.85062pt too wide) in paragraph at lines 37--38
[]\T1/cmr/m/n/10 Reproducibility: the new probe wsa1/notes/sysex-probes/sysex_e
rror_codes.py + its README
 []



[27]
Overfull \hbox (23.379pt too wide) in paragraph at lines 45--46
\T1/cmr/m/n/10 at 0xFE1507. notes/FINDINGS-midi-port.md records it as se-lect-i
ng an arm of MIDI_PostSendWork
 []

)

[28] (./manual.aux)
 ***********
LaTeX2e <2024-11-01> patch level 2
L3 programming layer <2025-01-18>
 ***********
Package rerunfilecheck Info: File `manual.out' has not changed.
(rerunfilecheck)             Checksum: D5D8E8AB730EDE6647A064F5EA329929;9044.
 ) 
Here is how much of TeX's memory you used:
 22841 strings out of 475178
 438397 string characters out of 5766539
 824523 words of memory out of 5000000
 45381 multiletter control sequences out of 15000+600000
 579411 words of font info for 82 fonts, out of 8000000 for 9000
 14 hyphenation exceptions out of 8191
 121i,12n,124p,715b,613s stack positions out of 10000i,1000n,20000p,200000b,200000s
 </home/fsanches/.texlive2025/texmf-var/fonts/pk/ljfour/jknappen/ec/tcrm1000.
600pk> </home/fsanches/.texlive2025/texmf-var/fonts/pk/ljfour/jknappen/ec/ecbx1
000.600pk> </home/fsanches/.texlive2025/texmf-var/fonts/pk/ljfour/jknappen/ec/e
ccc1000.600pk> </home/fsanches/.texlive2025/texmf-var/fonts/pk/ljfour/jknappen/
ec/ecbi1095.600pk> </home/fsanches/.texlive2025/texmf-var/fonts/pk/ljfour/jknap
pen/ec/ecit1095.600pk> </home/fsanches/.texlive2025/texmf-var/fonts/pk/ljfour/j
knappen/ec/tcrm1095.600pk> </home/fsanches/.texlive2025/texmf-var/fonts/pk/ljfo
ur/jknappen/ec/ecti1095.600pk> </home/fsanches/.texlive2025/texmf-var/fonts/pk/
ljfour/jknappen/ec/ectt1095.600pk> </home/fsanches/.texlive2025/texmf-var/fonts
/pk/ljfour/jknappen/ec/eccc1095.600pk> </home/fsanches/.texlive2025/texmf-var/f
onts/pk/ljfour/jknappen/ec/ecbx1440.600pk> </home/fsanches/.texlive2025/texmf-v
ar/fonts/pk/ljfour/jknappen/ec/ecbx2074.600pk> </home/fsanches/.texlive2025/tex
mf-var/fonts/pk/ljfour/jknappen/ec/ecrm1095.600pk> </home/fsanches/.texlive2025
/texmf-var/fonts/pk/ljfour/jknappen/ec/ecbx1095.600pk> </home/fsanches/.texlive
2025/texmf-var/fonts/pk/ljfour/jknappen/ec/ecrm1000.600pk> </home/fsanches/.tex
live2025/texmf-var/fonts/pk/ljfour/jknappen/ec/ecrm1200.600pk> </home/fsanches/
.texlive2025/texmf-var/fonts/pk/ljfour/jknappen/ec/ecrm1728.600pk> </home/fsanc
hes/.texlive2025/texmf-var/fonts/pk/ljfour/jknappen/ec/ecbx2488.600pk></usr/sha
re/texlive/texmf-dist/fonts/type1/public/amsfonts/cm/cmmi10.pfb></usr/share/tex
live/texmf-dist/fonts/type1/public/amsfonts/cm/cmr10.pfb></usr/share/texlive/te
xmf-dist/fonts/type1/public/amsfonts/cm/cmr8.pfb></usr/share/texlive/texmf-dist
/fonts/type1/public/amsfonts/cm/cmsy10.pfb></usr/share/texlive/texmf-dist/fonts
/type1/public/amsfonts/cm/cmti10.pfb></usr/share/texlive/texmf-dist/fonts/type1
/public/amsfonts/cm/cmtt10.pfb>
Output written on manual.pdf (29 pages, 296497 bytes).
PDF statistics:
 1020 PDF objects out of 1200 (max. 8388607)
 428 compressed objects within 5 object streams
 79 named destinations out of 1000 (max. 500000)
 349 words of extra memory for PDF output out of 10000 (max. 10000000)

