\BOOKMARK [0][-]{chapter.1}{\376\377\000S\000c\000o\000p\000e\000\040\000a\000n\000d\000\040\000p\000r\000o\000v\000e\000n\000a\000n\000c\000e}{}% 1
\BOOKMARK [1][-]{section.1.1}{\376\377\000W\000h\000a\000t\000\040\000t\000h\000i\000s\000\040\000d\000o\000c\000u\000m\000e\000n\000t\000\040\000i\000s}{chapter.1}% 2
\BOOKMARK [1][-]{section.1.2}{\376\377\000W\000h\000i\000c\000h\000\040\000f\000i\000r\000m\000w\000a\000r\000e}{chapter.1}% 3
\BOOKMARK [1][-]{section.1.3}{\376\377\000H\000o\000w\000\040\000t\000o\000\040\000r\000e\000a\000d\000\040\000t\000h\000e\000\040\000c\000e\000r\000t\000a\000i\000n\000t\000y\000\040\000m\000a\000r\000k\000e\000r\000s}{chapter.1}% 4
\BOOKMARK [1][-]{section.1.4}{\376\377\000O\000n\000e\000\040\000c\000o\000r\000r\000e\000c\000t\000i\000o\000n\000\040\000t\000o\000\040\000e\000a\000r\000l\000i\000e\000r\000\040\000p\000r\000o\000j\000e\000c\000t\000\040\000n\000o\000t\000e\000s}{chapter.1}% 5
\BOOKMARK [0][-]{chapter.2}{\376\377\000M\000e\000s\000s\000a\000g\000e\000\040\000f\000r\000a\000m\000i\000n\000g}{}% 6
\BOOKMARK [1][-]{section.2.1}{\376\377\000T\000h\000e\000\040\000i\000d\000e\000n\000t\000i\000f\000i\000e\000r\000\040\000t\000e\000s\000t}{chapter.2}% 7
\BOOKMARK [1][-]{section.2.2}{\376\377\000H\000o\000w\000\040\000a\000\040\000m\000e\000s\000s\000a\000g\000e\000\040\000i\000s\000\040\000t\000r\000a\000c\000k\000e\000d}{chapter.2}% 8
\BOOKMARK [1][-]{section.2.3}{\376\377\000W\000h\000a\000t\000\040\000h\000a\000p\000p\000e\000n\000s\000\040\000t\000o\000\040\000a\000n\000o\000t\000h\000e\000r\000\040\000m\000a\000k\000e\000r\000'\000s\000\040\000m\000e\000s\000s\000a\000g\000e}{chapter.2}% 9
\BOOKMARK [1][-]{section.2.4}{\376\377\000T\000e\000r\000m\000i\000n\000a\000t\000i\000o\000n\000,\000\040\000a\000b\000o\000r\000t\000,\000\040\000a\000n\000d\000\040\000r\000e\000a\000l\000\040\000t\000i\000m\000e}{chapter.2}% 10
\BOOKMARK [0][-]{chapter.3}{\376\377\000T\000h\000e\000\040\000M\000a\000t\000s\000u\000s\000h\000i\000t\000a\000\040\000m\000e\000s\000s\000a\000g\000e\000\040\000s\000e\000t}{}% 11
\BOOKMARK [1][-]{section.3.1}{\376\377\000T\000h\000e\000\040\000t\000h\000i\000r\000d\000\040\000b\000y\000t\000e}{chapter.3}% 12
\BOOKMARK [1][-]{section.3.2}{\376\377\000T\000h\000e\000\040\000m\000o\000d\000e\000l\000\040\000t\000r\000i\000p\000l\000e}{chapter.3}% 13
\BOOKMARK [1][-]{section.3.3}{\376\377\000S\000h\000o\000r\000t\000\040\000f\000o\000r\000m\000s}{chapter.3}% 14
\BOOKMARK [1][-]{section.3.4}{\376\377\000T\000h\000e\000\040\000p\000a\000r\000a\000m\000e\000t\000e\000r\000\040\000f\000a\000m\000i\000l\000i\000e\000s}{chapter.3}% 15
\BOOKMARK [0][-]{chapter.4}{\376\377\000B\000u\000l\000k\000\040\000d\000u\000m\000p}{}% 16
\BOOKMARK [1][-]{section.4.1}{\376\377\000F\000r\000a\000m\000e\000\040\000l\000a\000y\000o\000u\000t}{chapter.4}% 17
\BOOKMARK [1][-]{section.4.2}{\376\377\000N\000i\000b\000b\000l\000e\000\040\000e\000n\000c\000o\000d\000i\000n\000g}{chapter.4}% 18
\BOOKMARK [1][-]{section.4.3}{\376\377\000C\000h\000e\000c\000k\000s\000u\000m}{chapter.4}% 19
\BOOKMARK [1][-]{section.4.4}{\376\377\000H\000a\000n\000d\000s\000h\000a\000k\000e}{chapter.4}% 20
\BOOKMARK [1][-]{section.4.5}{\376\377\000P\000e\000r\000-\000f\000r\000a\000m\000e\000\040\000a\000c\000k\000n\000o\000w\000l\000e\000d\000g\000e\000m\000e\000n\000t\000\040\000a\000n\000d\000\040\000t\000i\000m\000e\000o\000u\000t\000s}{chapter.4}% 21
\BOOKMARK [1][-]{section.4.6}{\376\377\000S\000e\000s\000s\000i\000o\000n\000\040\000c\000o\000n\000t\000r\000o\000l\000\040\000m\000e\000s\000s\000a\000g\000e\000s}{chapter.4}% 22
\BOOKMARK [1][-]{section.4.7}{\376\377\000C\000o\000n\000t\000i\000n\000u\000a\000t\000i\000o\000n\000\040\000f\000r\000a\000m\000e\000s}{chapter.4}% 23
\BOOKMARK [1][-]{section.4.8}{\376\377\000R\000e\000c\000e\000i\000v\000i\000n\000g}{chapter.4}% 24
\BOOKMARK [0][-]{chapter.5}{\376\377\000U\000n\000i\000v\000e\000r\000s\000a\000l\000\040\000S\000y\000s\000t\000e\000m\000\040\000E\000x\000c\000l\000u\000s\000i\000v\000e}{}% 25
\BOOKMARK [1][-]{section.5.1}{\376\377\000W\000h\000a\000t\000\040\000i\000s\000\040\000r\000e\000c\000o\000g\000n\000i\000s\000e\000d}{chapter.5}% 26
\BOOKMARK [1][-]{section.5.2}{\376\377\000W\000h\000a\000t\000\040\000i\000s\000\040\000n\000o\000t\000\040\000r\000e\000c\000o\000g\000n\000i\000s\000e\000d}{chapter.5}% 27
\BOOKMARK [1][-]{section.5.3}{\376\377\000T\000w\000o\000\040\000c\000a\000v\000e\000a\000t\000s}{chapter.5}% 28
\BOOKMARK [0][-]{chapter.6}{\376\377\000E\000r\000r\000o\000r\000\040\000r\000e\000p\000o\000r\000t\000i\000n\000g}{}% 29
\BOOKMARK [1][-]{section.6.1}{\376\377\000T\000h\000e\000\040\000c\000h\000a\000i\000n}{chapter.6}% 30
\BOOKMARK [1][-]{section.6.2}{\376\377\000E\000R\000R\000O\000R\000\040\0004\0000\000\040\040\024\000\040\000w\000r\000o\000n\000g\000\040\000i\000d\000e\000n\000t\000i\000f\000i\000c\000a\000t\000i\000o\000n}{chapter.6}% 31
\BOOKMARK [1][-]{section.6.3}{\376\377\000E\000R\000R\000O\000R\000\040\0004\0001\000\040\040\024\000\040\000r\000e\000c\000e\000p\000t\000i\000o\000n}{chapter.6}% 32
\BOOKMARK [1][-]{section.6.4}{\376\377\000E\000R\000R\000O\000R\000\040\0004\0002\000\040\040\024\000\040\000t\000r\000a\000n\000s\000m\000i\000s\000s\000i\000o\000n}{chapter.6}% 33
\BOOKMARK [1][-]{section.6.5}{\376\377\000W\000h\000e\000r\000e\000\040\000e\000r\000r\000o\000r\000s\000\040\000a\000r\000e\000\040\000v\000i\000s\000i\000b\000l\000e}{chapter.6}% 34
\BOOKMARK [1][-]{section.6.6}{\376\377\000V\000e\000r\000b\000a\000t\000i\000m\000\040\000s\000c\000r\000e\000e\000n\000\040\000t\000e\000x\000t}{chapter.6}% 35
\BOOKMARK [0][-]{appendix.A}{\376\377\000E\000v\000i\000d\000e\000n\000c\000e\000\040\000i\000n\000d\000e\000x}{}% 36
\BOOKMARK [1][-]{section.A.1}{\376\377\000T\000e\000c\000h\000n\000i\000c\000s\000\040\000S\000X\000-\000W\000S\000A\0001\000R\000\040\000?\000\040\000U\000n\000i\000v\000e\000r\000s\000a\000l\000\040\000/\000\040\000G\000e\000n\000e\000r\000a\000l\000\040\000M\000I\000D\000I\000\040\000S\000y\000s\000t\000e\000m\000\040\000E\000x\000c\000l\000u\000s\000i\000v\000e\000\040\000\050\000r\000e\000c\000e\000i\000v\000e\000\040\000a\000n\000d\000\040\000t\000r\000a\000n\000s\000m\000i\000t\000\051\000,\000\040\000f\000r\000o\000m\000\040\000t\000h\000e\000\040\000a\000n\000n\000o\000t\000a\000t\000e\000d\000\040\000T\000L\000C\000S\000-}{appendix.A}% 37
\BOOKMARK [1][-]{section.A.2}{\376\377\000S\000X\000-\000W\000S\000A\0001\000R\000\040\000M\000I\000D\000I\000\040\000t\000r\000a\000n\000s\000p\000o\000r\000t\000\040\000o\000n\000\040\000C\000P\000U\000\040\0001\000\040\000\050\000p\000r\000o\000m\000\137\000a\000/\000p\000r\000o\000m\000\137\000b\000\051\000:\000\040\000h\000o\000w\000\040\000M\000I\000D\000I\000\040\0001\000\040\000a\000n\000d\000\040\000M\000I\000D\000I\000\040\0002\000\040\000a\000r\000e\000\040\000d\000i\000s\000t\000i\000n\000g\000u\000i\000s\000h\000e\000d\000,\000\040\000w\000h\000a\000t\000\040\000c\000o\000n\000f\000i\000n\000e\000s\000\040\000B\000U\000L\000K\000\040}{appendix.A}% 38
\BOOKMARK [1][-]{section.A.3}{\376\377\000T\000e\000c\000h\000n\000i\000c\000s\000\040\000S\000X\000-\000W\000S\000A\0001\000R\000\040\000f\000i\000r\000m\000w\000a\000r\000e\000\040\000?\000\040\000M\000I\000D\000I\000\040\000S\000y\000s\000t\000e\000m\000\040\000E\000x\000c\000l\000u\000s\000i\000v\000e\000\040\000R\000E\000C\000E\000I\000V\000E\000\040\000p\000a\000t\000h\000\040\000\050\000p\000r\000o\000m\000\137\000a\000\040\000i\000n\000t\000e\000r\000r\000u\000p\000t\000\040\000p\000a\000r\000s\000e\000r\000,\000\040\000p\000r\000o\000m\000\137\000a\000\040\000f\000o\000r\000e\000g\000r\000o\000u\000n\000d\000\040\000p\000a}{appendix.A}% 39
\BOOKMARK [1][-]{section.A.4}{\376\377\000W\000S\000A\0001\000R\000\040\000S\000y\000s\000E\000x\000\040\000e\000r\000r\000o\000r\000\040\000r\000e\000p\000o\000r\000t\000i\000n\000g\000\040\000?\000\040\000w\000h\000e\000r\000e\000\040\000E\000R\000R\000O\000R\000\040\0004\0000\000\040\000/\000\040\0004\0001\000\040\000/\000\040\0004\0002\000\040\000a\000r\000e\000\040\000r\000a\000i\000s\000e\000d\000\040\000\050\000p\000r\000o\000m\000\137\000a\000\040\000+\000\040\000p\000r\000o\000m\000\137\000b\000\051}{appendix.A}% 40
\BOOKMARK [1][-]{section.A.5}{\376\377\000T\000e\000c\000h\000n\000i\000c\000s\000\040\000S\000X\000-\000W\000S\000A\0001\000R\000\040\000f\000i\000r\000m\000w\000a\000r\000e\000\040\000?\000\040\000t\000h\000e\000\040\000S\000y\000s\000E\000x\000\040\000B\000U\000L\000K\000\040\000D\000U\000M\000P\000\040\000t\000r\000a\000n\000s\000m\000i\000t\000\040\000p\000a\000t\000h\000\040\000\050\000p\000r\000o\000m\000\137\000a\000\040\000U\000I\000\040\000s\000c\000r\000e\000e\000n\000\040\0000\000x\0007\0009\000\040\000\040\000t\000h\000e\000\040\000S\000y\000s\000E\000x\000\040\000e\000n\000g\000i\000n\000e\000\040\000a\000t\000\040\0000\000x}{appendix.A}% 41
\BOOKMARK [0][-]{appendix.B}{\376\377\000O\000p\000e\000n\000\040\000q\000u\000e\000s\000t\000i\000o\000n\000s}{}% 42
