sub_F9ADB5=P7Block_Run
sub_F9ADB5__F9AE48=P7Block_Run__F9AE48
sub_F9ADB5__F9AEA3=P7Block_Run__F9AEA3
sub_F9ADB5__F9AEB2=P7Block_Run__F9AEB2
sub_F9AEB6=P7Group_SendOp0AddrValueScaled
sub_F9AFDC=P7Group_SendOp0AddrValue
sub_F9B0D1=P7Group_SendValue
sub_F9B167=P7Group_SendOp1AddrValueScaled
sub_F9B28B=P7Group_SendOp1AddrValue
sub_F9B2EE=P7Group_SendOp1AddrValue__F9B2EE
sub_F9B305=P7Group_SendOp1AddrValue__F9B305
sub_F9B32C=P7Group_SendOp1AddrValue__F9B32C
sub_F9B37E=P7Group_SendValueScaled
sub_F9B445=P7Group_SendOp5AddrValue
sub_F9E140=P7Block_Seek
sub_F9E140__F9E146=P7Block_Seek__F9E146
sub_F9E140__F9E190=P7Block_Seek__F9E190
sub_F9E140__F9E19D=P7Block_Seek__F9E19D
sub_F9E140__F9E1A7=P7Block_Seek__F9E1A7
sub_F9E1AC=P7Block_ReportStatus
sub_F9E1AC__F9E1B2=P7Block_ReportStatus__F9E1B2
sub_F9E1AC__F9E1B4=P7Block_ReportStatus__F9E1B4
sub_F9E1AC__F9E1B6=P7Block_ReportStatus__F9E1B6
sub_F9E1AC__F9E1B8=P7Block_ReportStatus__F9E1B8
sub_F9E1AC__F9E1BA=P7Block_ReportStatus__F9E1BA
sub_F9E1AC__F9E1BC=P7Block_ReportStatus__F9E1BC
sub_F9E1AC__F9E1BE=P7Block_ReportStatus__F9E1BE
sub_F9E1AC__F9E1EA=P7Block_ReportStatus__F9E1EA
sub_F9F765=P7Unit_SendValueTable
sub_F9F765__F9F777=P7Unit_SendValueTable__F9F777
sub_F9F765__F9F789=P7Unit_SendValueTable__F9F789
sub_F9F765__F9F79B=P7Unit_SendValueTable__F9F79B
sub_F9F765__F9F7AD=P7Unit_SendValueTable__F9F7AD
sub_F9F765__F9F7BF=P7Unit_SendValueTable__F9F7BF
sub_F9F765__F9F7D2=P7Unit_SendValueTable__F9F7D2
sub_F9F765__F9F7E6=P7Unit_SendValueTable__F9F7E6
sub_F9F765__F9F805=P7Unit_SendValueTable__F9F805
sub_F9F765__F9F80A=P7Unit_SendValueTable__F9F80A
sub_F9F765__F9F847=P7Unit_SendValueTable__F9F847
sub_F9F765__F9F8DE=P7Unit_SendValueTable__F9F8DE
sub_FA5949=MidiIn_StoreRingBacklog
sub_FA5958=MidiNote_StoreStatusBit3
sub_FA5967=Rec0E3E_GroupOfIndex
sub_FA598C=Rec0E3E_IndexWithinGroup
sub_FA59CE=Rec11FE_UnlinkFromRing
sub_FA5A36=Rec11FE_InsertIntoRing
sub_FA5ACA=Rec11FE_BindRingToSlot
sub_FA5B70=Rec0E3E_UnlinkFromRing
sub_FA5BC7=Rec0E3E_InsertBeforeInRing
sub_FA5C43=Rec0E3E_MoveToList
sub_FA5CE9=Rec11FE_ReleaseAllRings
sub_FA5D84=VoiceSlots_InitAllTables
sub_FA5E82=Rec0E3E_FreeListHead
sub_FA6026=VoiceSlots_ReleaseChanAndReturnNone
sub_FA6051=VoiceSlots_ReleaseThenLookup
sub_FA607B=VoiceSlots_ListSlotsOfChannel
sub_FA6110=VoiceSlots_ListSlotsOfPart
sub_FA61BD=VoiceSlots_ListChannelsOfPart
sub_FA6269=VoiceSlots_ReapOrphansInBank
sub_FA62DA=ChanRec_RelinkToPoolQueue
sub_FA643F=ChanRec_RelinkToPartQueue
sub_FA65BD=ChanRec_ToPoolQueue6_SetFlag1
sub_FA65F6=ChanRec_BeginRelease
sub_FA69FD=ChanAlloc_FindVictim
sub_FA6BB5=ChanAlloc_ForNoteRequest
sub_FA6EA5=ChanRec_ClearHoldAndRelease
sub_FA6EFA=ChanRec_ReleaseByChannel
sub_FA6F48=ChanRec_ReleaseQueueAndCollect
sub_FA6FE0=VoiceQuery_Run
sub_FA727D=VelSplit_LayerFromVelocity
sub_FA72B3=VelSplit_LayerFromVelocity_b
sub_FA738F=Pitch_ClampToNoteRange
sub_FA73EB=Pitch_FoldOctavesIntoRange
sub_FA76D6=VoiceParam_AddCurveAndKeyDepth_Clamp
sub_FA778E=VoiceParam_AddCurveDepth_Clamp
sub_FA7810=VoiceParam_LoadTriple_Set5A51
sub_FA78E8=EnvRec_ClearSlot
sub_FA7927=EGEnv_ScaleDepth_Shr12
sub_FA7CC9=VelCurve_Lookup
sub_FA7E2C=PartRec_UpdateRepeatCounter
sub_FA814C=Voice_ComputePitch_FromToneRecord
sub_FA866B=VoiceParam_Build0100_0140_On36_Arm1
sub_FA8759=VoiceParam_Build0100_0140_On36_Arm2
sub_FA888C=VoiceParam_Build0100_0140_On36_Arm3
sub_FA8997=VoiceParam_Build0100_0140_On36_Arm4
sub_FA8A79=VoiceParam_Build0100_0140_On36_Arm5
sub_FA8C44=VoiceParam_Build0100_0140_On11_Arm1
sub_FA8CEF=VoiceParam_Build0100_0140_On11_Arm2
sub_FA8D9B=VoiceParam_Build0100_0140_On11_Arm3
sub_FA8E47=VoiceParam_Build0100_0140_On11_Arm4
sub_FA8EF7=VoiceParam_Build0100_0140_On11_Arm5
sub_FA981B=EnvRec_LoadSlot
sub_FAA2B6=Voice_ComputeField0029_AB
sub_FAA3B5=Voice_Field0029_EncodeSelector
sub_FAA3EB=Voice_ComputeField0029_CD
sub_FAB48A=KeyScale_LevelFromPitch
sub_FAB517=VelScale_LevelFromVelocity
sub_FAB5A5=Voice_ComputeLevelBase_AB
sub_FAB6D5=Voice_ComputeLevelBase_CD
sub_FAB79D=Voice_StageLevel_Reg0080_AB
sub_FAB7E0=Voice_StageLevel_Reg0080_CD
sub_FABCF9=Dev10C_StageSixChanRegs_ForRetire
sub_FABD50=Dev10C_StageRegs_0800_0840_FABD50
sub_FABDAC=EnvRec_AdvanceSegment
sub_FB405F=ToneRec_MapElementIndex_ByMask
sub_FB40C7=ToneRec_CountElements_ByMask
sub_FB4103=ToneStage_RecordForBankSelector
sub_FB42B0=Part_ResolveToneRecord
sub_FB42E3=Part_GetElementBlock_Unpacked
sub_FB4383=Part_GetElementBlock
sub_FB43CB=ToneRec_GetWaveSelectRecord
sub_FB44A5=ToneRec_GetWaveSelectRecord_ByBankSelector
sub_FB44EC=Part_GetWaveSelectRecord
sub_FB454C=PercInst_GetWaveSelectRecord
sub_FB456F=Part_GetPercWaveSelectRecord
sub_FB45C0=ToneDB_ResolveEnvDescriptor
sub_FB46FC=PartElement_ResolveEnvDescriptor
sub_FB474E=WaveSelRec_ResolveEnvDescriptor
sub_FB477B=PartElement_SetEnvDescriptorPointer
sub_FB47C4=Part_LoadToneRecordAndPointers
sub_FB49EB=Part_ResolveDrumInstrumentRecord
sub_FB4A9F=PartRec_RecomputeWord0006_FromToneRec
sub_FB4D21=Clamp_0_to_007F
sub_FB5636=Part_StageDspAlgoParams
sub_FB582A=PartRec_StageChanFreqWord_0065
sub_FB59D2=PartRec_StageChanFreqWord_0067
sub_FB5B56=Part_GetDspParam_00D2_Low6
sub_FB5BAA=PartRec_StageChanFreqWord_006D
sub_FB5C77=PartRec_StageChanFreqWord_006F
sub_FB5D05=Part_GetSecondaryParam_AlgoType9
sub_FB5D6C=Part_GetDspParam_00D7
sub_FB5E00=Part_GetDspParam_00D8
sub_FB5F91=Voice_Reg0180ModeBits_FromAlgoDesc
sub_FB601A=Part_GetAlgoDescByte14
sub_FB607F=Part_GetAlgoDescByte15
sub_FB6158=Part_GetAlgoDescByte16_Bias
sub_FB6190=Part_GetAlgoDescByte16
sub_FB6272=Part_GetAlgoDescByte17
sub_FB639A=PartElement_StageAlgoDescBytes_0024
sub_FB6487=PartRec_StageByte0075_FromDspParam00D7
sub_FB64C8=PartRec_Word0004_ClearStagedSetBit2
sub_FB6500=PartRec_ResetToDefaults
sub_FB6681=Part_RestageVoiceParams_Melodic
sub_FB68DD=Part_RestageVoiceParams_Drawbar
sub_FB6B5A=ExtBoard_RemapBankSelector
sub_FB6BA8=MidiProgram_SelectToneForPart
sub_FB6CEE=PartRec_InitAllParts
sub_FB828E=MemCopyBytes
sub_FB828E__FB8298=MemCopyBytes__FB8298
sub_FB828E__FB82A2=MemCopyBytes__FB82A2
sub_FB828E__FB82A7=MemCopyBytes__FB82A7
sub_FB828E__FB82BF=MemCopyBytes__FB82BF
sub_FB82C3=ToneDB_ResolveWaveSelectRecord
sub_FB82C3__FB82ED=ToneDB_ResolveWaveSelectRecord__FB82ED
sub_FB82C3__FB8303=ToneDB_ResolveWaveSelectRecord__FB8303
sub_FB82C3__FB8326=ToneDB_ResolveWaveSelectRecord__FB8326
sub_FB82C3__FB833A=ToneDB_ResolveWaveSelectRecord__FB833A
sub_FB82C3__FB833C=ToneDB_ResolveWaveSelectRecord__FB833C
sub_FB82C3__FB8355=ToneDB_ResolveWaveSelectRecord__FB8355
sub_FB82C3__FB8366=ToneDB_ResolveWaveSelectRecord__FB8366
sub_FB82C3__FB8392=ToneDB_ResolveWaveSelectRecord__FB8392
sub_FB82C3__FB8395=ToneDB_ResolveWaveSelectRecord__FB8395
sub_FB82C3__FB83C1=ToneDB_ResolveWaveSelectRecord__FB83C1
sub_FB82C3__FB83C3=ToneDB_ResolveWaveSelectRecord__FB83C3
sub_FB82C3__FB83EF=ToneDB_ResolveWaveSelectRecord__FB83EF
sub_FB82C3__FB83F1=ToneDB_ResolveWaveSelectRecord__FB83F1
sub_FB82C3__FB840C=ToneDB_ResolveWaveSelectRecord__FB840C
sub_FB8432=ToneStage_LoadElementWaveSelect_FromCatalogueRow
sub_FB8478=ToneStage_LoadPercWaveSelect_FromCatalogueRow
sub_FB84CB=ToneStage_LoadToneRecord_FromPart
sub_FB84CB__FB84FB=ToneStage_LoadToneRecord_FromPart__FB84FB
sub_FB84CB__FB8503=ToneStage_LoadToneRecord_FromPart__FB8503
sub_FB84CB__FB8508=ToneStage_LoadToneRecord_FromPart__FB8508
sub_FB84CB__FB854C=ToneStage_LoadToneRecord_FromPart__FB854C
sub_FB8550=ToneStage_LoadKitRecord_FromPart
sub_FB857E=ToneStage_LoadPercInstHead
sub_FB8603=ToneStage_LoadElementWaveSelect_FromToneRecord
sub_FB8668=ToneStage_LoadPercWaveSelect_FromInstRecord
sub_FB86BB=ToneStage_SwitchToPart
sub_FB86BB__FB8728=ToneStage_SwitchToPart__FB8728
sub_FB86BB__FB8734=ToneStage_SwitchToPart__FB8734
sub_FB86BB__FB8740=ToneStage_SwitchToPart__FB8740
sub_FB86BB__FB8742=ToneStage_SwitchToPart__FB8742
sub_FB86BB__FB875B=ToneStage_SwitchToPart__FB875B
sub_FB86BB__FB8779=ToneStage_SwitchToPart__FB8779
sub_FB86BB__FB8786=ToneStage_SwitchToPart__FB8786
sub_FB86BB__FB878E=ToneStage_SwitchToPart__FB878E
sub_FB86BB__FB8793=ToneStage_SwitchToPart__FB8793
sub_FB86BB__FB87A3=ToneStage_SwitchToPart__FB87A3
sub_FB86BB__FB87C5=ToneStage_SwitchToPart__FB87C5
sub_FB86BB__FB87CB=ToneStage_SwitchToPart__FB87CB
sub_FB86BB__FB87CF=ToneStage_SwitchToPart__FB87CF
sub_FB86BB__FB87D8=ToneStage_SwitchToPart__FB87D8
sub_FB86BB__FB87DD=ToneStage_SwitchToPart__FB87DD
sub_FB86BB__FB881B=ToneStage_SwitchToPart__FB881B
sub_FB86BB__FB8823=ToneStage_SwitchToPart__FB8823
sub_FB86BB__FB8828=ToneStage_SwitchToPart__FB8828
sub_FB86BB__FB8874=ToneStage_SwitchToPart__FB8874
sub_FB86BB__FB8877=ToneStage_SwitchToPart__FB8877
sub_FB86BB__FB88AC=ToneStage_SwitchToPart__FB88AC
sub_FB86BB__FB8900=ToneStage_SwitchToPart__FB8900
sub_FB86BB__FB8909=ToneStage_SwitchToPart__FB8909
sub_FB86BB__FB890E=ToneStage_SwitchToPart__FB890E
sub_FB86BB__FB897D=ToneStage_SwitchToPart__FB897D
sub_FB86BB__FB8985=ToneStage_SwitchToPart__FB8985
sub_FB86BB__FB898A=ToneStage_SwitchToPart__FB898A
sub_FB86BB__FB899F=ToneStage_SwitchToPart__FB899F
sub_FB86BB__FB89A2=ToneStage_SwitchToPart__FB89A2
sub_FB86BB__FB89D6=ToneStage_SwitchToPart__FB89D6
sub_FB86BB__FB89F3=ToneStage_SwitchToPart__FB89F3
sub_FBAAA2=ToneStage_EnsurePartLoaded
sub_FBAAA2__FBAADF=ToneStage_EnsurePartLoaded__FBAADF
sub_FBAAA2__FBAB0E=ToneStage_EnsurePartLoaded__FBAB0E
sub_FBAAA2__FBAB79=ToneStage_EnsurePartLoaded__FBAB79
sub_FBAAA2__FBABBF=ToneStage_EnsurePartLoaded__FBABBF
sub_FBAAA2__FBAC04=ToneStage_EnsurePartLoaded__FBAC04
sub_FBAAA2__FBAC20=ToneStage_EnsurePartLoaded__FBAC20
sub_FBAC24=ToneEdit_Dispatch
sub_FBAC24__FBAC37=ToneEdit_Dispatch__FBAC37
sub_FBAC24__FBAC49=ToneEdit_Dispatch__FBAC49
sub_FBAC24__FBAC67=ToneEdit_Dispatch__FBAC67
sub_FBAC24__FBAC85=ToneEdit_Dispatch__FBAC85
sub_FBAC24__FBACA3=ToneEdit_Dispatch__FBACA3
sub_FBAC24__FBACC1=ToneEdit_Dispatch__FBACC1
sub_FBAC24__FBACDF=ToneEdit_Dispatch__FBACDF
sub_FBAC24__FBAD14=ToneEdit_Dispatch__FBAD14
sub_FBAC24__FBAD49=ToneEdit_Dispatch__FBAD49
sub_FBAC24__FBAD74=ToneEdit_Dispatch__FBAD74
sub_FBAC24__FBAD77=ToneEdit_Dispatch__FBAD77
sub_FBAC24__FBAD9A=ToneEdit_Dispatch__FBAD9A
sub_FBAC24__FBADC5=ToneEdit_Dispatch__FBADC5
sub_FBAC24__FBADC8=ToneEdit_Dispatch__FBADC8
sub_FBAC24__FBADDA=ToneEdit_Dispatch__FBADDA
sub_FBAC24__FBAE08=ToneEdit_Dispatch__FBAE08
sub_FBAC24__FBAE3D=ToneEdit_Dispatch__FBAE3D
sub_FBAC24__FBAE72=ToneEdit_Dispatch__FBAE72
sub_FBAC24__FBAE7D=ToneEdit_Dispatch__FBAE7D
sub_FBAC24__FBAE84=ToneEdit_Dispatch__FBAE84
sub_FBAC24__FBAEAD=ToneEdit_Dispatch__FBAEAD
sub_FBAC24__FBAEB0=ToneEdit_Dispatch__FBAEB0
sub_FBAC24__FBAF34=ToneEdit_Dispatch__FBAF34
sub_FBAF38=ToneRec_LoadDspParams_AlgoTypes0to3
sub_FBAFD0=ToneRec_LoadDspParams_AlgoTypes4and5
sub_FBB078=ToneRec_LoadDspParams_AlgoType6
sub_FBB101=ToneRec_LoadDspParams_AlgoType7
sub_FBB189=ToneRec_LoadDspParams_AlgoType8
sub_FBB212=ToneRec_LoadDspParams_AlgoType9
sub_FBB29B=ToneRec_LoadDspParams_AlgoType10
sub_FBB29B__FBB2D6=ToneRec_LoadDspParams_AlgoType10__FBB2D6
sub_FBB29B__FBB2DF=ToneRec_LoadDspParams_AlgoType10__FBB2DF
sub_FBB315=ToneRec_LoadDspParams_AlgoType11
sub_FBB315__FBB350=ToneRec_LoadDspParams_AlgoType11__FBB350
sub_FBB315__FBB359=ToneRec_LoadDspParams_AlgoType11__FBB359
sub_FBB39F=ToneRec_LoadDspParams_ByAlgoType
sub_FBB39F__FBB3C3=ToneRec_LoadDspParams_ByAlgoType__FBB3C3
sub_FBB39F__FBB3D2=ToneRec_LoadDspParams_ByAlgoType__FBB3D2
sub_FBB39F__FBB3E1=ToneRec_LoadDspParams_ByAlgoType__FBB3E1
sub_FBB39F__FBB3F0=ToneRec_LoadDspParams_ByAlgoType__FBB3F0
sub_FBB39F__FBB3FF=ToneRec_LoadDspParams_ByAlgoType__FBB3FF
sub_FBB39F__FBB40E=ToneRec_LoadDspParams_ByAlgoType__FBB40E
sub_FBB39F__FBB41D=ToneRec_LoadDspParams_ByAlgoType__FBB41D
sub_FBB39F__FBB42C=ToneRec_LoadDspParams_ByAlgoType__FBB42C
sub_FBB39F__FBB43B=ToneRec_LoadDspParams_ByAlgoType__FBB43B
sub_FBB39F__FBB44A=ToneRec_LoadDspParams_ByAlgoType__FBB44A
sub_FBB39F__FBB458=ToneRec_LoadDspParams_ByAlgoType__FBB458
sub_FBB39F__FBB466=ToneRec_LoadDspParams_ByAlgoType__FBB466
sub_FBB39F__FBB474=ToneRec_LoadDspParams_ByAlgoType__FBB474
sub_FBB39F__FBB4BC=ToneRec_LoadDspParams_ByAlgoType__FBB4BC
sub_FBC725=ToneStage_ApplyWaveSelTailPreset
sub_FBC725__FBC7A9=ToneStage_ApplyWaveSelTailPreset__FBC7A9
sub_FBC725__FBC7CB=ToneStage_ApplyWaveSelTailPreset__FBC7CB
sub_FBC725__FBC7DE=ToneStage_ApplyWaveSelTailPreset__FBC7DE
sub_FBC725__FBC7EF=ToneStage_ApplyWaveSelTailPreset__FBC7EF
sub_FBC725__FBC7F4=ToneStage_ApplyWaveSelTailPreset__FBC7F4
sub_FBC725__FBC809=ToneStage_ApplyWaveSelTailPreset__FBC809
sub_FBC80E=ToneStage_ApplyPercWaveSelTailPreset
sub_FBC80E__FBC8E5=ToneStage_ApplyPercWaveSelTailPreset__FBC8E5
sub_FBC80E__FBC907=ToneStage_ApplyPercWaveSelTailPreset__FBC907
sub_FBC80E__FBC91A=ToneStage_ApplyPercWaveSelTailPreset__FBC91A
sub_FBC80E__FBC92B=ToneStage_ApplyPercWaveSelTailPreset__FBC92B
sub_FBC80E__FBC930=ToneStage_ApplyPercWaveSelTailPreset__FBC930
sub_FBC80E__FBC945=ToneStage_ApplyPercWaveSelTailPreset__FBC945
sub_FBD858=ToneQuery_ReplyPartStagingFlags
sub_FBD858__FBD882=ToneQuery_ReplyPartStagingFlags__FBD882
sub_FBD858__FBD888=ToneQuery_ReplyPartStagingFlags__FBD888
sub_FC10BE=ToneQuery_ReplyToneDspAlgoByte
sub_FC206F=LinkQuery_ReplyElementBlockBytes_Elements01
sub_FC206F__FC207A=LinkQuery_ReplyElementBlockBytes_Elements01__FC207A
sub_FC206F__FC2083=LinkQuery_ReplyElementBlockBytes_Elements01__FC2083
sub_FC206F__FC2088=LinkQuery_ReplyElementBlockBytes_Elements01__FC2088
sub_FC206F__FC209F=LinkQuery_ReplyElementBlockBytes_Elements01__FC209F
sub_FC206F__FC20B5=LinkQuery_ReplyElementBlockBytes_Elements01__FC20B5
sub_FC206F__FC20D1=LinkQuery_ReplyElementBlockBytes_Elements01__FC20D1
sub_FC206F__FC20ED=LinkQuery_ReplyElementBlockBytes_Elements01__FC20ED
sub_FC206F__FC20FA=LinkQuery_ReplyElementBlockBytes_Elements01__FC20FA
sub_FC206F__FC210F=LinkQuery_ReplyElementBlockBytes_Elements01__FC210F
sub_FC206F__FC211E=LinkQuery_ReplyElementBlockBytes_Elements01__FC211E
sub_FC206F__FC2123=LinkQuery_ReplyElementBlockBytes_Elements01__FC2123
sub_FC206F__FC2140=LinkQuery_ReplyElementBlockBytes_Elements01__FC2140
sub_FC2160=LinkQuery_ReplyElementBlockBytes_Elements23
sub_FC2160__FC216B=LinkQuery_ReplyElementBlockBytes_Elements23__FC216B
sub_FC2160__FC2174=LinkQuery_ReplyElementBlockBytes_Elements23__FC2174
sub_FC2160__FC2179=LinkQuery_ReplyElementBlockBytes_Elements23__FC2179
sub_FC2160__FC2190=LinkQuery_ReplyElementBlockBytes_Elements23__FC2190
sub_FC2160__FC21A6=LinkQuery_ReplyElementBlockBytes_Elements23__FC21A6
sub_FC2160__FC21C2=LinkQuery_ReplyElementBlockBytes_Elements23__FC21C2
sub_FC2160__FC21DE=LinkQuery_ReplyElementBlockBytes_Elements23__FC21DE
sub_FC2160__FC21EB=LinkQuery_ReplyElementBlockBytes_Elements23__FC21EB
sub_FC2160__FC2200=LinkQuery_ReplyElementBlockBytes_Elements23__FC2200
sub_FC2160__FC220F=LinkQuery_ReplyElementBlockBytes_Elements23__FC220F
sub_FC2160__FC2214=LinkQuery_ReplyElementBlockBytes_Elements23__FC2214
sub_FC2160__FC2231=LinkQuery_ReplyElementBlockBytes_Elements23__FC2231
sub_FC2251=LinkQuery_ReplyElementWaveSelectBytes
sub_FC2251__FC225C=LinkQuery_ReplyElementWaveSelectBytes__FC225C
sub_FC2251__FC2265=LinkQuery_ReplyElementWaveSelectBytes__FC2265
sub_FC2251__FC226A=LinkQuery_ReplyElementWaveSelectBytes__FC226A
sub_FC2251__FC2281=LinkQuery_ReplyElementWaveSelectBytes__FC2281
sub_FC2251__FC2298=LinkQuery_ReplyElementWaveSelectBytes__FC2298
sub_FC2251__FC22B5=LinkQuery_ReplyElementWaveSelectBytes__FC22B5
sub_FC2251__FC22D1=LinkQuery_ReplyElementWaveSelectBytes__FC22D1
sub_FC2251__FC22ED=LinkQuery_ReplyElementWaveSelectBytes__FC22ED
sub_FC2251__FC2309=LinkQuery_ReplyElementWaveSelectBytes__FC2309
sub_FC2251__FC2322=LinkQuery_ReplyElementWaveSelectBytes__FC2322
sub_FC2251__FC2337=LinkQuery_ReplyElementWaveSelectBytes__FC2337
sub_FC2251__FC2346=LinkQuery_ReplyElementWaveSelectBytes__FC2346
sub_FC2251__FC234B=LinkQuery_ReplyElementWaveSelectBytes__FC234B
sub_FC2251__FC2368=LinkQuery_ReplyElementWaveSelectBytes__FC2368
sub_FC2388=LinkQuery_ReplyToneRecordBytes
sub_FC2388__FC2393=LinkQuery_ReplyToneRecordBytes__FC2393
sub_FC2388__FC239C=LinkQuery_ReplyToneRecordBytes__FC239C
sub_FC2388__FC23A1=LinkQuery_ReplyToneRecordBytes__FC23A1
sub_FC2388__FC23B8=LinkQuery_ReplyToneRecordBytes__FC23B8
sub_FC2388__FC23DF=LinkQuery_ReplyToneRecordBytes__FC23DF
sub_FC2388__FC23EE=LinkQuery_ReplyToneRecordBytes__FC23EE
sub_FC2388__FC23F3=LinkQuery_ReplyToneRecordBytes__FC23F3
sub_FC2388__FC2410=LinkQuery_ReplyToneRecordBytes__FC2410
sub_FC2600=ToneMsg_Dispatch
sub_FC2600__FC2622=ToneMsg_Dispatch__FC2622
sub_FC2600__FC262D=ToneMsg_Dispatch__FC262D
sub_FC2600__FC264F=ToneMsg_Dispatch__FC264F
sub_FC2600__FC2670=ToneMsg_Dispatch__FC2670
sub_FC2600__FC267E=ToneMsg_Dispatch__FC267E
sub_FC2600__FC268C=ToneMsg_Dispatch__FC268C
sub_FC2600__FC2699=ToneMsg_Dispatch__FC2699
sub_FC2600__FC269C=ToneMsg_Dispatch__FC269C
sub_FC2600__FC26BD=ToneMsg_Dispatch__FC26BD
sub_FC2600__FC26CB=ToneMsg_Dispatch__FC26CB
sub_FC2600__FC26D9=ToneMsg_Dispatch__FC26D9
sub_FC2600__FC26E6=ToneMsg_Dispatch__FC26E6
sub_FC2600__FC26E9=ToneMsg_Dispatch__FC26E9
sub_FC2600__FC26FF=ToneMsg_Dispatch__FC26FF
sub_FC2600__FC2714=ToneMsg_Dispatch__FC2714
sub_FC2600__FC2729=ToneMsg_Dispatch__FC2729
sub_FC2600__FC273E=ToneMsg_Dispatch__FC273E
sub_FC2600__FC2774=ToneMsg_Dispatch__FC2774
sub_FC2600__FC2777=ToneMsg_Dispatch__FC2777
sub_FC2600__FC2781=ToneMsg_Dispatch__FC2781
sub_FC2600__FC278C=ToneMsg_Dispatch__FC278C
sub_FC2600__FC2797=ToneMsg_Dispatch__FC2797
sub_FC2600__FC27A2=ToneMsg_Dispatch__FC27A2
sub_FC2600__FC27AC=ToneMsg_Dispatch__FC27AC
sub_FC2600__FC27B6=ToneMsg_Dispatch__FC27B6
sub_FC2600__FC27C0=ToneMsg_Dispatch__FC27C0
sub_FC2600__FC27CA=ToneMsg_Dispatch__FC27CA
sub_FC2600__FC27D4=ToneMsg_Dispatch__FC27D4
sub_FC2600__FC280A=ToneMsg_Dispatch__FC280A
sub_FC2930=PartElement_SetWaveSelectPointer_ToRomDefault