Rec_F3F400=Default_Record78
Rec_F3F412=Default_Record60
Rec_F3F420=Default_DspEffect1
Rec_F3F440=Default_DspEffect2
Rec_F3F460=Default_DspEffect3
Rec_F3F480=Default_Part00_A
Rec_F3F4A0=Default_Part00_B
Rec_F3F4C0=Default_Part01_A
Rec_F3F4E0=Default_Part01_B
Rec_F3F500=Default_Part02_A
Rec_F3F520=Default_Part02_B
Rec_F3F540=Default_Part03_A
Rec_F3F560=Default_Part03_B
Rec_F3F580=Default_Part04_A
Rec_F3F5A0=Default_Part04_B
Rec_F3F5C0=Default_Part05_A
Rec_F3F5E0=Default_Part05_B
Rec_F3F600=Default_Part06_A
Rec_F3F620=Default_Part06_B
Rec_F3F640=Default_Part07_A
Rec_F3F660=Default_Part07_B
Rec_F3F680=Default_Record92
Rec_F3F690=Default_Record79
Rec_F3F6C0=Default_Part08_A
Rec_F3F6E0=Default_Part08_B
Rec_F3F700=Default_Part09_A
Rec_F3F720=Default_Part09_B
Rec_F3F740=Default_Part10_A
Rec_F3F760=Default_Part10_B
Rec_F3F780=Default_Part11_A
Rec_F3F7A0=Default_Part11_B
Rec_F3F7C0=Default_Part12_A
Rec_F3F7E0=Default_Part12_B
Rec_F3F800=Default_Part13_A
Rec_F3F820=Default_Part13_B
Rec_F3F840=Default_Part14_A
Rec_F3F860=Default_Part14_B
Rec_F3F880=Default_Part15_A
Rec_F3F8A0=Default_Part15_B
Rec_F3F8C0=Default_Part16_A
Rec_F3F8E0=Default_Part16_B
Rec_F3F900=Default_Part17_A
Rec_F3F920=Default_Part17_B
Rec_F3F940=Default_Part18_A
Rec_F3F960=Default_Part18_B
Rec_F3F980=Default_Part19_A
Rec_F3F9A0=Default_Part19_B
Rec_F3F9C0=Default_Part20_A
Rec_F3F9E0=Default_Part20_B
Rec_F3FA00=Default_Part21_A
Rec_F3FA20=Default_Part21_B
Rec_F3FA40=Default_Part22_A
Rec_F3FA60=Default_Part22_B
Rec_F3FA80=Default_Part23_A
Rec_F3FAA0=Default_Part23_B
Rec_F3FAC0=Default_Part24_A
Rec_F3FAE0=Default_Part24_B
Rec_F3FB00=Default_Part25_A
Rec_F3FB20=Default_Part25_B
Rec_F3FB40=Default_Part26_A
Rec_F3FB60=Default_Part26_B
Rec_F3FB80=Default_Part27_A
Rec_F3FBA0=Default_Part27_B
Rec_F3FBC0=Default_Part28_A
Rec_F3FBE0=Default_Part28_B
Rec_F3FC00=Default_Part29_A
Rec_F3FC20=Default_Part29_B
Rec_F3FC40=Default_Part30_A
Rec_F3FC60=Default_Part30_B
Rec_F3FC80=Default_Part31_A
Rec_F3FCA0=Default_Part31_B
Rec_F3FCC0=Default_Record7A
Rec_F3FCE0=Default_Record98
Rec_F3FCF0=Default_Record99
Rec_F3FD10=Default_Record80
Rec_F3FD28=Default_Record91
Rec_F3FD38=Default_Record93
