BStore_Table_F6415E_Code_Entry=sub_F6418E_Entry
BStore_Table_F6415E_Code_Join=sub_F6418E_Join
BStore_Table_F6415E_Code_Join2=sub_F6418E_Join2
BStore_Table_F6415E_Code_Join3=sub_F6418E_Join3
BStore_Table_F6415E_Code_Join4=sub_F6418E_Join4
BStore_Table_F6415E_Code_Join5=sub_F6418E_Join5
BStore_Table_F6415E_Code_Loop=sub_F6418E_Loop
BStore_Table_F6415E_Code_Loop2=sub_F6418E_Loop2
BStore_Table_F6415E_Code_Loop3=sub_F6418E_Loop3
BStore_Table_F6415E_Code_Return=sub_F6418E_Return
BStore_Table_F6415E_Code_Skip=sub_F6418E_Skip
BStore_Table_F6415E_Code_Skip10=sub_F6418E_Skip10
BStore_Table_F6415E_Code_Skip11=sub_F6418E_Skip11
BStore_Table_F6415E_Code_Skip12=sub_F6418E_Skip12
BStore_Table_F6415E_Code_Skip13=sub_F6418E_Skip13
BStore_Table_F6415E_Code_Skip14=sub_F6418E_Skip14
BStore_Table_F6415E_Code_Skip15=sub_F6418E_Skip15
BStore_Table_F6415E_Code_Skip16=sub_F6418E_Skip16
BStore_Table_F6415E_Code_Skip17=sub_F6418E_Skip17
BStore_Table_F6415E_Code_Skip2=sub_F6418E_Skip2
BStore_Table_F6415E_Code_Skip3=sub_F6418E_Skip3
BStore_Table_F6415E_Code_Skip4=sub_F6418E_Skip4
BStore_Table_F6415E_Code_Skip5=sub_F6418E_Skip5
BStore_Table_F6415E_Code_Skip6=sub_F6418E_Skip6
BStore_Table_F6415E_Code_Skip7=sub_F6418E_Skip7
BStore_Table_F6415E_Code_Skip8=sub_F6418E_Skip8
BStore_Table_F6415E_Code_Skip9=sub_F6418E_Skip9
BitMask_F4C3E9_Code_Epilogue=sub_F4C3F2_Epilogue
BitMask_F4C3E9_Code_Epilogue2=sub_F4C42E_Epilogue
BitMask_F4C3E9_Code_Epilogue3=sub_F4C4DD_Epilogue
BitMask_F4C3E9_Code_Join=sub_F4C42E_Join
BitMask_F4C3E9_Code_Join2=sub_F4C4DD_Join
BitMask_F4C3E9_Code_Join3=sub_F4C5A2_Join
BitMask_F4C3E9_Code_Join4=sub_F4C5A2_Join2
BitMask_F4C3E9_Code_Join5=sub_F4C5A2_Join3
BitMask_F4C3E9_Code_Loop=sub_F4C5A2_Loop
BitMask_F4C3E9_Code_Return=sub_F4C588_Return
BitMask_F4C3E9_Code_Return2=sub_F4C5A2_Return
BitMask_F4C3E9_Code_Skip=sub_F4C42E_Skip
BitMask_F4C3E9_Code_Skip10=sub_F4C5A2_Skip4
BitMask_F4C3E9_Code_Skip2=sub_F4C42E_Skip2
BitMask_F4C3E9_Code_Skip3=sub_F4C46A_Skip
BitMask_F4C3E9_Code_Skip4=sub_F4C46A_Skip2
BitMask_F4C3E9_Code_Skip5=sub_F4C4DD_Skip
BitMask_F4C3E9_Code_Skip6=sub_F4C4DD_Skip2
BitMask_F4C3E9_Code_Skip7=sub_F4C5A2_Skip
BitMask_F4C3E9_Code_Skip8=sub_F4C5A2_Skip2
BitMask_F4C3E9_Code_Skip9=sub_F4C5A2_Skip3
BitWeight_F4E5FC_Code_Return=sub_F4EC00_Return
Bitmap_F54D7E_Duplicate_Code_Join=PanelCode_ToSlotAndFlags_Join
Bitmap_F54D7E_Duplicate_Code_Join2=sub_F550A6_Join
Bitmap_F54D7E_Duplicate_Code_Join3=sub_F550A6_Join2
Bitmap_F54D7E_Duplicate_Code_Join4=sub_F550A6_Join3
Bitmap_F54D7E_Duplicate_Code_Join5=sub_F550A6_Join4
Bitmap_F54D7E_Duplicate_Code_Join6=sub_F550A6_Join5
Bitmap_F54D7E_Duplicate_Code_Join7=sub_F5517B_Join
Bitmap_F54D7E_Duplicate_Code_Join8=sub_F5517B_Join2
Bitmap_F54D7E_Duplicate_Code_Join9=sub_F551E7_Join
Bitmap_F54D7E_Duplicate_Code_Skip=PanelCode_ToSlotAndFlags_Skip
Bitmap_F54D7E_Duplicate_Code_Skip10=sub_F550A6_Skip4
Bitmap_F54D7E_Duplicate_Code_Skip11=sub_F550A6_Skip5
Bitmap_F54D7E_Duplicate_Code_Skip12=sub_F550A6_Skip6
Bitmap_F54D7E_Duplicate_Code_Skip13=sub_F550A6_Skip7
Bitmap_F54D7E_Duplicate_Code_Skip14=sub_F5517B_Skip
Bitmap_F54D7E_Duplicate_Code_Skip15=sub_F5517B_Skip2
Bitmap_F54D7E_Duplicate_Code_Skip16=sub_F551E7_Skip
Bitmap_F54D7E_Duplicate_Code_Skip17=sub_F551E7_Skip2
Bitmap_F54D7E_Duplicate_Code_Skip18=sub_F551E7_Skip3
Bitmap_F54D7E_Duplicate_Code_Skip2=PanelCode_ToSlotAndFlags_Skip2
Bitmap_F54D7E_Duplicate_Code_Skip3=PanelCode_ToSlotAndFlags_Skip3
Bitmap_F54D7E_Duplicate_Code_Skip4=PanelCode_ToSlotAndFlags_Skip4
Bitmap_F54D7E_Duplicate_Code_Skip5=PanelCode_ToSlotAndFlags_Skip5
Bitmap_F54D7E_Duplicate_Code_Skip6=PanelCode_ToSlotAndFlags_Skip6
Bitmap_F54D7E_Duplicate_Code_Skip7=sub_F550A6_Skip
Bitmap_F54D7E_Duplicate_Code_Skip8=sub_F550A6_Skip2
Bitmap_F54D7E_Duplicate_Code_Skip9=sub_F550A6_Skip3
BlinkArgPtrs_F7F1F5_Code_Return=LcdKeyRow3_MeasureDelete_207ENonZero_Return
BlinkArgPtrs_F7F1F5_Code_Return2=LcdKeyRow4_MeasureDelete_207ENonZero_Return
BlinkArgPtrs_F7F1F5_Code_Return3=ExitKey_MeasureDelete_207ENonZero_Return
DLGlyph_118_F7A158_Code_Join=sub_F7A408_Join
DLGlyph_118_F7A158_Code_Join2=sub_F7A408_Join2
DLGlyph_118_F7A158_Code_Join3=sub_F7A408_Join3
DL_F0E12D_TEXT_Code_Join=Blink_SetEnable_Join
DL_F0E12D_TEXT_Code_Skip=Blink_SetEnable_Skip
DL_F0E12D_TEXT_Code_Skip2=Blink_SetEnable_Skip2
DL_F59C53_Code_Join=SC1_Spin2_Join
DL_F59C53_Code_Return=SC1_Spin2_Return
DL_F59C53_Code_Skip=SC1_SendWord_Polled_Skip
Data_F007FE_Code_Epilogue=sub_F00903_Epilogue
Data_F007FE_Code_Epilogue2=sub_F0095D_Epilogue
Data_F007FE_Code_Join=sub_F0082E_Join
Data_F007FE_Code_Join2=sub_F00895_Join
Data_F007FE_Code_Join3=sub_F00895_Join2
Data_F007FE_Code_Join4=sub_F00903_Join
Data_F007FE_Code_Join5=sub_F00903_Join2
Data_F007FE_Code_Join6=sub_F009AE_Join
Data_F007FE_Code_Join7=sub_F009AE_Join2
Data_F007FE_Code_Join8=sub_F00A31_Join
Data_F007FE_Code_Join9=sub_F00A31_Join2
Data_F007FE_Code_Return=sub_F0082E_Return
Data_F007FE_Code_Return2=sub_F00984_Return
Data_F007FE_Code_Return3=sub_F00995_Return
Data_F007FE_Code_Return4=sub_F009AE_Return
Data_F007FE_Code_Return5=sub_F00A31_Return
Data_F007FE_Code_Return6=sub_F00AA5_Return
Data_F007FE_Code_Skip=sub_F00800_Skip
Data_F007FE_Code_Skip10=sub_F00903_Skip2
Data_F007FE_Code_Skip11=sub_F00995_Skip
Data_F007FE_Code_Skip12=sub_F009AE_Skip
Data_F007FE_Code_Skip13=sub_F009AE_Skip2
Data_F007FE_Code_Skip14=sub_F009AE_Skip3
Data_F007FE_Code_Skip15=sub_F009AE_Skip4
Data_F007FE_Code_Skip16=sub_F009AE_Skip5
Data_F007FE_Code_Skip17=sub_F00A31_Skip
Data_F007FE_Code_Skip18=sub_F00A31_Skip2
Data_F007FE_Code_Skip19=sub_F00A31_Skip3
Data_F007FE_Code_Skip2=sub_F00800_Skip2
Data_F007FE_Code_Skip20=sub_F00A31_Skip4
Data_F007FE_Code_Skip21=sub_F00A31_Skip5
Data_F007FE_Code_Skip22=sub_F00A31_Skip6
Data_F007FE_Code_Skip23=sub_F00A31_Skip7
Data_F007FE_Code_Skip24=sub_F00A31_Skip8
Data_F007FE_Code_Skip3=sub_F0082E_Skip
Data_F007FE_Code_Skip4=sub_F0082E_Skip2
Data_F007FE_Code_Skip5=sub_F00895_Skip
Data_F007FE_Code_Skip6=sub_F00895_Skip2
Data_F007FE_Code_Skip7=sub_F00895_Skip3
Data_F007FE_Code_Skip8=sub_F00895_Skip4
Data_F007FE_Code_Skip9=sub_F00903_Skip
Data_F657B2_Code_Join=sub_F65C5E_Join
Data_F657B2_Code_Join2=sub_F65C9A_Join
Data_F657B2_Code_Join3=sub_F65CD6_Join
Data_F657B2_Code_Skip=sub_F65C5E_Skip
Data_F657B2_Code_Skip2=sub_F65C9A_Skip
Data_F657B2_Code_Skip3=sub_F65CD6_Skip
Data_F657B2_Code_Skip4=sub_F65CD6_Skip2
Data_F657B2_Code_Skip5=sub_F65CD6_Skip3
Data_F65DCC_Code_Join=sub_F65DD3_Join
Data_F65DCC_Code_Skip=sub_F65DD3_Skip
Data_F65DF1_Code_Join=sub_F65DF8_Join
Data_F65DF1_Code_Return2=sub_F65DF8_Return
Data_F65DF1_Code_Skip=sub_F65DF8_Skip
Data_F65DF1_Code_Skip2=sub_F65DF8_Skip2
Data_F65E93_Code_Entry=sub_F65F7C_Entry
Data_F65E93_Code_Join=sub_F65E98_Join
Data_F65E93_Code_Join2=sub_F65F7C_Join
Data_F65E93_Code_Join3=sub_F65FDD_Join
Data_F65E93_Code_Return=sub_F65E98_Return
Data_F65E93_Code_Return2=sub_F65F7C_Return
Data_F65E93_Code_Return3=sub_F65FDD_Return
Data_F65E93_Code_Skip=sub_F65E98_Skip
Data_F65E93_Code_Skip2=sub_F65E98_Skip2
Data_F65E93_Code_Skip3=sub_F65FDD_Skip
Data_F65E93_Code_Skip4=sub_F65FDD_Skip2
Data_F65E93_Code_Skip5=sub_F66020_Skip
Data_F65E93_Code_Skip6=sub_F66081_Skip
Data_F6E1A6_Code_Skip=MsgLine_PartEffect_Skip
Data_F6E1A6_Code_Skip2=MsgLine_PartEffect_Skip2
Data_F6E43E_Code_Skip=MsgLine_NoteName_Skip
Data_F6E9B0_Code_Join=sub_F6E9BB_Join
Data_F6E9B0_Code_Return=sub_F6E9BB_Return
Data_F6E9B0_Code_Skip=sub_F6E9BB_Skip
Data_F6F19C_Code_Skip=sub_F6F408_Skip
Data_F6F19C_Code_Skip2=sub_F6F440_Skip
Data_F72495_Code_Return=sub_F724CB_Return
Data_F72495_Code_Skip=sub_F724A7_Skip
Data_F73844_Code_Join=Smf_WriteFile_Join
Data_F73844_Code_Join10=Smf_WriteFile_Join10
Data_F73844_Code_Join11=Smf_WriteFile_Join11
Data_F73844_Code_Join2=Smf_WriteFile_Join2
Data_F73844_Code_Join3=Smf_WriteFile_Join3
Data_F73844_Code_Join4=Smf_WriteFile_Join4
Data_F73844_Code_Join5=Smf_WriteFile_Join5
Data_F73844_Code_Join6=Smf_WriteFile_Join6
Data_F73844_Code_Join7=Smf_WriteFile_Join7
Data_F73844_Code_Join8=Smf_WriteFile_Join8
Data_F73844_Code_Join9=Smf_WriteFile_Join9
Data_F73844_Code_Loop=Smf_WriteFile_Loop
Data_F73844_Code_Loop2=Smf_WriteFile_Loop2
Data_F73844_Code_Loop3=Smf_WriteFile_Loop3
Data_F73844_Code_Loop4=Smf_WriteFile_Loop4
Data_F73844_Code_Loop5=Smf_WriteFile_Loop5
Data_F73844_Code_Loop6=Smf_WriteFile_Loop6
Data_F73844_Code_Loop7=Smf_WriteFile_Loop7
Data_F73844_Code_Loop8=Smf_WriteFile_Loop8
Data_F73844_Code_Loop9=Smf_WriteFile_Loop9
Data_F73844_Code_Skip=Smf_WriteFile_Skip
Data_F73844_Code_Skip10=Smf_WriteFile_Skip10
Data_F73844_Code_Skip11=Smf_WriteFile_Skip11
Data_F73844_Code_Skip12=Smf_WriteFile_Skip12
Data_F73844_Code_Skip13=Smf_WriteFile_Skip13
Data_F73844_Code_Skip14=Smf_WriteFile_Skip14
Data_F73844_Code_Skip15=Smf_WriteFile_Skip15
Data_F73844_Code_Skip16=Smf_WriteFile_Skip16
Data_F73844_Code_Skip17=Smf_WriteFile_Skip17
Data_F73844_Code_Skip18=Smf_WriteFile_Skip18
Data_F73844_Code_Skip19=Smf_WriteFile_Skip19
Data_F73844_Code_Skip2=Smf_WriteFile_Skip2
Data_F73844_Code_Skip20=Smf_WriteFile_Skip20
Data_F73844_Code_Skip21=Smf_WriteFile_Skip21
Data_F73844_Code_Skip22=Smf_WriteFile_Skip22
Data_F73844_Code_Skip23=Smf_WriteFile_Skip23
Data_F73844_Code_Skip24=Smf_WriteFile_Skip24
Data_F73844_Code_Skip25=Smf_WriteFile_Skip25
Data_F73844_Code_Skip26=Smf_WriteFile_Skip26
Data_F73844_Code_Skip27=Smf_WriteFile_Skip27
Data_F73844_Code_Skip28=Smf_WriteFile_Skip28
Data_F73844_Code_Skip29=Smf_WriteFile_Skip29
Data_F73844_Code_Skip3=Smf_WriteFile_Skip3
Data_F73844_Code_Skip30=Smf_WriteFile_Skip30
Data_F73844_Code_Skip31=Smf_WriteFile_Skip31
Data_F73844_Code_Skip32=Smf_WriteFile_Skip32
Data_F73844_Code_Skip33=Smf_WriteFile_Skip33
Data_F73844_Code_Skip34=Smf_WriteFile_Skip34
Data_F73844_Code_Skip35=Smf_WriteFile_Skip35
Data_F73844_Code_Skip36=Smf_WriteFile_Skip36
Data_F73844_Code_Skip37=Smf_WriteFile_Skip37
Data_F73844_Code_Skip38=Smf_WriteFile_Skip38
Data_F73844_Code_Skip39=Smf_WriteFile_Skip39
Data_F73844_Code_Skip4=Smf_WriteFile_Skip4
Data_F73844_Code_Skip40=Smf_WriteFile_Skip40
Data_F73844_Code_Skip41=Smf_WriteFile_Skip41
Data_F73844_Code_Skip42=Smf_WriteFile_Skip42
Data_F73844_Code_Skip43=Smf_WriteFile_Skip43
Data_F73844_Code_Skip44=Smf_WriteFile_Skip44
Data_F73844_Code_Skip45=Smf_WriteFile_Skip45
Data_F73844_Code_Skip46=Smf_WriteFile_Skip46
Data_F73844_Code_Skip47=Smf_WriteFile_Skip47
Data_F73844_Code_Skip48=Smf_WriteFile_Skip48
Data_F73844_Code_Skip49=Smf_WriteFile_Skip49
Data_F73844_Code_Skip5=Smf_WriteFile_Skip5
Data_F73844_Code_Skip50=Smf_WriteFile_Skip50
Data_F73844_Code_Skip51=Smf_WriteFile_Skip51
Data_F73844_Code_Skip52=Smf_WriteFile_Skip52
Data_F73844_Code_Skip53=Smf_WriteFile_Skip53
Data_F73844_Code_Skip54=Smf_WriteFile_Skip54
Data_F73844_Code_Skip55=Smf_WriteFile_Skip55
Data_F73844_Code_Skip56=Smf_WriteFile_Skip56
Data_F73844_Code_Skip57=Smf_WriteFile_Skip57
Data_F73844_Code_Skip58=Smf_WriteFile_Skip58
Data_F73844_Code_Skip6=Smf_WriteFile_Skip6
Data_F73844_Code_Skip7=Smf_WriteFile_Skip7
Data_F73844_Code_Skip8=Smf_WriteFile_Skip8
Data_F73844_Code_Skip9=Smf_WriteFile_Skip9
DispatchTable_F0F0CE_Code_Epilogue=sub_F0F0FF_Epilogue
DispatchTable_F0F0CE_Code_Skip=sub_F0F105_Arm_Skip
DispatchTable_F0F0CE_Code_Skip2=sub_F0F105_Arm_Skip2
DispatchTable_F0F0CE_Code_Skip3=sub_F0F105_Arm_Skip3
DispatchTable_F0F152_Code_Join=sub_F0F174_Join
DispatchTable_F0F152_Code_Skip=sub_F0F17C_Skip
DispatchTable_F0F1E8_Code_Epilogue=sub_F0F277_Epilogue
DispatchTable_F0F1E8_Code_Join=sub_F0F200_Join
DispatchTable_F0F1E8_Code_Join2=sub_F0F277_Join
DispatchTable_F0F1E8_Code_Skip=sub_F0F200_Skip
DispatchTable_F0F1E8_Code_Skip2=sub_F0F200_Skip2
DispatchTable_F0F1E8_Code_Skip3=sub_F0F200_Skip3
DispatchTable_F0F1E8_Code_Skip4=sub_F0F200_Skip4
DispatchTable_F0F347_Code_Join=sub_F0F37C_Join
DispatchTable_F0F347_Code_Join2=sub_F0F37C_Join2
DispatchTable_F0F347_Code_Return=sub_F0F37C_Return
DispatchTable_F0F461_Code_Epilogue=sub_F0F48D_Epilogue
DispatchTable_F0F558_Code_Skip=sub_F0F579_Skip
DispatchTable_F0F5BE_Code_Join=sub_F0F610_Join
DispatchTable_F0F5BE_Code_Join2=sub_F0F610_Join2
DispatchTable_F0F5BE_Code_Skip=sub_F0F5FF_Skip
DispatchTable_F0F63E_Code_Skip=sub_F0F676_Arm_Skip
DispatchTable_F0F6A4_Code_Join=sub_F0F6DF_Join
DispatchTable_F0F6A4_Code_Skip=sub_F0F6D3_Skip
DispatchTable_F0F708_Code_Join=sub_F0F75B_Join
DispatchTable_F0F708_Code_Join10=sub_F0F788_Join9
DispatchTable_F0F708_Code_Join11=sub_F0F788_Join10
DispatchTable_F0F708_Code_Join12=sub_F0F788_Join11
DispatchTable_F0F708_Code_Join2=sub_F0F788_Join
DispatchTable_F0F708_Code_Join3=sub_F0F788_Join2
DispatchTable_F0F708_Code_Join4=sub_F0F788_Join3
DispatchTable_F0F708_Code_Join5=sub_F0F788_Join4
DispatchTable_F0F708_Code_Join6=sub_F0F788_Join5
DispatchTable_F0F708_Code_Join7=sub_F0F788_Join6
DispatchTable_F0F708_Code_Join8=sub_F0F788_Join7
DispatchTable_F0F708_Code_Join9=sub_F0F788_Join8
DispatchTable_F0F708_Code_Return=sub_F0F75B_Return
DispatchTable_F0F708_Code_Skip=sub_F0F75B_Skip
DispatchTable_F0F708_Code_Skip10=sub_F0F788_Skip9
DispatchTable_F0F708_Code_Skip11=sub_F0F788_Skip10
DispatchTable_F0F708_Code_Skip12=sub_F0F788_Skip11
DispatchTable_F0F708_Code_Skip13=sub_F0F788_Skip12
DispatchTable_F0F708_Code_Skip14=sub_F0F788_Skip13
DispatchTable_F0F708_Code_Skip15=sub_F0F788_Skip14
DispatchTable_F0F708_Code_Skip16=sub_F0F788_Skip15
DispatchTable_F0F708_Code_Skip17=sub_F0F788_Skip16
DispatchTable_F0F708_Code_Skip18=sub_F0F788_Skip17
DispatchTable_F0F708_Code_Skip19=sub_F0F788_Skip18
DispatchTable_F0F708_Code_Skip2=sub_F0F788_Skip
DispatchTable_F0F708_Code_Skip20=sub_F0F788_Skip19
DispatchTable_F0F708_Code_Skip21=sub_F0F788_Skip20
DispatchTable_F0F708_Code_Skip22=sub_F0F788_Skip21
DispatchTable_F0F708_Code_Skip23=sub_F0F788_Skip22
DispatchTable_F0F708_Code_Skip24=sub_F0F788_Skip23
DispatchTable_F0F708_Code_Skip25=sub_F0F788_Skip24
DispatchTable_F0F708_Code_Skip26=sub_F0F788_Skip25
DispatchTable_F0F708_Code_Skip27=sub_F0F788_Skip26
DispatchTable_F0F708_Code_Skip28=sub_F0F788_Skip27
DispatchTable_F0F708_Code_Skip29=sub_F0F788_Skip28
DispatchTable_F0F708_Code_Skip3=sub_F0F788_Skip2
DispatchTable_F0F708_Code_Skip4=sub_F0F788_Skip3
DispatchTable_F0F708_Code_Skip5=sub_F0F788_Skip4
DispatchTable_F0F708_Code_Skip6=sub_F0F788_Skip5
DispatchTable_F0F708_Code_Skip7=sub_F0F788_Skip6
DispatchTable_F0F708_Code_Skip8=sub_F0F788_Skip7
DispatchTable_F0F708_Code_Skip9=sub_F0F788_Skip8
DispatchTable_F5B8F8_Code_Join=Dispatch_Code80_Join
DispatchTable_F5B8F8_Code_Skip=Dispatch_Code80_Skip
DispatchTable_F674CE_Code_Join=sub_F674DE_Join
DispatchTable_F674CE_Code_Join2=sub_F674DE_Join2
DispatchTable_F674CE_Code_Loop=sub_F674DE_Loop
DispatchTable_F674CE_Code_Skip=sub_F674DE_Skip
DispatchTable_F67548_Code_Join=sub_F67558_Join
DispatchTable_F67548_Code_Return=sub_F67558_Return
DispatchTable_F67548_Code_Skip=sub_F67558_Skip
DispatchTable_F67548_Code_Skip2=sub_F67558_Skip2
DispatchTable_F675BB_Code_Return=sub_F675CC_Return
DispatchTable_F675F3_Code_Skip=sub_F67604_Skip
DispatchTable_F67616_Code_Join=sub_F676B6_Join
DispatchTable_F67616_Code_Return=sub_F67696_Return
DispatchTable_F67616_Code_Skip=sub_F67696_Skip
DispatchTable_F67616_Code_Skip2=sub_F676B6_Skip
DispatchTable_F67616_Code_Skip3=sub_F676B6_Skip2
DispatchTable_F67616_Code_Skip4=sub_F676B6_Skip3
DispatchTable_F67616_Code_Skip5=sub_F676B6_Skip4
DispatchTable_F67616_Code_Skip6=sub_F676B6_Skip5
DispatchTable_F67789_Code_Return=sub_F677D5_Return
DispatchTable_F677EF_Code_Return=sub_F678C6_Return
DispatchTable_F677EF_Code_Return2=sub_F678DE_Return
DispatchTable_F677EF_Code_Skip=sub_F678C6_Skip
DispatchTable_F67939_Code_Return=sub_F679B9_Return
DispatchTable_F679D3_Code_Return=sub_F67A53_Return
DispatchTable_F679D3_Code_Skip=sub_F67A6D_Skip
DispatchTable_F67A7A_Code_Return=sub_F67AFA_Return
DispatchTable_F67B14_Code_Return=sub_F67B94_Return
DispatchTable_F67BAE_Code_Return=sub_F67C2E_Return
DispatchTable_F67BAE_Code_Skip=sub_F67C48_Skip
DispatchTable_F67C55_Code_Return=sub_F67CD5_Return
DispatchTable_F67CEF_Code_Return=sub_F67D6F_Return
DispatchTable_F67F96_Code_Join=sub_F68016_Join
DispatchTable_F67F96_Code_Skip=sub_F68016_Skip
DispatchTable_F67F96_Code_Skip10=sub_F68016_Skip10
DispatchTable_F67F96_Code_Skip11=sub_F68016_Skip11
DispatchTable_F67F96_Code_Skip12=sub_F68016_Skip12
DispatchTable_F67F96_Code_Skip13=sub_F68016_Skip13
DispatchTable_F67F96_Code_Skip2=sub_F68016_Skip2
DispatchTable_F67F96_Code_Skip3=sub_F68016_Skip3
DispatchTable_F67F96_Code_Skip4=sub_F68016_Skip4
DispatchTable_F67F96_Code_Skip5=sub_F68016_Skip5
DispatchTable_F67F96_Code_Skip6=sub_F68016_Skip6
DispatchTable_F67F96_Code_Skip7=sub_F68016_Skip7
DispatchTable_F67F96_Code_Skip8=sub_F68016_Skip8
DispatchTable_F67F96_Code_Skip9=sub_F68016_Skip9
DispatchTable_F685C1_Code_Return=sub_F68641_Return
DispatchTable_F6865B_Code_Return=sub_F686DB_Return
DispatchTable_F686F5_Code_Epilogue=sub_F68787_Epilogue
DispatchTable_F686F5_Code_Return=sub_F68775_Return
DispatchTable_F686F5_Code_Return2=sub_F6877E_Return
DispatchTable_F686F5_Code_Skip=sub_F68787_Skip
DispatchTable_F686F5_Code_Skip2=sub_F68787_Skip2
DispatchTable_F68972_Code_Return=sub_F68982_Return
DispatchTable_F68972_Code_Return2=sub_F68982_Return2
DispatchTable_F68972_Code_Return3=sub_F689AD_Return
DispatchTable_F68972_Code_Return4=sub_F689AD_Return2
DispatchTable_F68972_Code_Return5=sub_F689E0_Return
DispatchTable_F68972_Code_Skip=sub_F68982_Skip
DispatchTable_F68972_Code_Skip2=sub_F689AD_Skip
DispatchTable_F6953C_Code_Join=sub_F69560_Join
DispatchTable_F6953C_Code_Skip=sub_F69560_Skip
DispatchTable_F6953C_Code_Skip2=sub_F69560_Skip2
DispatchTable_F69C24_Code_Return=sub_F69C34_Return
DispatchTable_F69C24_Code_Return2=sub_F69C50_Return
DispatchTable_F69C24_Code_Skip=sub_F69C34_Skip
DispatchTable_F69C24_Code_Skip2=sub_F69C50_Skip
DispatchTable_F69C24_Code_Skip3=sub_F69C71_Skip
DispatchTable_F69C24_Code_Skip4=sub_F69C8F_Skip
DispatchTable_F6ABD2_Code_Return=sub_F6AC24_Return
DispatchTable_F6ABD2_Code_Skip=sub_F6AC24_Skip
DispatchTable_F7048D_Code_Return=sub_F704E7_Return
DispatchTable_F7048D_Code_Return2=sub_F7053F_Return
DispatchTable_F7048D_Code_Skip=sub_F7053F_Skip
DispatchTable_F7048D_Code_Skip2=sub_F7053F_Skip2
DispatchTable_F72323_Code_Return=sub_F7237D_Return
DispatchTable_F72323_Code_Return2=sub_F723E1_Return
DispatchTable_F72323_Code_Skip=sub_F723E1_Skip
DispatchTable_F72323_Code_Skip2=sub_F723E1_Skip2
Dispatch_3629_Code_Return=sub_F45EAF_Return
Dispatch_3629_Code_Return2=sub_F45ED2_Return
Dispatch_3629_Code_Return3=sub_F45EF2_Return
Dispatch_3629_Code_Skip=sub_F45EAF_Skip
Dispatch_3629_Code_Skip2=sub_F45ED2_Skip
Dispatch_3629_Code_Skip3=sub_F45EF2_Skip
GmSystemSysEx_F76E64_Code_Entry=sub_F76E74_Entry
GmSystemSysEx_F76E64_Code_Entry2=sub_F76E74_Entry2
GmSystemSysEx_F76E64_Code_Entry3=sub_F76E74_Entry3
GmSystemSysEx_F76E64_Code_Entry4=sub_F76E74_Entry4
GmSystemSysEx_F76E64_Code_Entry5=sub_F76E74_Entry5
GmSystemSysEx_F76E64_Code_Entry6=sub_F76E74_Entry6
GmSystemSysEx_F76E64_Code_Entry7=sub_F76E74_Entry7
GmSystemSysEx_F76E64_Code_Entry8=sub_F76E74_Entry8
GmSystemSysEx_F76E64_Code_Join=sub_F76E74_Join
GmSystemSysEx_F76E64_Code_Join2=sub_F76E74_Join2
GmSystemSysEx_F76E64_Code_Join3=sub_F76E74_Join3
GmSystemSysEx_F76E64_Code_Join4=sub_F76E74_Join4
GmSystemSysEx_F76E64_Code_Join5=sub_F76E74_Join5
GmSystemSysEx_F76E64_Code_Join6=sub_F76E74_Join6
GmSystemSysEx_F76E64_Code_Join7=sub_F76E74_Join7
GmSystemSysEx_F76E64_Code_Loop=sub_F76E74_Loop
GmSystemSysEx_F76E64_Code_Loop2=sub_F76E74_Loop2
GmSystemSysEx_F76E64_Code_Loop3=sub_F76E74_Loop3
GmSystemSysEx_F76E64_Code_Loop4=sub_F76E74_Loop4
GmSystemSysEx_F76E64_Code_Loop5=sub_F76E74_Loop5
GmSystemSysEx_F76E64_Code_Loop6=sub_F76E74_Loop6
GmSystemSysEx_F76E64_Code_Return=sub_F76E74_Return
GmSystemSysEx_F76E64_Code_Skip=sub_F76E74_Skip
GmSystemSysEx_F76E64_Code_Skip10=sub_F76E74_Skip10
GmSystemSysEx_F76E64_Code_Skip11=sub_F76E74_Skip11
GmSystemSysEx_F76E64_Code_Skip12=sub_F76E74_Skip12
GmSystemSysEx_F76E64_Code_Skip13=sub_F76E74_Skip13
GmSystemSysEx_F76E64_Code_Skip14=sub_F76E74_Skip14
GmSystemSysEx_F76E64_Code_Skip15=sub_F76E74_Skip15
GmSystemSysEx_F76E64_Code_Skip16=sub_F76E74_Skip16
GmSystemSysEx_F76E64_Code_Skip17=sub_F76E74_Skip17
GmSystemSysEx_F76E64_Code_Skip18=sub_F76E74_Skip18
GmSystemSysEx_F76E64_Code_Skip19=sub_F76E74_Skip19
GmSystemSysEx_F76E64_Code_Skip2=sub_F76E74_Skip2
GmSystemSysEx_F76E64_Code_Skip20=sub_F76E74_Skip20
GmSystemSysEx_F76E64_Code_Skip21=sub_F76E74_Skip21
GmSystemSysEx_F76E64_Code_Skip22=sub_F76E74_Skip22
GmSystemSysEx_F76E64_Code_Skip23=sub_F76E74_Skip23
GmSystemSysEx_F76E64_Code_Skip24=sub_F76E74_Skip24
GmSystemSysEx_F76E64_Code_Skip25=sub_F76E74_Skip25
GmSystemSysEx_F76E64_Code_Skip26=sub_F76E74_Skip26
GmSystemSysEx_F76E64_Code_Skip27=sub_F76E74_Skip27
GmSystemSysEx_F76E64_Code_Skip28=sub_F76E74_Skip28
GmSystemSysEx_F76E64_Code_Skip29=sub_F76E74_Skip29
GmSystemSysEx_F76E64_Code_Skip3=sub_F76E74_Skip3
GmSystemSysEx_F76E64_Code_Skip30=sub_F76E74_Skip30
GmSystemSysEx_F76E64_Code_Skip31=sub_F76E74_Skip31
GmSystemSysEx_F76E64_Code_Skip32=sub_F76E74_Skip32
GmSystemSysEx_F76E64_Code_Skip4=sub_F76E74_Skip4
GmSystemSysEx_F76E64_Code_Skip5=sub_F76E74_Skip5
GmSystemSysEx_F76E64_Code_Skip6=sub_F76E74_Skip6
GmSystemSysEx_F76E64_Code_Skip7=sub_F76E74_Skip7
GmSystemSysEx_F76E64_Code_Skip8=sub_F76E74_Skip8
GmSystemSysEx_F76E64_Code_Skip9=sub_F76E74_Skip9
ParamRangeArms_F370A7_Code_Skip=sub_F37161_Skip
ParamRangeArms_F3719C_Code_Skip=sub_F372F0_Skip
ParamRangeArms_F37312_Code_Join=sub_F37557_Join
ParamRangeArms_F37312_Code_Join2=sub_F37565_Join
ParamRangeArms_F37312_Code_Join3=sub_F37573_Join
ParamRangeArms_F37312_Code_Join4=sub_F37573_Join2
ParamRangeArms_F3760E_Code_Skip=sub_F376D7_Skip
ParamRangeArms_F37705_Code_Skip=sub_F3780C_Skip
ParamRangeArms_F3782E_Code_Join=sub_F3797B_Join
ParamRangeArms_F3782E_Code_Join10=sub_F37D17_Join
ParamRangeArms_F3782E_Code_Join11=sub_F37D17_Join2
ParamRangeArms_F3782E_Code_Join2=sub_F37989_Join
ParamRangeArms_F3782E_Code_Join3=sub_F37989_Join2
ParamRangeArms_F3782E_Code_Join4=sub_F379AB_Join
ParamRangeArms_F3782E_Code_Join5=sub_F379AB_Join2
ParamRangeArms_F3782E_Code_Join6=sub_F379AB_Join3
ParamRangeArms_F3782E_Code_Join7=sub_F379AB_Join4
ParamRangeArms_F3782E_Code_Join8=sub_F379AB_Join5
ParamRangeArms_F3782E_Code_Join9=sub_F379AB_Join6
ParamRangeArms_F3782E_Code_Skip=sub_F379AB_Skip
ParamRangeArms_F3782E_Code_Skip10=sub_F379AB_Skip10
ParamRangeArms_F3782E_Code_Skip11=sub_F379AB_Skip11
ParamRangeArms_F3782E_Code_Skip12=sub_F379AB_Skip12
ParamRangeArms_F3782E_Code_Skip13=sub_F379AB_Skip13
ParamRangeArms_F3782E_Code_Skip14=sub_F379AB_Skip14
ParamRangeArms_F3782E_Code_Skip15=sub_F379AB_Skip15
ParamRangeArms_F3782E_Code_Skip16=sub_F379AB_Skip16
ParamRangeArms_F3782E_Code_Skip17=sub_F379AB_Skip17
ParamRangeArms_F3782E_Code_Skip18=sub_F379AB_Skip18
ParamRangeArms_F3782E_Code_Skip19=sub_F37D17_Skip
ParamRangeArms_F3782E_Code_Skip2=sub_F379AB_Skip2
ParamRangeArms_F3782E_Code_Skip20=sub_F37D17_Skip2
ParamRangeArms_F3782E_Code_Skip21=sub_F37D17_Skip3
ParamRangeArms_F3782E_Code_Skip22=sub_F37D17_Skip4
ParamRangeArms_F3782E_Code_Skip3=sub_F379AB_Skip3
ParamRangeArms_F3782E_Code_Skip4=sub_F379AB_Skip4
ParamRangeArms_F3782E_Code_Skip5=sub_F379AB_Skip5
ParamRangeArms_F3782E_Code_Skip6=sub_F379AB_Skip6
ParamRangeArms_F3782E_Code_Skip7=sub_F379AB_Skip7
ParamRangeArms_F3782E_Code_Skip8=sub_F379AB_Skip8
ParamRangeArms_F3782E_Code_Skip9=sub_F379AB_Skip9
PtrArray_F00C4E_Code_Join=sub_F00EEF_Join
PtrArray_F00C4E_Code_Join2=sub_F00FE4_Join
PtrArray_F00C4E_Code_Join3=sub_F01031_Join
PtrArray_F00C4E_Code_Skip=sub_F00CA2_Skip
PtrArray_F00C4E_Code_Skip2=sub_F00CE3_Skip
PtrArray_F00C4E_Code_Skip3=sub_F00D24_Skip
PtrArray_F00C4E_Code_Skip4=sub_F00D65_Skip
PtrArray_F00C4E_Code_Skip5=sub_F00EEF_Skip
PtrArray_F00C4E_Code_Skip6=sub_F00FE4_Skip
PtrArray_F00C4E_Code_Skip7=sub_F01031_Skip
PtrTable_F09B7B_Code_Join=SoundEditCopy_Paint_Join
PtrTable_F09B7B_Code_Join2=SoundEditCopy_RepaintField_Join
PtrTable_F09B7B_Code_Join3=SoundEditCopy_RepaintField_Join2
PtrTable_F09B7B_Code_Return=SoundEditCopy_RepaintField_Return
PtrTable_F09B7B_Code_Skip=SoundEditCopy_Paint_Skip
PtrTable_F09B7B_Code_Skip2=SoundEditCopy_RepaintField_Skip
PtrTable_F09B7B_Code_Skip3=SoundEditCopy_RepaintField_Skip2
PtrTable_F09B7B_Code_Skip4=SoundEditCopy_RepaintField_Skip3
PtrTable_F0AE2F_Code_Join=sub_F0AE6B_Join
PtrTable_F0AE2F_Code_Skip=sub_F0AE6B_Skip
PtrTable_F0AEF6_Code_Join=sub_F0AF36_Join
PtrTable_F0AEF6_Code_Skip=sub_F0AF36_Skip
PtrTable_F0AFC1_Code_Join=sub_F0B011_Join
PtrTable_F0AFC1_Code_Join2=sub_F0B011_Join2
PtrTable_F0AFC1_Code_Skip=sub_F0B011_Skip
PtrTable_F0B09B_Code_Join=sub_F0B0CF_Join
PtrTable_F0B09B_Code_Skip=sub_F0B0CF_Skip
PtrTable_F0B157_Code_Join=sub_F0B179_Join
PtrTable_F0B157_Code_Join2=sub_F0B1A9_Join
PtrTable_F0B157_Code_Skip=sub_F0B179_Skip
PtrTable_F0B157_Code_Skip2=sub_F0B1A9_Skip
PtrTable_F0B33C_Code_Join=sub_F0B39C_Join
PtrTable_F0B33C_Code_Join10=sub_F0B74B_Join2
PtrTable_F0B33C_Code_Join11=sub_F0B81D_Join
PtrTable_F0B33C_Code_Join12=sub_F0B81D_Join2
PtrTable_F0B33C_Code_Join2=sub_F0B39C_Join2
PtrTable_F0B33C_Code_Join3=sub_F0B462_Join
PtrTable_F0B33C_Code_Join4=sub_F0B462_Join2
PtrTable_F0B33C_Code_Join5=sub_F0B578_Join
PtrTable_F0B33C_Code_Join6=sub_F0B578_Join2
PtrTable_F0B33C_Code_Join7=sub_F0B62F_Join
PtrTable_F0B33C_Code_Join8=sub_F0B727_Join
PtrTable_F0B33C_Code_Join9=sub_F0B74B_Join
PtrTable_F0B33C_Code_Loop=sub_F0B74B_Loop
PtrTable_F0B33C_Code_Loop2=sub_F0B74B_Loop2
PtrTable_F0B33C_Code_Loop3=sub_F0B81D_Loop
PtrTable_F0B33C_Code_Loop4=sub_F0B81D_Loop2
PtrTable_F0B33C_Code_Loop5=sub_F0B81D_Loop3
PtrTable_F0B33C_Code_Skip=sub_F0B36C_Skip
PtrTable_F0B33C_Code_Skip10=sub_F0B578_Skip3
PtrTable_F0B33C_Code_Skip11=sub_F0B62F_Skip
PtrTable_F0B33C_Code_Skip12=sub_F0B62F_Skip2
PtrTable_F0B33C_Code_Skip13=sub_F0B727_Skip
PtrTable_F0B33C_Code_Skip14=sub_F0B74B_Skip
PtrTable_F0B33C_Code_Skip15=sub_F0B74B_Skip2
PtrTable_F0B33C_Code_Skip16=sub_F0B80D_Skip
PtrTable_F0B33C_Code_Skip17=sub_F0B81D_Skip
PtrTable_F0B33C_Code_Skip18=sub_F0B81D_Skip2
PtrTable_F0B33C_Code_Skip19=sub_F0B91C_Skip
PtrTable_F0B33C_Code_Skip2=sub_F0B39C_Skip
PtrTable_F0B33C_Code_Skip3=sub_F0B39C_Skip2
PtrTable_F0B33C_Code_Skip4=sub_F0B39C_Skip3
PtrTable_F0B33C_Code_Skip5=sub_F0B462_Skip
PtrTable_F0B33C_Code_Skip6=sub_F0B462_Skip2
PtrTable_F0B33C_Code_Skip7=sub_F0B462_Skip3
PtrTable_F0B33C_Code_Skip8=sub_F0B578_Skip
PtrTable_F0B33C_Code_Skip9=sub_F0B578_Skip2
PtrTable_F52206_Code_Epilogue=LcdKeyRow1_DrawbarScreen_Epilogue
PtrTable_F52206_Code_Epilogue2=LcdKeyRow2_DrawbarScreen_Epilogue
PtrTable_F52206_Code_Epilogue3=LcdKeyRow4_DrawbarScreen_Epilogue
PtrTable_F52206_Code_Epilogue4=LcdKeyRow5_DrawbarScreen_Epilogue
PtrTable_F52206_Code_Join=sub_F53052_Join
PtrTable_F52206_Code_Join2=sub_F53052_Join2
PtrTable_F52206_Code_Skip=sub_F53052_Skip
PtrTable_F52206_Code_Skip10=LcdKeyRow2_DrawbarScreen_Skip2
PtrTable_F52206_Code_Skip11=LcdKeyRow4_DrawbarScreen_Skip
PtrTable_F52206_Code_Skip12=LcdKeyRow5_DrawbarScreen_Skip
PtrTable_F52206_Code_Skip2=sub_F53052_Skip2
PtrTable_F52206_Code_Skip3=sub_F53052_Skip3
PtrTable_F52206_Code_Skip4=sub_F53052_Skip4
PtrTable_F52206_Code_Skip5=sub_F53052_Skip5
PtrTable_F52206_Code_Skip6=sub_F53052_Skip6
PtrTable_F52206_Code_Skip7=sub_F53052_Skip7
PtrTable_F52206_Code_Skip8=LcdKeyRow1_DrawbarScreen_Skip
PtrTable_F52206_Code_Skip9=LcdKeyRow2_DrawbarScreen_Skip
RamPtrTable_F6CA63_Code_Join=sub_F6CB13_Join
RamPtrTable_F6CA63_Code_Skip2=sub_F6CB13_Skip
RamPtrTable_F6CA63_Code_Skip3=sub_F6CB13_Skip2
RoundMap_8_Code_Join=sub_F5DAA2_Join
RoundMap_8_Code_Skip=sub_F5DAA2_Skip
RoundMap_8_Code_Skip2=sub_F5DAA2_Skip2
RoundMap_8_Code_Skip3=sub_F5DAA2_Skip3
RoundMap_8_Code_Skip4=sub_F5DAA2_Skip4
RoundMap_8_Code_Skip5=sub_F5DAA2_Skip5
RoundMap_8_Code_Skip6=sub_F5DAA2_Skip6
RoundMap_8_Code_Skip7=sub_F5DAA2_Skip7
RoundMap_8_Code_Skip8=sub_F5DAA2_Skip8
RoundMap_Table_Code_Join=sub_F5DBD0_Join
RoundMap_Table_Code_Join2=sub_F5DBD0_Join2
RoundMap_Table_Code_Join3=sub_F5DBD0_Join3
RoundMap_Table_Code_Join4=sub_F5DBD0_Join4
RoundMap_Table_Code_Join5=sub_F5DBD0_Join5
RoundMap_Table_Code_Join6=sub_F5DBD0_Join6
RoundMap_Table_Code_Loop=sub_F5DBD0_Loop
RoundMap_Table_Code_Return=sub_F5DBD0_Return
RoundMap_Table_Code_Skip=sub_F5DBD0_Skip
RoundMap_Table_Code_Skip10=sub_F5DBD0_Skip10
RoundMap_Table_Code_Skip11=sub_F5DBD0_Skip11
RoundMap_Table_Code_Skip12=sub_F5DBD0_Skip12
RoundMap_Table_Code_Skip13=sub_F5DBD0_Skip13
RoundMap_Table_Code_Skip14=sub_F5DBD0_Skip14
RoundMap_Table_Code_Skip2=sub_F5DBD0_Skip2
RoundMap_Table_Code_Skip3=sub_F5DBD0_Skip3
RoundMap_Table_Code_Skip4=sub_F5DBD0_Skip4
RoundMap_Table_Code_Skip5=sub_F5DBD0_Skip5
RoundMap_Table_Code_Skip6=sub_F5DBD0_Skip6
RoundMap_Table_Code_Skip7=sub_F5DBD0_Skip7
RoundMap_Table_Code_Skip8=sub_F5DBD0_Skip8
RoundMap_Table_Code_Skip9=sub_F5DBD0_Skip9
SC1_RxOpTable_Code_Join=SC1_RxOp2_Join
SC1_RxOpTable_Code_Join2=SC1_RxOp6_Run_Join
SC1_RxOpTable_Code_Join3=SC1_TxEncode_Join
SC1_RxOpTable_Code_Loop=SC1_RxOp6_Run_Loop
SC1_RxOpTable_Code_Skip=SC1_RxOp0_ThreeByte_Skip
SC1_RxOpTable_Code_Skip2=SC1_RxOp2_Skip
SC1_RxOpTable_Code_Skip3=SC1_RxOp6_Run_Skip
SC1_RxOpTable_Code_Skip4=SC1_RxOp6_Run_Skip2
SC1_RxOpTable_Code_Skip5=SC1_RxOp6_Run_Skip3
SC1_RxOpTable_Code_Skip6=SC1_RxOp6_Run_Skip4
SC1_RxOpTable_Code_Skip7=SC1_TxEncode_Skip
SC1_RxOpTable_Code_Skip8=SC1_TxEncode_Skip2
SC1_StateTable_Code_Join=SC1_State20_RxFirstByte_Join
SC1_StateTable_Code_Join2=SC1_State20_RxFirstByte_Join2
SC1_StateTable_Code_Skip=SC1_State08_TxFromRing_Skip
SC1_StateTable_Code_Skip10=SC1_State24_RxNextByte_Skip2
SC1_StateTable_Code_Skip2=SC1_State08_TxFromRing_Skip2
SC1_StateTable_Code_Skip3=SC1_State10_TxFromRing_Skip
SC1_StateTable_Code_Skip4=SC1_State10_TxFromRing_Skip2
SC1_StateTable_Code_Skip5=SC1_State18_TxDone_Skip
SC1_StateTable_Code_Skip6=SC1_State20_RxFirstByte_Skip
SC1_StateTable_Code_Skip7=SC1_State20_RxFirstByte_Skip2
SC1_StateTable_Code_Skip8=SC1_State20_RxFirstByte_Skip3
SC1_StateTable_Code_Skip9=SC1_State24_RxNextByte_Skip
SC1_TxOpTable_Code_Loop=SC1_TxOp3_Run_Loop
SmfChunkTags_Code_Join=Smf_ReadFile_Join
SmfChunkTags_Code_Join2=Smf_ReadFile_Join2
SmfChunkTags_Code_Join3=Smf_ReadFile_Join3
SmfChunkTags_Code_Join4=Smf_ReadFile_Join4
SmfChunkTags_Code_Join5=Smf_ReadFile_Join5
SmfChunkTags_Code_Join6=Smf_ReadFile_Join6
SmfChunkTags_Code_Join7=Smf_ReadFile_Join7
SmfChunkTags_Code_Join8=Smf_ReadFile_Join8
SmfChunkTags_Code_Loop=Smf_ReadFile_Loop
SmfChunkTags_Code_Loop2=Smf_ReadFile_Loop2
SmfChunkTags_Code_Skip=Smf_ReadFile_Skip
SmfChunkTags_Code_Skip10=Smf_ReadFile_Skip10
SmfChunkTags_Code_Skip11=Smf_ReadFile_Skip11
SmfChunkTags_Code_Skip12=Smf_ReadFile_Skip12
SmfChunkTags_Code_Skip13=Smf_ReadFile_Skip13
SmfChunkTags_Code_Skip14=Smf_ReadFile_Skip14
SmfChunkTags_Code_Skip15=Smf_ReadFile_Skip15
SmfChunkTags_Code_Skip16=Smf_ReadFile_Skip16
SmfChunkTags_Code_Skip17=Smf_ReadFile_Skip17
SmfChunkTags_Code_Skip18=Smf_ReadFile_Skip18
SmfChunkTags_Code_Skip19=Smf_ReadFile_Skip19
SmfChunkTags_Code_Skip2=Smf_ReadFile_Skip2
SmfChunkTags_Code_Skip20=Smf_ReadFile_Skip20
SmfChunkTags_Code_Skip21=Smf_ReadFile_Skip21
SmfChunkTags_Code_Skip22=Smf_ReadFile_Skip22
SmfChunkTags_Code_Skip3=Smf_ReadFile_Skip3
SmfChunkTags_Code_Skip4=Smf_ReadFile_Skip4
SmfChunkTags_Code_Skip5=Smf_ReadFile_Skip5
SmfChunkTags_Code_Skip6=Smf_ReadFile_Skip6
SmfChunkTags_Code_Skip7=Smf_ReadFile_Skip7
SmfChunkTags_Code_Skip8=Smf_ReadFile_Skip8
SmfChunkTags_Code_Skip9=Smf_ReadFile_Skip9
SmfPartOffsets_F76911_Code_Loop=sub_F76953_Loop
SmfPartOffsets_F76911_Code_Return=sub_F76953_Return
SongStore_DispatchA_2_Code_Join=sub_F7C7BC_Join
SongStore_DispatchA_2_Code_Return=sub_F7C7F0_Return
SongStore_DispatchA_2_Code_Return2=sub_F7C853_Return
SongStore_DispatchA_2_Code_Skip=sub_F7C75C_Skip
SongStore_DispatchA_2_Code_Skip2=sub_F7C78C_Skip
SongStore_DispatchA_2_Code_Skip3=sub_F7C7BC_Skip
SongStore_DispatchA_2_Code_Skip4=sub_F7C7F0_Skip
SongStore_DispatchA_2_Code_Skip5=sub_F7C7F0_Skip2
SongStore_DispatchB_2_Code_Return=sub_F7CA6F_Return
SongStore_DispatchB_2_Code_Return2=sub_F7CAD2_Return
SongStore_DispatchB_2_Code_Return3=sub_F7CB12_Return
SongStore_DispatchB_2_Code_Skip=sub_F7C9C9_Skip
SongStore_DispatchB_2_Code_Skip2=sub_F7C9F5_Skip
SongStore_DispatchB_2_Code_Skip3=sub_F7CA6F_Skip
SongStore_DispatchB_2_Code_Skip4=sub_F7CA6F_Skip2
SongStore_DispatchC_2_Code_Join=sub_F7CC54_Join
SongStore_DispatchC_2_Code_Return=sub_F7CC7C_Return
SongStore_DispatchC_2_Code_Skip=sub_F7CBFA_Skip
SongStore_DispatchC_2_Code_Skip2=sub_F7CC27_Skip
SongStore_DispatchC_2_Code_Skip3=sub_F7CC54_Skip
SongStore_DispatchC_2_Code_Skip4=sub_F7CC7C_Skip
SongStore_DispatchC_2_Code_Skip5=sub_F7CC7C_Skip2
SongStore_Island_F7C2FA_Code_Join=sub_F7C326_Join
SongStore_Island_F7C2FA_Code_Return=sub_F7C326_Return
SongStore_Island_F7C2FA_Code_Return2=sub_F7C3B2_Return
SongStore_Island_F7C2FA_Code_Return3=sub_F7C3EE_Return
SongStore_Island_F7C2FA_Code_Return4=sub_F7C3FA_Return
SongStore_Island_F7C2FA_Code_Return5=sub_F7C41D_Return
SongStore_Island_F7C2FA_Code_Skip=sub_F7C326_Skip
SongStore_Island_F7C2FA_Code_Skip2=sub_F7C326_Skip2
SongStore_Island_F7C2FA_Code_Skip3=sub_F7C326_Skip3
SoundCodeByGroupMember_SevenBitGroup_Code_Skip=SoundEditController_PaintPage1_Skip
SoundCodeByGroupMember_SevenBitGroup_Code_Skip2=SoundEditController_PaintPage2_Skip
StateDispatchTable_F5693F_Code_Return=sub_F56953_Return
StateDispatchTable_F56A79_Code_Return=sub_F56A8D_Return
StateDispatchTable_F56A79_Code_Return2=sub_F56AB1_Return
StateDispatchTable_F56A79_Code_Return3=sub_F56AF3_Return
StateDispatchTable_F56A79_Code_Skip=sub_F56AB1_Skip
StateDispatchTable_F56A79_Code_Skip2=sub_F56AB1_Skip2
StateDispatchTable_F56A79_Code_Skip3=sub_F56AF3_Skip
StateDispatchTable_F5706A_Code_Return=sub_F5707E_Return
StateDispatchTable_F571A6_Code_Return=sub_F571BA_Return
StateDispatchTable_F571A6_Code_Return2=sub_F571D8_Return
StateDispatchTable_F571A6_Code_Return3=sub_F5721A_Return
StateDispatchTable_F571A6_Code_Skip=sub_F571D8_Skip
StateDispatchTable_F571A6_Code_Skip2=sub_F571D8_Skip2
StateDispatchTable_F571A6_Code_Skip3=sub_F5721A_Skip
Table_F4EF40_Code_Epilogue=sub_F4F02E_Epilogue
Table_F4EF40_Code_Join=sub_F4F02E_Join
Table_F4EF40_Code_Join2=sub_F4F02E_Join2
Table_F4EF40_Code_Join3=sub_F4F02E_Join3
Table_F4EF40_Code_Loop=sub_F4F02E_Loop
Table_F4EF40_Code_Skip=sub_F4F02E_Skip
Table_F4EF40_Code_Skip10=sub_F4F02E_Skip10
Table_F4EF40_Code_Skip11=sub_F4F02E_Skip11
Table_F4EF40_Code_Skip12=sub_F4F02E_Skip12
Table_F4EF40_Code_Skip13=sub_F4F02E_Skip13
Table_F4EF40_Code_Skip2=sub_F4F02E_Skip2
Table_F4EF40_Code_Skip3=sub_F4F02E_Skip3
Table_F4EF40_Code_Skip4=sub_F4F02E_Skip4
Table_F4EF40_Code_Skip5=sub_F4F02E_Skip5
Table_F4EF40_Code_Skip6=sub_F4F02E_Skip6
Table_F4EF40_Code_Skip7=sub_F4F02E_Skip7
Table_F4EF40_Code_Skip8=sub_F4F02E_Skip8
Table_F4EF40_Code_Skip9=sub_F4F02E_Skip9
Table_F7682E_Code_Epilogue=sub_F76836_Epilogue
Table_F7682E_Code_Epilogue2=sub_F76836_Epilogue2
Table_F7682E_Code_Loop=sub_F76836_Loop
Table_F7682E_Code_Loop2=sub_F76836_Loop2
Table_F7682E_Code_Skip=sub_F76836_Skip
Table_F7682E_Code_Skip2=sub_F76836_Skip2
Table_WsaSoundRamS0Wsa1_Code_Join=DiskFile_CheckSignature_Join
Table_WsaSoundRamS0Wsa1_Code_Join10=DiskFile_CheckSignature_Join10
Table_WsaSoundRamS0Wsa1_Code_Join11=DiskFile_CheckSignature_Join11
Table_WsaSoundRamS0Wsa1_Code_Join12=DiskFile_CheckSignature_Join12
Table_WsaSoundRamS0Wsa1_Code_Join2=DiskFile_CheckSignature_Join2
Table_WsaSoundRamS0Wsa1_Code_Join3=DiskFile_CheckSignature_Join3
Table_WsaSoundRamS0Wsa1_Code_Join4=DiskFile_CheckSignature_Join4
Table_WsaSoundRamS0Wsa1_Code_Join5=DiskFile_CheckSignature_Join5
Table_WsaSoundRamS0Wsa1_Code_Join6=DiskFile_CheckSignature_Join6
Table_WsaSoundRamS0Wsa1_Code_Join7=DiskFile_CheckSignature_Join7
Table_WsaSoundRamS0Wsa1_Code_Join8=DiskFile_CheckSignature_Join8
Table_WsaSoundRamS0Wsa1_Code_Join9=DiskFile_CheckSignature_Join9
Table_WsaSoundRamS0Wsa1_Code_Loop=DiskFile_CheckSignature_Loop
Table_WsaSoundRamS0Wsa1_Code_Loop2=DiskFile_CheckSignature_Loop2
Table_WsaSoundRamS0Wsa1_Code_Loop3=DiskFile_CheckSignature_Loop3
Table_WsaSoundRamS0Wsa1_Code_Skip=DiskFile_CheckSignature_Skip
Table_WsaSoundRamS0Wsa1_Code_Skip10=DiskFile_CheckSignature_Skip10
Table_WsaSoundRamS0Wsa1_Code_Skip11=DiskFile_CheckSignature_Skip11
Table_WsaSoundRamS0Wsa1_Code_Skip12=DiskFile_CheckSignature_Skip12
Table_WsaSoundRamS0Wsa1_Code_Skip13=DiskFile_CheckSignature_Skip13
Table_WsaSoundRamS0Wsa1_Code_Skip14=DiskFile_CheckSignature_Skip14
Table_WsaSoundRamS0Wsa1_Code_Skip15=DiskFile_CheckSignature_Skip15
Table_WsaSoundRamS0Wsa1_Code_Skip16=DiskFile_CheckSignature_Skip16
Table_WsaSoundRamS0Wsa1_Code_Skip17=DiskFile_CheckSignature_Skip17
Table_WsaSoundRamS0Wsa1_Code_Skip2=DiskFile_CheckSignature_Skip2
Table_WsaSoundRamS0Wsa1_Code_Skip3=DiskFile_CheckSignature_Skip3
Table_WsaSoundRamS0Wsa1_Code_Skip4=DiskFile_CheckSignature_Skip4
Table_WsaSoundRamS0Wsa1_Code_Skip5=DiskFile_CheckSignature_Skip5
Table_WsaSoundRamS0Wsa1_Code_Skip6=DiskFile_CheckSignature_Skip6
Table_WsaSoundRamS0Wsa1_Code_Skip7=DiskFile_CheckSignature_Skip7
Table_WsaSoundRamS0Wsa1_Code_Skip8=DiskFile_CheckSignature_Skip8
Table_WsaSoundRamS0Wsa1_Code_Skip9=DiskFile_CheckSignature_Skip9
Text_ExtTabEffectEnDis_Code_Skip=MsgLine_TotalReverb_Skip
Text_ExtTabEffectEnDis_Code_Skip2=MsgLine_TotalReverb_Skip2
Text_GAbABbBCDbDEbEFF_Code_Skip=MsgLine_AccompVolume_Skip
Unclaimed_F09E85_Code_Join=sub_F0A2AB_Join
Unclaimed_F09E85_Code_Join10=sub_F0AD75_Join2
Unclaimed_F09E85_Code_Join2=sub_F0A404_Join
Unclaimed_F09E85_Code_Join3=sub_F0A451_Join
Unclaimed_F09E85_Code_Join4=sub_F0AB4B_Join
Unclaimed_F09E85_Code_Join5=sub_F0AB4B_Join2
Unclaimed_F09E85_Code_Join6=sub_F0ABB9_Join
Unclaimed_F09E85_Code_Join7=sub_F0AC43_Join
Unclaimed_F09E85_Code_Join8=sub_F0AD36_Join
Unclaimed_F09E85_Code_Join9=sub_F0AD75_Join
Unclaimed_F09E85_Code_Skip=sub_F0A000_Skip
Unclaimed_F09E85_Code_Skip10=sub_F0A9BF_Skip
Unclaimed_F09E85_Code_Skip11=sub_F0AA10_Skip
Unclaimed_F09E85_Code_Skip12=sub_F0AA61_Skip
Unclaimed_F09E85_Code_Skip13=sub_F0AAB3_Skip
Unclaimed_F09E85_Code_Skip14=sub_F0AAF9_Skip
Unclaimed_F09E85_Code_Skip15=sub_F0AB4B_Skip
Unclaimed_F09E85_Code_Skip16=sub_F0AB4B_Skip2
Unclaimed_F09E85_Code_Skip17=sub_F0AB4B_Skip3
Unclaimed_F09E85_Code_Skip18=sub_F0ABB9_Skip
Unclaimed_F09E85_Code_Skip19=sub_F0ABB9_Skip2
Unclaimed_F09E85_Code_Skip2=sub_F0A051_Skip
Unclaimed_F09E85_Code_Skip20=sub_F0AC43_Skip
Unclaimed_F09E85_Code_Skip21=sub_F0AC43_Skip2
Unclaimed_F09E85_Code_Skip22=sub_F0AD36_Skip
Unclaimed_F09E85_Code_Skip23=sub_F0AD36_Skip2
Unclaimed_F09E85_Code_Skip24=sub_F0AD36_Skip3
Unclaimed_F09E85_Code_Skip25=sub_F0AD75_Skip
Unclaimed_F09E85_Code_Skip26=sub_F0AD75_Skip2
Unclaimed_F09E85_Code_Skip3=sub_F0A0B1_Skip
Unclaimed_F09E85_Code_Skip4=sub_F0A111_Skip
Unclaimed_F09E85_Code_Skip5=sub_F0A2AB_Skip
Unclaimed_F09E85_Code_Skip6=sub_F0A404_Skip
Unclaimed_F09E85_Code_Skip7=sub_F0A451_Skip
Unclaimed_F09E85_Code_Skip8=sub_F0A90E_Skip
Unclaimed_F09E85_Code_Skip9=sub_F0A95F_Skip
