sub_F00CDF=sub_F00CA2_Resume
sub_F00D20=sub_F00CE3_Resume
sub_F00D61=sub_F00D24_Resume
sub_F00DA2=sub_F00D65_Resume
sub_F0A03D=sub_F0A000_Resume
sub_F0A095=sub_F0A051_Resume
sub_F0A0F5=sub_F0A0B1_Resume
sub_F0A14E=sub_F0A111_Resume
sub_F0A94B=sub_F0A90E_Resume
sub_F0A9A3=sub_F0A95F_Resume
sub_F0A9FC=sub_F0A9BF_Resume
sub_F0AA4D=sub_F0AA10_Resume
sub_F0AA9E=sub_F0AA61_Resume
sub_F0AB36=sub_F0AAF9_Resume
sub_F0B948=sub_F0B91C_Resume
sub_F0B972=sub_F0B948_Resume
sub_F0B980=sub_F0B972_Resume
sub_F0C115=sub_F0C0BB_Resume
sub_F0C12D=sub_F0C115_Resume
sub_F0C170=sub_F0C12D_Resume
sub_F0C1AB=sub_F0C170_Resume
sub_F0C1B9=sub_F0C1AB_Resume
sub_F0C211=sub_F0C1B9_Resume
sub_F0C245=sub_F0C211_Resume
sub_F0C256=sub_F0C245_Resume
sub_F0C2E2=sub_F0C291_Resume
sub_F0C2F4=sub_F0C2E2_Resume
sub_F0C307=sub_F0C2F4_Resume
sub_F0C336=sub_F0C307_Resume
sub_F0C347=sub_F0C336_Resume
sub_F0C58C=sub_F0C528_Resume
sub_F0C5AE=sub_F0C58C_Resume
sub_F0C5C8=sub_F0C5AE_Resume
sub_F0C605=sub_F0C5C8_Resume
sub_F0C63F=sub_F0C616_Resume
sub_F0C64E=sub_F0C63F_Resume
sub_F0C65D=sub_F0C64E_Resume
sub_F0C66C=sub_F0C65D_Resume
sub_F0C67B=sub_F0C66C_Resume
sub_F0C6B0=sub_F0C67B_Resume
sub_F0F1A4=sub_F0F17C_Resume
sub_F0F8A3=sub_F0F820_Resume
sub_F0F8B9=sub_F0F8A3_Resume
sub_F0F8EC=sub_F0F8B9_Resume
sub_F0F900=sub_F0F8EC_Resume
sub_F0F914=sub_F0F900_Resume
sub_F0FE51=sub_F0FDCE_Resume
sub_F0FE67=sub_F0FE51_Resume
sub_F0FE7B=sub_F0FE67_Resume
sub_F0FE8F=sub_F0FE7B_Resume
sub_F0FEA3=sub_F0FE8F_Resume
sub_F10710=sub_F1069A_Resume
sub_F110FA=DspEffect_PaintParamEditor_Resume
sub_F12357=sub_F12334_Resume
sub_F3888C=sub_F38843_Resume
sub_F388A6=sub_F3888C_Resume
sub_F388B4=sub_F388A6_Resume
sub_F38903=sub_F388B4_Resume
sub_F38AA7=sub_F38A79_Resume
sub_F38AB8=sub_F38AA7_Resume
sub_F38AEC=sub_F38AB8_Resume
sub_F38AFD=sub_F38AEC_Resume
sub_F38B24=sub_F38AFD_Resume
sub_F38B32=sub_F38B24_Resume
sub_F38BBC=sub_F38B8E_Resume
sub_F38BCD=sub_F38BBC_Resume
sub_F38C01=sub_F38BCD_Resume
sub_F38C12=sub_F38C01_Resume
sub_F38C39=sub_F38C12_Resume
sub_F38C47=sub_F38C39_Resume
sub_F4C4D8=sub_F4C4B5_Resume
sub_F4C513=sub_F4C4DD_Resume
sub_F4C53A=sub_F4C513_Resume
sub_F4C54F=sub_F4C53A_Resume
sub_F4C576=sub_F4C54F_Resume
sub_F5304D=DrawbarScreen_Dispatch_Resume
sub_F531F4=sub_F531DC_Resume
